{
  "test_name": "IPFIX VMware virtual distributed switch",
  "events": [
    {
      "Timestamp": "2018-08-26T20:30:41.013545202Z",
      "Meta": null,
      "Fields": {
        "destination": {
          "ip": "172.18.65.211",
          "locality": "private",
          "port": 5985
        },
        "device": {
          "ip": "192.0.2.1"
        },
        "event": {
          "created": "2016-12-22T12:17:52Z",
          "duration": 0,
          "end": "0001-01-01T00:00:00Z",
          "start": "0001-01-01T00:00:00Z",
          "type": "IPFIX"
        },
        "flow": {
          "five_tuple": "172.18.65.21:61209 - 172.18.65.211:5985 TCP",
          "id": "-Sv1di8xiKE",
          "locality": "private",
          "sequence_num": 619
        },
        "netflow": {
          "destinationIPv4Address": "172.18.65.211",
          "destinationTransportPort": 5985,
          "egressInterface": 11,
          "flowDirection": 1,
          "flowEndMilliseconds": "2016-12-22T07:17:37-05:00",
          "flowEndReason": 1,
          "flowStartMilliseconds": "2016-12-22T07:17:37-05:00",
          "ingressInterface": 3,
          "ipClassOfService": 0,
          "layer2SegmentId": 0,
          "maximumTTL": 128,
          "octetDeltaCount": 100,
          "packetDeltaCount": 2,
          "paddingOctets": "AA==",
          "protocolIdentifier": 6,
          "sourceIPv4Address": "172.18.65.21",
          "sourceTransportPort": 61209,
          "tcpControlBits": 2,
          "template_id": 264
        },
        "network": {
          "direction": "outbound",
          "protocol": "TCP",
          "tcp": {
            "flags": [
              "SYN"
            ]
          },
          "total": {
            "bytes": 100,
            "packets": 2
          }
        },
        "source": {
          "ip": "172.18.65.21",
          "locality": "private",
          "port": 61209
        }
      },
      "Private": null
    },
    {
      "Timestamp": "2018-08-26T20:30:41.013545202Z",
      "Meta": null,
      "Fields": {
        "destination": {
          "ip": "172.18.65.255",
          "locality": "private",
          "port": 138
        },
        "device": {
          "ip": "192.0.2.1"
        },
        "event": {
          "created": "2016-12-22T12:17:56Z",
          "duration": 0,
          "end": "0001-01-01T00:00:00Z",
          "start": "0001-01-01T00:00:00Z",
          "type": "IPFIX"
        },
        "flow": {
          "five_tuple": "172.18.65.91:138 - 172.18.65.255:138 UDP",
          "id": "OQCLJ5IN83c",
          "locality": "private",
          "sequence_num": 621
        },
        "netflow": {
          "destinationIPv4Address": "172.18.65.255",
          "destinationTransportPort": 138,
          "egressInterface": 10,
          "flowDirection": 1,
          "flowEndMilliseconds": "2016-12-22T07:17:42-05:00",
          "flowEndReason": 1,
          "flowStartMilliseconds": "2016-12-22T07:17:42-05:00",
          "ingressInterface": 2,
          "ipClassOfService": 0,
          "layer2SegmentId": 0,
          "maximumTTL": 128,
          "octetDeltaCount": 229,
          "packetDeltaCount": 1,
          "paddingOctets": "AA==",
          "protocolIdentifier": 17,
          "sourceIPv4Address": "172.18.65.91",
          "sourceTransportPort": 138,
          "tcpControlBits": 0,
          "template_id": 266
        },
        "network": {
          "direction": "outbound",
          "protocol": "UDP",
          "total": {
            "bytes": 229,
            "packets": 1
          }
        },
        "source": {
          "ip": "172.18.65.91",
          "locality": "private",
          "port": 138
        }
      },
      "Private": null
    },
    {
      "Timestamp": "2018-08-26T20:30:41.013545202Z",
      "Meta": null,
      "Fields": {
        "destination": {
          "ip": "172.18.65.255",
          "locality": "private",
          "port": 138
        },
        "device": {
          "ip": "192.0.2.1"
        },
        "event": {
          "created": "2016-12-22T12:17:56Z",
          "duration": 0,
          "end": "0001-01-01T00:00:00Z",
          "start": "0001-01-01T00:00:00Z",
          "type": "IPFIX"
        },
        "flow": {
          "five_tuple": "172.18.65.91:138 - 172.18.65.255:138 UDP",
          "id": "OQCLJ5IN83c",
          "locality": "private",
          "sequence_num": 621
        },
        "netflow": {
          "destinationIPv4Address": "172.18.65.255",
          "destinationTransportPort": 138,
          "egressInterface": 11,
          "flowDirection": 1,
          "flowEndMilliseconds": "2016-12-22T07:17:42-05:00",
          "flowEndReason": 1,
          "flowStartMilliseconds": "2016-12-22T07:17:42-05:00",
          "ingressInterface": 3,
          "ipClassOfService": 0,
          "layer2SegmentId": 0,
          "maximumTTL": 128,
          "octetDeltaCount": 229,
          "packetDeltaCount": 1,
          "paddingOctets": "AA==",
          "protocolIdentifier": 17,
          "sourceIPv4Address": "172.18.65.91",
          "sourceTransportPort": 138,
          "tcpControlBits": 0,
          "template_id": 266
        },
        "network": {
          "direction": "outbound",
          "protocol": "UDP",
          "total": {
            "bytes": 229,
            "packets": 1
          }
        },
        "source": {
          "ip": "172.18.65.91",
          "locality": "private",
          "port": 138
        }
      },
      "Private": null
    },
    {
      "Timestamp": "2018-08-26T20:30:41.013545202Z",
      "Meta": null,
      "Fields": {
        "destination": {
          "ip": "224.0.0.252",
          "locality": "private",
          "port": 5355
        },
        "device": {
          "ip": "192.0.2.1"
        },
        "event": {
          "created": "2016-12-22T12:26:04Z",
          "duration": 0,
          "end": "0001-01-01T00:00:00Z",
          "start": "0001-01-01T00:00:00Z",
          "type": "IPFIX"
        },
        "flow": {
          "five_tuple": "172.18.65.21:61329 - 224.0.0.252:5355 UDP",
          "id": "xcyYrM-QBl0",
          "locality": "private",
          "sequence_num": 1032
        },
        "netflow": {
          "destinationIPv4Address": "224.0.0.252",
          "destinationTransportPort": 5355,
          "egressInterface": 11,
          "flowDirection": 1,
          "flowEndMilliseconds": "2016-12-22T07:25:49-05:00",
          "flowEndReason": 1,
          "flowStartMilliseconds": "2016-12-22T07:25:49-05:00",
          "ingressInterface": 3,
          "ipClassOfService": 0,
          "layer2SegmentId": 0,
          "maximumTTL": 1,
          "octetDeltaCount": 104,
          "packetDeltaCount": 2,
          "paddingOctets": "AA==",
          "protocolIdentifier": 17,
          "sourceIPv4Address": "172.18.65.21",
          "sourceTransportPort": 61329,
          "tcpControlBits": 0,
          "template_id": 266
        },
        "network": {
          "direction": "outbound",
          "protocol": "UDP",
          "total": {
            "bytes": 104,
            "packets": 2
          }
        },
        "source": {
          "ip": "172.18.65.21",
          "locality": "private",
          "port": 61329
        }
      },
      "Private": null
    },
    {
      "Timestamp": "2018-08-26T20:30:41.013545202Z",
      "Meta": null,
      "Fields": {
        "destination": {
          "ip": "ff02::1:3",
          "locality": "private",
          "port": 5355
        },
        "device": {
          "ip": "192.0.2.1"
        },
        "event": {
          "created": "2016-12-22T12:26:04Z",
          "duration": 0,
          "end": "0001-01-01T00:00:00Z",
          "start": "0001-01-01T00:00:00Z",
          "type": "IPFIX"
        },
        "flow": {
          "five_tuple": "fe80::5187:5cd8:d750:cdc9:61329 - ff02::1:3:5355 UDP",
          "id": "iOQ1bg2JOLM",
          "locality": "private",
          "sequence_num": 1032
        },
        "netflow": {
          "destinationIPv6Address": "ff02::1:3",
          "destinationTransportPort": 5355,
          "egressInterface": 11,
          "flowDirection": 1,
          "flowEndMilliseconds": "2016-12-22T07:25:49-05:00",
          "flowEndReason": 1,
          "flowStartMilliseconds": "2016-12-22T07:25:49-05:00",
          "ingressInterface": 3,
          "ipClassOfService": 0,
          "layer2SegmentId": 0,
          "maximumTTL": 1,
          "octetDeltaCount": 144,
          "packetDeltaCount": 2,
          "paddingOctets": "AA==",
          "protocolIdentifier": 17,
          "sourceIPv6Address": "fe80::5187:5cd8:d750:cdc9",
          "sourceTransportPort": 61329,
          "tcpControlBits": 0,
          "template_id": 267
        },
        "network": {
          "direction": "outbound",
          "protocol": "UDP",
          "total": {
            "bytes": 144,
            "packets": 2
          }
        },
        "source": {
          "ip": "fe80::5187:5cd8:d750:cdc9",
          "locality": "private",
          "port": 61329
        }
      },
      "Private": null
    }
  ]
}