{
  "test_name": "IPFIX Nokia BRAS",
  "events": [
    {
      "Timestamp": "2018-08-26T20:30:41.013545202Z",
      "Meta": null,
      "Fields": {
        "destination": {
          "ip": "10.0.0.34",
          "locality": "private",
          "port": 80
        },
        "device": {
          "ip": "192.0.2.1"
        },
        "event": {
          "created": "2017-12-14T07:23:45Z",
          "duration": 0,
          "end": "0001-01-01T00:00:00Z",
          "start": "0001-01-01T00:00:00Z",
          "type": "IPFIX"
        },
        "flow": {
          "five_tuple": "10.0.1.228:5878 - 10.0.0.34:80 TCP",
          "id": "aVnWxMM8qxI",
          "locality": "private",
          "sequence_num": 953
        },
        "netflow": {
          "destinationIPv4Address": "10.0.0.34",
          "destinationTransportPort": 80,
          "flowId": 3389049088,
          "flowStartMilliseconds": "2017-12-14T02:23:45.148-05:00",
          "observation_domain_id": 2228226,
          "paddingOctets": "AA==",
          "protocolIdentifier": 6,
          "sourceIPv4Address": "10.0.1.228",
          "sourceTransportPort": 5878,
          "template_id": 256
        },
        "network": {
          "protocol": "TCP",
          "total": {
            "bytes": 0,
            "packets": 0
          }
        },
        "source": {
          "ip": "10.0.1.228",
          "locality": "private",
          "port": 5878
        }
      },
      "Private": null
    }
  ]
}