{
  "test_name": "IPFIX Barracuda firewall",
  "events": [
    {
      "Timestamp": "2018-08-26T20:30:41.013545202Z",
      "Meta": null,
      "Fields": {
        "destination": {
          "ip": "10.99.252.50",
          "locality": "private",
          "port": 53
        },
        "device": {
          "ip": "192.0.2.1"
        },
        "event": {
          "created": "2017-06-29T13:58:28Z",
          "duration": 0,
          "end": "0001-01-01T00:00:00Z",
          "start": "0001-01-01T00:00:00Z",
          "type": "IPFIX"
        },
        "flow": {
          "five_tuple": "10.99.130.239:65105 - 10.99.252.50:53 UDP",
          "id": "2vFIarATx_4",
          "locality": "private",
          "sequence_num": 22938954
        },
        "netflow": {
          "destinationIPv4Address": "10.99.252.50",
          "destinationTransportPort": 53,
          "egressInterface": 26092,
          "firewallEvent": 2,
          "flowDurationMilliseconds": 20269,
          "flowEndSysUpTime": 2395395322,
          "flowStartSysUpTime": 2395375053,
          "ingressInterface": 48660,
          "octetDeltaCount": 0,
          "octetTotalCount": 65,
          "packetDeltaCount": 0,
          "packetTotalCount": 1,
          "protocolIdentifier": 17,
          "sourceIPv4Address": "10.99.130.239",
          "sourceMacAddress": "00:00:00:00:00:00",
          "sourceTransportPort": 65105,
          "template_id": 256
        },
        "network": {
          "protocol": "UDP",
          "total": {
            "bytes": 0,
            "packets": 0
          }
        },
        "source": {
          "ip": "10.99.130.239",
          "locality": "private",
          "mac": "00:00:00:00:00:00",
          "port": 65105
        }
      },
      "Private": null
    },
    {
      "Timestamp": "2018-08-26T20:30:41.013545202Z",
      "Meta": null,
      "Fields": {
        "destination": {
          "ip": "10.99.130.239",
          "locality": "private",
          "port": 65105
        },
        "device": {
          "ip": "192.0.2.1"
        },
        "event": {
          "created": "2017-06-29T13:58:28Z",
          "duration": 0,
          "end": "0001-01-01T00:00:00Z",
          "start": "0001-01-01T00:00:00Z",
          "type": "IPFIX"
        },
        "flow": {
          "five_tuple": "10.99.130.239:65105 - 10.99.252.50:53 UDP",
          "id": "2vFIarATx_4",
          "locality": "private",
          "sequence_num": 22938954
        },
        "netflow": {
          "destinationIPv4Address": "10.99.130.239",
          "destinationTransportPort": 65105,
          "egressInterface": 48660,
          "firewallEvent": 2,
          "flowDurationMilliseconds": 20269,
          "flowEndSysUpTime": 2395395322,
          "flowStartSysUpTime": 2395375053,
          "ingressInterface": 26092,
          "octetDeltaCount": 81,
          "octetTotalCount": 81,
          "packetDeltaCount": 1,
          "packetTotalCount": 1,
          "protocolIdentifier": 17,
          "sourceIPv4Address": "10.99.252.50",
          "sourceMacAddress": "00:00:00:00:00:00",
          "sourceTransportPort": 53,
          "template_id": 256
        },
        "network": {
          "protocol": "UDP",
          "total": {
            "bytes": 81,
            "packets": 1
          }
        },
        "source": {
          "ip": "10.99.252.50",
          "locality": "private",
          "mac": "00:00:00:00:00:00",
          "port": 53
        }
      },
      "Private": null
    },
    {
      "Timestamp": "2018-08-26T20:30:41.013545202Z",
      "Meta": null,
      "Fields": {
        "destination": {
          "ip": "10.98.243.20",
          "locality": "private",
          "port": 53
        },
        "device": {
          "ip": "192.0.2.1"
        },
        "event": {
          "created": "2017-06-29T13:58:28Z",
          "duration": 0,
          "end": "0001-01-01T00:00:00Z",
          "start": "0001-01-01T00:00:00Z",
          "type": "IPFIX"
        },
        "flow": {
          "five_tuple": "10.99.130.239:65105 - 10.98.243.20:53 UDP",
          "id": "wU3G8idsscw",
          "locality": "private",
          "sequence_num": 22938954
        },
        "netflow": {
          "destinationIPv4Address": "10.98.243.20",
          "destinationTransportPort": 53,
          "egressInterface": 41874,
          "firewallEvent": 2,
          "flowDurationMilliseconds": 20306,
          "flowEndSysUpTime": 2395395322,
          "flowStartSysUpTime": 2395375016,
          "ingressInterface": 48660,
          "octetDeltaCount": 0,
          "octetTotalCount": 65,
          "packetDeltaCount": 0,
          "packetTotalCount": 1,
          "protocolIdentifier": 17,
          "sourceIPv4Address": "10.99.130.239",
          "sourceMacAddress": "00:00:00:00:00:00",
          "sourceTransportPort": 65105,
          "template_id": 256
        },
        "network": {
          "protocol": "UDP",
          "total": {
            "bytes": 0,
            "packets": 0
          }
        },
        "source": {
          "ip": "10.99.130.239",
          "locality": "private",
          "mac": "00:00:00:00:00:00",
          "port": 65105
        }
      },
      "Private": null
    },
    {
      "Timestamp": "2018-08-26T20:30:41.013545202Z",
      "Meta": null,
      "Fields": {
        "destination": {
          "ip": "10.99.130.239",
          "locality": "private",
          "port": 65105
        },
        "device": {
          "ip": "192.0.2.1"
        },
        "event": {
          "created": "2017-06-29T13:58:28Z",
          "duration": 0,
          "end": "0001-01-01T00:00:00Z",
          "start": "0001-01-01T00:00:00Z",
          "type": "IPFIX"
        },
        "flow": {
          "five_tuple": "10.99.130.239:65105 - 10.98.243.20:53 UDP",
          "id": "wU3G8idsscw",
          "locality": "private",
          "sequence_num": 22938954
        },
        "netflow": {
          "destinationIPv4Address": "10.99.130.239",
          "destinationTransportPort": 65105,
          "egressInterface": 48660,
          "firewallEvent": 2,
          "flowDurationMilliseconds": 20306,
          "flowEndSysUpTime": 2395395322,
          "flowStartSysUpTime": 2395375016,
          "ingressInterface": 41874,
          "octetDeltaCount": 81,
          "octetTotalCount": 81,
          "packetDeltaCount": 1,
          "packetTotalCount": 1,
          "protocolIdentifier": 17,
          "sourceIPv4Address": "10.98.243.20",
          "sourceMacAddress": "00:00:00:00:00:00",
          "sourceTransportPort": 53,
          "template_id": 256
        },
        "network": {
          "protocol": "UDP",
          "total": {
            "bytes": 81,
            "packets": 1
          }
        },
        "source": {
          "ip": "10.98.243.20",
          "locality": "private",
          "mac": "00:00:00:00:00:00",
          "port": 53
        }
      },
      "Private": null
    },
    {
      "Timestamp": "2018-08-26T20:30:41.013545202Z",
      "Meta": null,
      "Fields": {
        "destination": {
          "ip": "10.98.243.20",
          "locality": "private",
          "port": 53
        },
        "device": {
          "ip": "192.0.2.1"
        },
        "event": {
          "created": "2017-06-29T13:58:28Z",
          "duration": 0,
          "end": "0001-01-01T00:00:00Z",
          "start": "0001-01-01T00:00:00Z",
          "type": "IPFIX"
        },
        "flow": {
          "five_tuple": "10.99.168.140:52344 - 10.98.243.20:53 UDP",
          "id": "rOmj8EdZ2dc",
          "locality": "private",
          "sequence_num": 22938954
        },
        "netflow": {
          "destinationIPv4Address": "10.98.243.20",
          "destinationTransportPort": 53,
          "egressInterface": 41874,
          "firewallEvent": 2,
          "flowDurationMilliseconds": 20317,
          "flowEndSysUpTime": 2395395322,
          "flowStartSysUpTime": 2395375005,
          "ingressInterface": 48660,
          "octetDeltaCount": 0,
          "octetTotalCount": 60,
          "packetDeltaCount": 0,
          "packetTotalCount": 1,
          "protocolIdentifier": 17,
          "sourceIPv4Address": "10.99.168.140",
          "sourceMacAddress": "00:00:00:00:00:00",
          "sourceTransportPort": 52344,
          "template_id": 256
        },
        "network": {
          "protocol": "UDP",
          "total": {
            "bytes": 0,
            "packets": 0
          }
        },
        "source": {
          "ip": "10.99.168.140",
          "locality": "private",
          "mac": "00:00:00:00:00:00",
          "port": 52344
        }
      },
      "Private": null
    },
    {
      "Timestamp": "2018-08-26T20:30:41.013545202Z",
      "Meta": null,
      "Fields": {
        "destination": {
          "ip": "10.99.168.140",
          "locality": "private",
          "port": 52344
        },
        "device": {
          "ip": "192.0.2.1"
        },
        "event": {
          "created": "2017-06-29T13:58:28Z",
          "duration": 0,
          "end": "0001-01-01T00:00:00Z",
          "start": "0001-01-01T00:00:00Z",
          "type": "IPFIX"
        },
        "flow": {
          "five_tuple": "10.99.168.140:52344 - 10.98.243.20:53 UDP",
          "id": "rOmj8EdZ2dc",
          "locality": "private",
          "sequence_num": 22938954
        },
        "netflow": {
          "destinationIPv4Address": "10.99.168.140",
          "destinationTransportPort": 52344,
          "egressInterface": 48660,
          "firewallEvent": 2,
          "flowDurationMilliseconds": 20317,
          "flowEndSysUpTime": 2395395322,
          "flowStartSysUpTime": 2395375005,
          "ingressInterface": 41874,
          "octetDeltaCount": 113,
          "octetTotalCount": 113,
          "packetDeltaCount": 1,
          "packetTotalCount": 1,
          "protocolIdentifier": 17,
          "sourceIPv4Address": "10.98.243.20",
          "sourceMacAddress": "00:00:00:00:00:00",
          "sourceTransportPort": 53,
          "template_id": 256
        },
        "network": {
          "protocol": "UDP",
          "total": {
            "bytes": 113,
            "packets": 1
          }
        },
        "source": {
          "ip": "10.98.243.20",
          "locality": "private",
          "mac": "00:00:00:00:00:00",
          "port": 53
        }
      },
      "Private": null
    },
    {
      "Timestamp": "2018-08-26T20:30:41.013545202Z",
      "Meta": null,
      "Fields": {
        "destination": {
          "ip": "10.98.243.20",
          "locality": "private",
          "port": 53
        },
        "device": {
          "ip": "192.0.2.1"
        },
        "event": {
          "created": "2017-06-29T13:58:28Z",
          "duration": 0,
          "end": "0001-01-01T00:00:00Z",
          "start": "0001-01-01T00:00:00Z",
          "type": "IPFIX"
        },
        "flow": {
          "five_tuple": "10.99.168.140:50294 - 10.98.243.20:53 UDP",
          "id": "JE7pThaMwJY",
          "locality": "private",
          "sequence_num": 22938954
        },
        "netflow": {
          "destinationIPv4Address": "10.98.243.20",
          "destinationTransportPort": 53,
          "egressInterface": 41874,
          "firewallEvent": 2,
          "flowDurationMilliseconds": 20368,
          "flowEndSysUpTime": 2395395322,
          "flowStartSysUpTime": 2395374954,
          "ingressInterface": 48660,
          "octetDeltaCount": 0,
          "octetTotalCount": 60,
          "packetDeltaCount": 0,
          "packetTotalCount": 1,
          "protocolIdentifier": 17,
          "sourceIPv4Address": "10.99.168.140",
          "sourceMacAddress": "00:00:00:00:00:00",
          "sourceTransportPort": 50294,
          "template_id": 256
        },
        "network": {
          "protocol": "UDP",
          "total": {
            "bytes": 0,
            "packets": 0
          }
        },
        "source": {
          "ip": "10.99.168.140",
          "locality": "private",
          "mac": "00:00:00:00:00:00",
          "port": 50294
        }
      },
      "Private": null
    },
    {
      "Timestamp": "2018-08-26T20:30:41.013545202Z",
      "Meta": null,
      "Fields": {
        "destination": {
          "ip": "10.99.168.140",
          "locality": "private",
          "port": 50294
        },
        "device": {
          "ip": "192.0.2.1"
        },
        "event": {
          "created": "2017-06-29T13:58:28Z",
          "duration": 0,
          "end": "0001-01-01T00:00:00Z",
          "start": "0001-01-01T00:00:00Z",
          "type": "IPFIX"
        },
        "flow": {
          "five_tuple": "10.99.168.140:50294 - 10.98.243.20:53 UDP",
          "id": "JE7pThaMwJY",
          "locality": "private",
          "sequence_num": 22938954
        },
        "netflow": {
          "destinationIPv4Address": "10.99.168.140",
          "destinationTransportPort": 50294,
          "egressInterface": 48660,
          "firewallEvent": 2,
          "flowDurationMilliseconds": 20368,
          "flowEndSysUpTime": 2395395322,
          "flowStartSysUpTime": 2395374954,
          "ingressInterface": 41874,
          "octetDeltaCount": 113,
          "octetTotalCount": 113,
          "packetDeltaCount": 1,
          "packetTotalCount": 1,
          "protocolIdentifier": 17,
          "sourceIPv4Address": "10.98.243.20",
          "sourceMacAddress": "00:00:00:00:00:00",
          "sourceTransportPort": 53,
          "template_id": 256
        },
        "network": {
          "protocol": "UDP",
          "total": {
            "bytes": 113,
            "packets": 1
          }
        },
        "source": {
          "ip": "10.98.243.20",
          "locality": "private",
          "mac": "00:00:00:00:00:00",
          "port": 53
        }
      },
      "Private": null
    }
  ]
}