{
  "test_name": "IPFIX Procera",
  "events": [
    {
      "Timestamp": "2018-08-26T20:30:41.013545202Z",
      "Meta": null,
      "Fields": {
        "destination": {
          "ip": "::",
          "locality": "private",
          "port": 47838
        },
        "device": {
          "ip": "192.0.2.1"
        },
        "event": {
          "created": "2018-04-15T03:30:00Z",
          "duration": 0,
          "end": "0001-01-01T00:00:00Z",
          "start": "0001-01-01T00:00:00Z",
          "type": "IPFIX"
        },
        "flow": {
          "five_tuple": ":::53787 - :::47838 TCP",
          "id": "eC8Cm_xCiTg",
          "locality": "private",
          "sequence_num": 19412
        },
        "netflow": {
          "bgpDestinationAsNumber": 7575,
          "bgpSourceAsNumber": 7575,
          "destinationIPv4Address": "138.44.161.14",
          "destinationIPv6Address": "::",
          "destinationTransportPort": 47838,
          "flowEndSeconds": "2018-04-14T23:29:02-04:00",
          "flowStartSeconds": "2018-04-14T23:26:50-04:00",
          "observation_domain_id": 2875616939,
          "protocolIdentifier": 6,
          "sourceIPv4Address": "181.214.87.71",
          "sourceIPv6Address": "::",
          "sourceTransportPort": 53787,
          "template_id": 52935
        },
        "network": {
          "protocol": "TCP",
          "total": {
            "bytes": 0,
            "packets": 0
          }
        },
        "source": {
          "ip": "::",
          "locality": "private",
          "port": 53787
        }
      },
      "Private": null
    },
    {
      "Timestamp": "2018-08-26T20:30:41.013545202Z",
      "Meta": null,
      "Fields": {
        "destination": {
          "ip": "2001:388:cf0a:6::2",
          "locality": "public",
          "port": 135
        },
        "device": {
          "ip": "192.0.2.1"
        },
        "event": {
          "created": "2018-04-15T03:30:00Z",
          "duration": 0,
          "end": "0001-01-01T00:00:00Z",
          "start": "0001-01-01T00:00:00Z",
          "type": "IPFIX"
        },
        "flow": {
          "five_tuple": "2001:388:cf0a:6::1:136 - 2001:388:cf0a:6::2:135 IPv6-ICMP",
          "id": "X3OGhHvHFKk",
          "locality": "public",
          "sequence_num": 19412
        },
        "netflow": {
          "bgpDestinationAsNumber": 0,
          "bgpSourceAsNumber": 0,
          "destinationIPv4Address": "0.0.0.0",
          "destinationIPv6Address": "2001:388:cf0a:6::2",
          "destinationTransportPort": 135,
          "flowEndSeconds": "2018-04-14T23:29:02-04:00",
          "flowStartSeconds": "2018-04-14T23:28:44-04:00",
          "observation_domain_id": 2875616939,
          "protocolIdentifier": 58,
          "sourceIPv4Address": "0.0.0.0",
          "sourceIPv6Address": "2001:388:cf0a:6::1",
          "sourceTransportPort": 136,
          "template_id": 52935
        },
        "network": {
          "protocol": "IPv6-ICMP",
          "total": {
            "bytes": 0,
            "packets": 0
          }
        },
        "source": {
          "ip": "2001:388:cf0a:6::1",
          "locality": "public",
          "port": 136
        }
      },
      "Private": null
    },
    {
      "Timestamp": "2018-08-26T20:30:41.013545202Z",
      "Meta": null,
      "Fields": {
        "destination": {
          "ip": "::",
          "locality": "private",
          "port": 22252
        },
        "device": {
          "ip": "192.0.2.1"
        },
        "event": {
          "created": "2018-04-15T03:30:00Z",
          "duration": 0,
          "end": "0001-01-01T00:00:00Z",
          "start": "0001-01-01T00:00:00Z",
          "type": "IPFIX"
        },
        "flow": {
          "five_tuple": ":::44155 - :::22252 TCP",
          "id": "G0Ozo__H_ZA",
          "locality": "private",
          "sequence_num": 19412
        },
        "netflow": {
          "bgpDestinationAsNumber": 7575,
          "bgpSourceAsNumber": 7575,
          "destinationIPv4Address": "138.44.161.14",
          "destinationIPv6Address": "::",
          "destinationTransportPort": 22252,
          "flowEndSeconds": "2018-04-14T23:29:06-04:00",
          "flowStartSeconds": "2018-04-14T23:27:00-04:00",
          "observation_domain_id": 2875616939,
          "protocolIdentifier": 6,
          "sourceIPv4Address": "5.188.11.35",
          "sourceIPv6Address": "::",
          "sourceTransportPort": 44155,
          "template_id": 52935
        },
        "network": {
          "protocol": "TCP",
          "total": {
            "bytes": 0,
            "packets": 0
          }
        },
        "source": {
          "ip": "::",
          "locality": "private",
          "port": 44155
        }
      },
      "Private": null
    },
    {
      "Timestamp": "2018-08-26T20:30:41.013545202Z",
      "Meta": null,
      "Fields": {
        "destination": {
          "ip": "::",
          "locality": "private",
          "port": 8
        },
        "device": {
          "ip": "192.0.2.1"
        },
        "event": {
          "created": "2018-04-15T03:30:00Z",
          "duration": 0,
          "end": "0001-01-01T00:00:00Z",
          "start": "0001-01-01T00:00:00Z",
          "type": "IPFIX"
        },
        "flow": {
          "five_tuple": ":::8 - :::0 ICMP",
          "id": "FBlSfdAL5lI",
          "locality": "private",
          "sequence_num": 19412
        },
        "netflow": {
          "bgpDestinationAsNumber": 7575,
          "bgpSourceAsNumber": 226,
          "destinationIPv4Address": "138.44.161.14",
          "destinationIPv6Address": "::",
          "destinationTransportPort": 8,
          "flowEndSeconds": "2018-04-14T23:29:46-04:00",
          "flowStartSeconds": "2018-04-14T23:29:02-04:00",
          "observation_domain_id": 2875616939,
          "protocolIdentifier": 1,
          "sourceIPv4Address": "206.117.25.89",
          "sourceIPv6Address": "::",
          "sourceTransportPort": 0,
          "template_id": 52935
        },
        "network": {
          "protocol": "ICMP",
          "total": {
            "bytes": 0,
            "packets": 0
          }
        },
        "source": {
          "ip": "::",
          "locality": "private"
        }
      },
      "Private": null
    },
    {
      "Timestamp": "2018-08-26T20:30:41.013545202Z",
      "Meta": null,
      "Fields": {
        "destination": {
          "ip": "2001:388:cf0a:6::2",
          "locality": "public",
          "port": 135
        },
        "device": {
          "ip": "192.0.2.1"
        },
        "event": {
          "created": "2018-04-15T03:30:00Z",
          "duration": 0,
          "end": "0001-01-01T00:00:00Z",
          "start": "0001-01-01T00:00:00Z",
          "type": "IPFIX"
        },
        "flow": {
          "five_tuple": "2001:388:cf0a:6::1:136 - 2001:388:cf0a:6::2:135 IPv6-ICMP",
          "id": "X3OGhHvHFKk",
          "locality": "public",
          "sequence_num": 19412
        },
        "netflow": {
          "bgpDestinationAsNumber": 0,
          "bgpSourceAsNumber": 0,
          "destinationIPv4Address": "0.0.0.0",
          "destinationIPv6Address": "2001:388:cf0a:6::2",
          "destinationTransportPort": 135,
          "flowEndSeconds": "2018-04-14T23:29:46-04:00",
          "flowStartSeconds": "2018-04-14T23:29:14-04:00",
          "observation_domain_id": 2875616939,
          "protocolIdentifier": 58,
          "sourceIPv4Address": "0.0.0.0",
          "sourceIPv6Address": "2001:388:cf0a:6::1",
          "sourceTransportPort": 136,
          "template_id": 52935
        },
        "network": {
          "protocol": "IPv6-ICMP",
          "total": {
            "bytes": 0,
            "packets": 0
          }
        },
        "source": {
          "ip": "2001:388:cf0a:6::1",
          "locality": "public",
          "port": 136
        }
      },
      "Private": null
    },
    {
      "Timestamp": "2018-08-26T20:30:41.013545202Z",
      "Meta": null,
      "Fields": {
        "destination": {
          "ip": "::",
          "locality": "private",
          "port": 7451
        },
        "device": {
          "ip": "192.0.2.1"
        },
        "event": {
          "created": "2018-04-15T03:30:00Z",
          "duration": 0,
          "end": "0001-01-01T00:00:00Z",
          "start": "0001-01-01T00:00:00Z",
          "type": "IPFIX"
        },
        "flow": {
          "five_tuple": ":::55869 - :::7451 TCP",
          "id": "Fnzanh6zxr0",
          "locality": "private",
          "sequence_num": 19412
        },
        "netflow": {
          "bgpDestinationAsNumber": 7575,
          "bgpSourceAsNumber": 7575,
          "destinationIPv4Address": "138.44.161.14",
          "destinationIPv6Address": "::",
          "destinationTransportPort": 7451,
          "flowEndSeconds": "2018-04-14T23:30:00-04:00",
          "flowStartSeconds": "2018-04-14T23:28:59-04:00",
          "observation_domain_id": 2875616939,
          "protocolIdentifier": 6,
          "sourceIPv4Address": "185.232.29.199",
          "sourceIPv6Address": "::",
          "sourceTransportPort": 55869,
          "template_id": 52935
        },
        "network": {
          "protocol": "TCP",
          "total": {
            "bytes": 0,
            "packets": 0
          }
        },
        "source": {
          "ip": "::",
          "locality": "private",
          "port": 55869
        }
      },
      "Private": null
    },
    {
      "Timestamp": "2018-08-26T20:30:41.013545202Z",
      "Meta": null,
      "Fields": {
        "destination": {
          "ip": "::",
          "locality": "private",
          "port": 2000
        },
        "device": {
          "ip": "192.0.2.1"
        },
        "event": {
          "created": "2018-04-15T03:30:00Z",
          "duration": 0,
          "end": "0001-01-01T00:00:00Z",
          "start": "0001-01-01T00:00:00Z",
          "type": "IPFIX"
        },
        "flow": {
          "five_tuple": ":::9430 - :::2000 TCP",
          "id": "bUCAbl0d8kU",
          "locality": "private",
          "sequence_num": 19412
        },
        "netflow": {
          "bgpDestinationAsNumber": 7575,
          "bgpSourceAsNumber": 7575,
          "destinationIPv4Address": "138.44.161.14",
          "destinationIPv6Address": "::",
          "destinationTransportPort": 2000,
          "flowEndSeconds": "2018-04-14T23:30:00-04:00",
          "flowStartSeconds": "2018-04-14T23:29:30-04:00",
          "observation_domain_id": 2875616939,
          "protocolIdentifier": 6,
          "sourceIPv4Address": "177.188.228.137",
          "sourceIPv6Address": "::",
          "sourceTransportPort": 9430,
          "template_id": 52935
        },
        "network": {
          "protocol": "TCP",
          "total": {
            "bytes": 0,
            "packets": 0
          }
        },
        "source": {
          "ip": "::",
          "locality": "private",
          "port": 9430
        }
      },
      "Private": null
    },
    {
      "Timestamp": "2018-08-26T20:30:41.013545202Z",
      "Meta": null,
      "Fields": {
        "destination": {
          "ip": "::",
          "locality": "private",
          "port": 179
        },
        "device": {
          "ip": "192.0.2.1"
        },
        "event": {
          "created": "2018-04-15T03:30:00Z",
          "duration": 0,
          "end": "0001-01-01T00:00:00Z",
          "start": "0001-01-01T00:00:00Z",
          "type": "IPFIX"
        },
        "flow": {
          "five_tuple": ":::33689 - :::179 TCP",
          "id": "C0eTg12tzq8",
          "locality": "private",
          "sequence_num": 19412
        },
        "netflow": {
          "bgpDestinationAsNumber": 7575,
          "bgpSourceAsNumber": 7575,
          "destinationIPv4Address": "138.44.161.13",
          "destinationIPv6Address": "::",
          "destinationTransportPort": 179,
          "flowEndSeconds": "2018-04-14T23:30:00-04:00",
          "flowStartSeconds": "2018-04-14T23:25:00-04:00",
          "observation_domain_id": 2875616939,
          "protocolIdentifier": 6,
          "sourceIPv4Address": "138.44.161.14",
          "sourceIPv6Address": "::",
          "sourceTransportPort": 33689,
          "template_id": 52935
        },
        "network": {
          "protocol": "TCP",
          "total": {
            "bytes": 0,
            "packets": 0
          }
        },
        "source": {
          "ip": "::",
          "locality": "private",
          "port": 33689
        }
      },
      "Private": null
    }
  ]
}