{
  "test_name": "IPFIX configured with include_flowset_id",
  "events": [
    {
      "Timestamp": "2018-08-26T20:30:41.013545202Z",
      "Meta": null,
      "Fields": {
        "destination": {
          "ip": "10.0.0.1",
          "locality": "private",
          "port": 443
        },
        "device": {
          "ip": "192.0.2.1"
        },
        "event": {
          "created": "2016-11-11T12:09:19Z",
          "duration": 0,
          "end": "0001-01-01T00:00:00Z",
          "start": "0001-01-01T00:00:00Z",
          "type": "IPFIX"
        },
        "flow": {
          "five_tuple": "192.168.0.1:51053 - 10.0.0.1:443 TCP",
          "id": "8wXIKNz6u_8",
          "locality": "private",
          "sequence_num": 383101
        },
        "netflow": {
          "destinationIPv4Address": "10.0.0.1",
          "destinationTransportPort": 443,
          "egressInterface": 2147483651,
          "exportingProcessId": 3,
          "flowEndMicroseconds": "1762-11-10T07:59:40.464785856-05:00",
          "flowId": 14460661,
          "flowStartMicroseconds": "1762-11-10T07:59:40.464785856-05:00",
          "ingressInterface": 8,
          "ipVersion": 4,
          "netscalerAaaUsername": "\u0000",
          "netscalerAppNameAppId": 240189440,
          "netscalerAppUnitNameAppId": 0,
          "netscalerConnectionChainHopCount": 1,
          "netscalerConnectionChainID": "AODtHJyoAwDvtCVYhIUGAA==",
          "netscalerConnectionId": 14460661,
          "netscalerFlowFlags": 84025344,
          "netscalerHttpContentType": "\u0000",
          "netscalerHttpDomainName": "\u0000",
          "netscalerHttpReqAuthorization": "\u0000",
          "netscalerHttpReqCookie": "\u0000",
          "netscalerHttpReqHost": "\u0000",
          "netscalerHttpReqMethod": "\u0000",
          "netscalerHttpReqReferer": "\u0000",
          "netscalerHttpReqUrl": "\u0000",
          "netscalerHttpReqUserAgent": "\u0000",
          "netscalerHttpReqVia": "\u0000",
          "netscalerHttpReqXForwardedFor": "\u0000",
          "netscalerHttpResForwFB": 17163184441650,
          "netscalerHttpResForwLB": 0,
          "netscalerTransactionId": 1068114973,
          "netscalerUnknown330": 0,
          "observationPointId": 167954698,
          "octetDeltaCount": 40,
          "packetDeltaCount": 1,
          "paddingOctets": "AAA=",
          "protocolIdentifier": 6,
          "sourceIPv4Address": "192.168.0.1",
          "sourceTransportPort": 51053,
          "tcpControlBits": 16,
          "template_id": 258
        },
        "network": {
          "protocol": "TCP",
          "tcp": {
            "flags": [
              "ACK"
            ]
          },
          "total": {
            "bytes": 40,
            "packets": 1
          }
        },
        "source": {
          "ip": "192.168.0.1",
          "locality": "private",
          "port": 51053
        }
      },
      "Private": null
    },
    {
      "Timestamp": "2018-08-26T20:30:41.013545202Z",
      "Meta": null,
      "Fields": {
        "destination": {
          "ip": "192.168.0.1",
          "locality": "private",
          "port": 51053
        },
        "device": {
          "ip": "192.0.2.1"
        },
        "event": {
          "created": "2016-11-11T12:09:19Z",
          "duration": 0,
          "end": "0001-01-01T00:00:00Z",
          "start": "0001-01-01T00:00:00Z",
          "type": "IPFIX"
        },
        "flow": {
          "five_tuple": "192.168.0.1:51053 - 10.0.0.1:443 TCP",
          "id": "8wXIKNz6u_8",
          "locality": "private",
          "sequence_num": 383101
        },
        "netflow": {
          "destinationIPv4Address": "192.168.0.1",
          "destinationTransportPort": 51053,
          "egressInterface": 6,
          "exportingProcessId": 3,
          "flowEndMicroseconds": "1762-11-10T07:59:40.343421856-05:00",
          "flowId": 14460662,
          "flowStartMicroseconds": "1762-11-10T07:59:40.343421856-05:00",
          "ingressInterface": 2147483651,
          "ipVersion": 4,
          "netscalerAppNameAppId": 240189440,
          "netscalerConnectionChainHopCount": 1,
          "netscalerConnectionChainID": "AODtHJyoAwDvtCVYhIUGAA==",
          "netscalerConnectionId": 14460661,
          "netscalerFlowFlags": 1157636096,
          "netscalerRoundTripTime": 83,
          "netscalerTransactionId": 1068114973,
          "netscalerUnknown329": 0,
          "netscalerUnknown331": 0,
          "netscalerUnknown332": 0,
          "observationPointId": 167954698,
          "octetDeltaCount": 1525,
          "packetDeltaCount": 2,
          "paddingOctets": "AAA=",
          "protocolIdentifier": 6,
          "sourceIPv4Address": "10.0.0.1",
          "sourceTransportPort": 443,
          "tcpControlBits": 24,
          "template_id": 257
        },
        "network": {
          "protocol": "TCP",
          "tcp": {
            "flags": [
              "PSH",
              "ACK"
            ]
          },
          "total": {
            "bytes": 1525,
            "packets": 2
          }
        },
        "source": {
          "ip": "10.0.0.1",
          "locality": "private",
          "port": 443
        }
      },
      "Private": null
    },
    {
      "Timestamp": "2018-08-26T20:30:41.013545202Z",
      "Meta": null,
      "Fields": {
        "destination": {
          "ip": "10.0.0.1",
          "locality": "private",
          "port": 443
        },
        "device": {
          "ip": "192.0.2.1"
        },
        "event": {
          "created": "2016-11-11T12:09:19Z",
          "duration": 0,
          "end": "0001-01-01T00:00:00Z",
          "start": "0001-01-01T00:00:00Z",
          "type": "IPFIX"
        },
        "flow": {
          "five_tuple": "192.168.0.1:51053 - 10.0.0.1:443 TCP",
          "id": "8wXIKNz6u_8",
          "locality": "private",
          "sequence_num": 383101
        },
        "netflow": {
          "destinationIPv4Address": "10.0.0.1",
          "destinationTransportPort": 443,
          "egressInterface": 2147483651,
          "exportingProcessId": 3,
          "flowEndMicroseconds": "1762-11-10T07:59:40.467794856-05:00",
          "flowId": 14460661,
          "flowStartMicroseconds": "1762-11-10T07:59:40.467794856-05:00",
          "ingressInterface": 8,
          "ipVersion": 4,
          "netscalerAaaUsername": "\u0000",
          "netscalerAppNameAppId": 240189440,
          "netscalerAppUnitNameAppId": 239927296,
          "netscalerConnectionChainHopCount": 1,
          "netscalerConnectionChainID": "AODtHJyoAwDvtCVYWWsIAA==",
          "netscalerConnectionId": 14460661,
          "netscalerFlowFlags": 84025344,
          "netscalerHttpContentType": "\u0000",
          "netscalerHttpDomainName": "www.kobo.com\u0000",
          "netscalerHttpReqAuthorization": "\u0000",
          "netscalerHttpReqCookie": "beer=123456789abcdefghijklmnopqrstuvw; AnotherCookie=1234567890abcdefghijklmnopqr; Shameless.Plug=Thankyou.Rakuten.Kobo.Inc.For.Allowing.me.time.to.work.on.this.and.contribute.back.to.the.community; Padding=aaaaaaaaaaaaaaaaaaaaaaaaaabbbbbbbbbbbbbbbbbbccccccccccccccddddddddddddddddddddddeeeeeeeeeeeeeeeeeeeeeffffffffffffffffffffffgggggggggggggggggggggggghhhhhhhhhhhhhhhhhiiiiiiiiiiiiiiiiiiiiiijjjjjjjjjjjjjjjjjjjjjjjjkkkkkkkkkkkkkkkkkklllllllllllllllmmmmmmmmmm; more=less; GJquote=There.is.no.spoon; GarrySays=Nice!!; LastPadding=aaaaaaaaaaaaabbbbbbbbbbbbbbbbbbbbcccccccccccccccccccdddddddddddeeeeeeee\u0000",
          "netscalerHttpReqHost": "www.kobo.com\u0000",
          "netscalerHttpReqMethod": "GET\u0000",
          "netscalerHttpReqReferer": "http://www.kobo.com/is-the-best-ebook-company-in-the-world\u0000",
          "netscalerHttpReqUrl": "/aa/bb/ccccc/ddddddddddddddddddddddddd\u0000",
          "netscalerHttpReqUserAgent": "Mozilla/5.0 (Commodore 64;  kobo.com) Gecko/20100101 Firefox/75.0\u0000",
          "netscalerHttpReqVia": "1.1 akamai.net(ghost) (AkamaiGHost)\u0000",
          "netscalerHttpReqXForwardedFor": "11.222.33.255\u0000",
          "netscalerHttpResForwFB": 0,
          "netscalerHttpResForwLB": 0,
          "netscalerTransactionId": 1068114985,
          "netscalerUnknown330": 0,
          "observationPointId": 167954698,
          "octetDeltaCount": 1541,
          "packetDeltaCount": 2,
          "paddingOctets": "AAA=",
          "protocolIdentifier": 6,
          "sourceIPv4Address": "192.168.0.1",
          "sourceTransportPort": 51053,
          "tcpControlBits": 24,
          "template_id": 258
        },
        "network": {
          "protocol": "TCP",
          "tcp": {
            "flags": [
              "PSH",
              "ACK"
            ]
          },
          "total": {
            "bytes": 1541,
            "packets": 2
          }
        },
        "source": {
          "ip": "192.168.0.1",
          "locality": "private",
          "port": 51053
        }
      },
      "Private": null
    }
  ]
}