{
  "test_name": "IPFIX options template from Juniper MX240 JunOS 15.1 R6 S3"
}