{
  "test_name": "Netflow 9 options template with scope fields"
}