{
  "test_name": "Netflow 9 Cisco WLC",
  "events": [
    {
      "Timestamp": "2018-08-26T20:30:41.013545202Z",
      "Meta": null,
      "Fields": {
        "destination": {
          "ip": "\u003cnil\u003e",
          "locality": "public"
        },
        "device": {
          "ip": "192.0.2.1"
        },
        "event": {
          "created": "2017-06-22T06:31:14Z",
          "duration": 0,
          "end": "0001-01-01T00:00:00Z",
          "start": "0001-01-01T00:00:00Z",
          "type": "NetFlow V9"
        },
        "flow": {
          "five_tuple": "\u003cnil\u003e:0 - \u003cnil\u003e:0 unknown (0)",
          "id": "APT3L7eoxkg",
          "locality": "public",
          "sequence_num": 78
        },
        "netflow": {
          "applicationId": "DQAB3w==",
          "flowDirection": 0,
          "ipDiffServCodePoint": 0,
          "octetDeltaCount": 3320,
          "packetDeltaCount": 83,
          "postIpDiffServCodePoint": 0,
          "staIPv4Address": "192.168.20.121",
          "staMacAddress": "34:02:86:75:c0:51",
          "template_id": 261,
          "wlanSSID": "Test-env\u0000\u0000\u0000\u0000\u0000\u0000\u0000\u0000\u0000\u0000\u0000\u0000\u0000\u0000\u0000\u0000\u0000\u0000\u0000\u0000\u0000\u0000\u0000\u0000\u0000",
          "wtpMacAddress": "00:f6:63:cc:80:60"
        },
        "network": {
          "direction": "inbound",
          "protocol": "unknown (0)",
          "total": {
            "bytes": 3320,
            "packets": 83
          }
        },
        "source": {
          "ip": "\u003cnil\u003e",
          "locality": "public"
        }
      },
      "Private": null
    },
    {
      "Timestamp": "2018-08-26T20:30:41.013545202Z",
      "Meta": null,
      "Fields": {
        "destination": {
          "ip": "\u003cnil\u003e",
          "locality": "public"
        },
        "device": {
          "ip": "192.0.2.1"
        },
        "event": {
          "created": "2017-06-22T06:31:14Z",
          "duration": 0,
          "end": "0001-01-01T00:00:00Z",
          "start": "0001-01-01T00:00:00Z",
          "type": "NetFlow V9"
        },
        "flow": {
          "five_tuple": "\u003cnil\u003e:0 - \u003cnil\u003e:0 unknown (0)",
          "id": "APT3L7eoxkg",
          "locality": "public",
          "sequence_num": 78
        },
        "netflow": {
          "applicationId": "DQAB3w==",
          "flowDirection": 1,
          "ipDiffServCodePoint": 0,
          "octetDeltaCount": 3320,
          "packetDeltaCount": 83,
          "postIpDiffServCodePoint": 0,
          "staIPv4Address": "192.168.20.121",
          "staMacAddress": "34:02:86:75:c0:51",
          "template_id": 261,
          "wlanSSID": "Test-env\u0000\u0000\u0000\u0000\u0000\u0000\u0000\u0000\u0000\u0000\u0000\u0000\u0000\u0000\u0000\u0000\u0000\u0000\u0000\u0000\u0000\u0000\u0000\u0000\u0000",
          "wtpMacAddress": "00:f6:63:cc:80:60"
        },
        "network": {
          "direction": "outbound",
          "protocol": "unknown (0)",
          "total": {
            "bytes": 3320,
            "packets": 83
          }
        },
        "source": {
          "ip": "\u003cnil\u003e",
          "locality": "public"
        }
      },
      "Private": null
    },
    {
      "Timestamp": "2018-08-26T20:30:41.013545202Z",
      "Meta": null,
      "Fields": {
        "destination": {
          "ip": "\u003cnil\u003e",
          "locality": "public"
        },
        "device": {
          "ip": "192.0.2.1"
        },
        "event": {
          "created": "2017-06-22T06:31:14Z",
          "duration": 0,
          "end": "0001-01-01T00:00:00Z",
          "start": "0001-01-01T00:00:00Z",
          "type": "NetFlow V9"
        },
        "flow": {
          "five_tuple": "\u003cnil\u003e:0 - \u003cnil\u003e:0 unknown (0)",
          "id": "APT3L7eoxkg",
          "locality": "public",
          "sequence_num": 78
        },
        "netflow": {
          "applicationId": "AwAANQ==",
          "flowDirection": 0,
          "ipDiffServCodePoint": 0,
          "octetDeltaCount": 7760,
          "packetDeltaCount": 69,
          "postIpDiffServCodePoint": 0,
          "staIPv4Address": "192.168.20.121",
          "staMacAddress": "34:02:86:75:c0:51",
          "template_id": 261,
          "wlanSSID": "Test-env\u0000\u0000\u0000\u0000\u0000\u0000\u0000\u0000\u0000\u0000\u0000\u0000\u0000\u0000\u0000\u0000\u0000\u0000\u0000\u0000\u0000\u0000\u0000\u0000\u0000",
          "wtpMacAddress": "00:f6:63:cc:80:60"
        },
        "network": {
          "direction": "inbound",
          "protocol": "unknown (0)",
          "total": {
            "bytes": 7760,
            "packets": 69
          }
        },
        "source": {
          "ip": "\u003cnil\u003e",
          "locality": "public"
        }
      },
      "Private": null
    },
    {
      "Timestamp": "2018-08-26T20:30:41.013545202Z",
      "Meta": null,
      "Fields": {
        "destination": {
          "ip": "\u003cnil\u003e",
          "locality": "public"
        },
        "device": {
          "ip": "192.0.2.1"
        },
        "event": {
          "created": "2017-06-22T06:31:14Z",
          "duration": 0,
          "end": "0001-01-01T00:00:00Z",
          "start": "0001-01-01T00:00:00Z",
          "type": "NetFlow V9"
        },
        "flow": {
          "five_tuple": "\u003cnil\u003e:0 - \u003cnil\u003e:0 unknown (0)",
          "id": "APT3L7eoxkg",
          "locality": "public",
          "sequence_num": 78
        },
        "netflow": {
          "applicationId": "AwAANQ==",
          "flowDirection": 1,
          "ipDiffServCodePoint": 0,
          "octetDeltaCount": 10229,
          "packetDeltaCount": 69,
          "postIpDiffServCodePoint": 0,
          "staIPv4Address": "192.168.20.121",
          "staMacAddress": "34:02:86:75:c0:51",
          "template_id": 261,
          "wlanSSID": "Test-env\u0000\u0000\u0000\u0000\u0000\u0000\u0000\u0000\u0000\u0000\u0000\u0000\u0000\u0000\u0000\u0000\u0000\u0000\u0000\u0000\u0000\u0000\u0000\u0000\u0000",
          "wtpMacAddress": "00:f6:63:cc:80:60"
        },
        "network": {
          "direction": "outbound",
          "protocol": "unknown (0)",
          "total": {
            "bytes": 10229,
            "packets": 69
          }
        },
        "source": {
          "ip": "\u003cnil\u003e",
          "locality": "public"
        }
      },
      "Private": null
    },
    {
      "Timestamp": "2018-08-26T20:30:41.013545202Z",
      "Meta": null,
      "Fields": {
        "destination": {
          "ip": "\u003cnil\u003e",
          "locality": "public"
        },
        "device": {
          "ip": "192.0.2.1"
        },
        "event": {
          "created": "2017-06-22T06:31:14Z",
          "duration": 0,
          "end": "0001-01-01T00:00:00Z",
          "start": "0001-01-01T00:00:00Z",
          "type": "NetFlow V9"
        },
        "flow": {
          "five_tuple": "\u003cnil\u003e:0 - \u003cnil\u003e:0 unknown (0)",
          "id": "APT3L7eoxkg",
          "locality": "public",
          "sequence_num": 78
        },
        "netflow": {
          "applicationId": "AwAAig==",
          "flowDirection": 0,
          "ipDiffServCodePoint": 0,
          "octetDeltaCount": 215,
          "packetDeltaCount": 1,
          "postIpDiffServCodePoint": 0,
          "staIPv4Address": "192.168.20.121",
          "staMacAddress": "34:02:86:75:c0:51",
          "template_id": 261,
          "wlanSSID": "Test-env\u0000\u0000\u0000\u0000\u0000\u0000\u0000\u0000\u0000\u0000\u0000\u0000\u0000\u0000\u0000\u0000\u0000\u0000\u0000\u0000\u0000\u0000\u0000\u0000\u0000",
          "wtpMacAddress": "00:f6:63:cc:80:60"
        },
        "network": {
          "direction": "inbound",
          "protocol": "unknown (0)",
          "total": {
            "bytes": 215,
            "packets": 1
          }
        },
        "source": {
          "ip": "\u003cnil\u003e",
          "locality": "public"
        }
      },
      "Private": null
    },
    {
      "Timestamp": "2018-08-26T20:30:41.013545202Z",
      "Meta": null,
      "Fields": {
        "destination": {
          "ip": "\u003cnil\u003e",
          "locality": "public"
        },
        "device": {
          "ip": "192.0.2.1"
        },
        "event": {
          "created": "2017-06-22T06:31:14Z",
          "duration": 0,
          "end": "0001-01-01T00:00:00Z",
          "start": "0001-01-01T00:00:00Z",
          "type": "NetFlow V9"
        },
        "flow": {
          "five_tuple": "\u003cnil\u003e:0 - \u003cnil\u003e:0 unknown (0)",
          "id": "APT3L7eoxkg",
          "locality": "public",
          "sequence_num": 78
        },
        "netflow": {
          "applicationId": "DQAAAQ==",
          "flowDirection": 0,
          "ipDiffServCodePoint": 0,
          "octetDeltaCount": 40854,
          "packetDeltaCount": 225,
          "postIpDiffServCodePoint": 0,
          "staIPv4Address": "192.168.20.121",
          "staMacAddress": "34:02:86:75:c0:51",
          "template_id": 261,
          "wlanSSID": "Test-env\u0000\u0000\u0000\u0000\u0000\u0000\u0000\u0000\u0000\u0000\u0000\u0000\u0000\u0000\u0000\u0000\u0000\u0000\u0000\u0000\u0000\u0000\u0000\u0000\u0000",
          "wtpMacAddress": "00:f6:63:cc:80:60"
        },
        "network": {
          "direction": "inbound",
          "protocol": "unknown (0)",
          "total": {
            "bytes": 40854,
            "packets": 225
          }
        },
        "source": {
          "ip": "\u003cnil\u003e",
          "locality": "public"
        }
      },
      "Private": null
    },
    {
      "Timestamp": "2018-08-26T20:30:41.013545202Z",
      "Meta": null,
      "Fields": {
        "destination": {
          "ip": "\u003cnil\u003e",
          "locality": "public"
        },
        "device": {
          "ip": "192.0.2.1"
        },
        "event": {
          "created": "2017-06-22T06:31:14Z",
          "duration": 0,
          "end": "0001-01-01T00:00:00Z",
          "start": "0001-01-01T00:00:00Z",
          "type": "NetFlow V9"
        },
        "flow": {
          "five_tuple": "\u003cnil\u003e:0 - \u003cnil\u003e:0 unknown (0)",
          "id": "APT3L7eoxkg",
          "locality": "public",
          "sequence_num": 78
        },
        "netflow": {
          "applicationId": "DQAAAQ==",
          "flowDirection": 1,
          "ipDiffServCodePoint": 0,
          "octetDeltaCount": 35866,
          "packetDeltaCount": 154,
          "postIpDiffServCodePoint": 0,
          "staIPv4Address": "192.168.20.121",
          "staMacAddress": "34:02:86:75:c0:51",
          "template_id": 261,
          "wlanSSID": "Test-env\u0000\u0000\u0000\u0000\u0000\u0000\u0000\u0000\u0000\u0000\u0000\u0000\u0000\u0000\u0000\u0000\u0000\u0000\u0000\u0000\u0000\u0000\u0000\u0000\u0000",
          "wtpMacAddress": "00:f6:63:cc:80:60"
        },
        "network": {
          "direction": "outbound",
          "protocol": "unknown (0)",
          "total": {
            "bytes": 35866,
            "packets": 154
          }
        },
        "source": {
          "ip": "\u003cnil\u003e",
          "locality": "public"
        }
      },
      "Private": null
    },
    {
      "Timestamp": "2018-08-26T20:30:41.013545202Z",
      "Meta": null,
      "Fields": {
        "destination": {
          "ip": "\u003cnil\u003e",
          "locality": "public"
        },
        "device": {
          "ip": "192.0.2.1"
        },
        "event": {
          "created": "2017-06-22T06:31:14Z",
          "duration": 0,
          "end": "0001-01-01T00:00:00Z",
          "start": "0001-01-01T00:00:00Z",
          "type": "NetFlow V9"
        },
        "flow": {
          "five_tuple": "\u003cnil\u003e:0 - \u003cnil\u003e:0 unknown (0)",
          "id": "APT3L7eoxkg",
          "locality": "public",
          "sequence_num": 78
        },
        "netflow": {
          "applicationId": "AwAAUA==",
          "flowDirection": 0,
          "ipDiffServCodePoint": 0,
          "octetDeltaCount": 12279,
          "packetDeltaCount": 63,
          "postIpDiffServCodePoint": 0,
          "staIPv4Address": "192.168.20.121",
          "staMacAddress": "34:02:86:75:c0:51",
          "template_id": 261,
          "wlanSSID": "Test-env\u0000\u0000\u0000\u0000\u0000\u0000\u0000\u0000\u0000\u0000\u0000\u0000\u0000\u0000\u0000\u0000\u0000\u0000\u0000\u0000\u0000\u0000\u0000\u0000\u0000",
          "wtpMacAddress": "00:f6:63:cc:80:60"
        },
        "network": {
          "direction": "inbound",
          "protocol": "unknown (0)",
          "total": {
            "bytes": 12279,
            "packets": 63
          }
        },
        "source": {
          "ip": "\u003cnil\u003e",
          "locality": "public"
        }
      },
      "Private": null
    },
    {
      "Timestamp": "2018-08-26T20:30:41.013545202Z",
      "Meta": null,
      "Fields": {
        "destination": {
          "ip": "\u003cnil\u003e",
          "locality": "public"
        },
        "device": {
          "ip": "192.0.2.1"
        },
        "event": {
          "created": "2017-06-22T06:31:14Z",
          "duration": 0,
          "end": "0001-01-01T00:00:00Z",
          "start": "0001-01-01T00:00:00Z",
          "type": "NetFlow V9"
        },
        "flow": {
          "five_tuple": "\u003cnil\u003e:0 - \u003cnil\u003e:0 unknown (0)",
          "id": "APT3L7eoxkg",
          "locality": "public",
          "sequence_num": 78
        },
        "netflow": {
          "applicationId": "AwAAUA==",
          "flowDirection": 1,
          "ipDiffServCodePoint": 0,
          "octetDeltaCount": 27287,
          "packetDeltaCount": 61,
          "postIpDiffServCodePoint": 0,
          "staIPv4Address": "192.168.20.121",
          "staMacAddress": "34:02:86:75:c0:51",
          "template_id": 261,
          "wlanSSID": "Test-env\u0000\u0000\u0000\u0000\u0000\u0000\u0000\u0000\u0000\u0000\u0000\u0000\u0000\u0000\u0000\u0000\u0000\u0000\u0000\u0000\u0000\u0000\u0000\u0000\u0000",
          "wtpMacAddress": "00:f6:63:cc:80:60"
        },
        "network": {
          "direction": "outbound",
          "protocol": "unknown (0)",
          "total": {
            "bytes": 27287,
            "packets": 61
          }
        },
        "source": {
          "ip": "\u003cnil\u003e",
          "locality": "public"
        }
      },
      "Private": null
    },
    {
      "Timestamp": "2018-08-26T20:30:41.013545202Z",
      "Meta": null,
      "Fields": {
        "destination": {
          "ip": "\u003cnil\u003e",
          "locality": "public"
        },
        "device": {
          "ip": "192.0.2.1"
        },
        "event": {
          "created": "2017-06-22T06:31:14Z",
          "duration": 0,
          "end": "0001-01-01T00:00:00Z",
          "start": "0001-01-01T00:00:00Z",
          "type": "NetFlow V9"
        },
        "flow": {
          "five_tuple": "\u003cnil\u003e:0 - \u003cnil\u003e:0 unknown (0)",
          "id": "APT3L7eoxkg",
          "locality": "public",
          "sequence_num": 78
        },
        "netflow": {
          "applicationId": "DQABxQ==",
          "flowDirection": 0,
          "ipDiffServCodePoint": 0,
          "octetDeltaCount": 147145,
          "packetDeltaCount": 773,
          "postIpDiffServCodePoint": 0,
          "staIPv4Address": "192.168.20.121",
          "staMacAddress": "34:02:86:75:c0:51",
          "template_id": 261,
          "wlanSSID": "Test-env\u0000\u0000\u0000\u0000\u0000\u0000\u0000\u0000\u0000\u0000\u0000\u0000\u0000\u0000\u0000\u0000\u0000\u0000\u0000\u0000\u0000\u0000\u0000\u0000\u0000",
          "wtpMacAddress": "00:f6:63:cc:80:60"
        },
        "network": {
          "direction": "inbound",
          "protocol": "unknown (0)",
          "total": {
            "bytes": 147145,
            "packets": 773
          }
        },
        "source": {
          "ip": "\u003cnil\u003e",
          "locality": "public"
        }
      },
      "Private": null
    },
    {
      "Timestamp": "2018-08-26T20:30:41.013545202Z",
      "Meta": null,
      "Fields": {
        "destination": {
          "ip": "\u003cnil\u003e",
          "locality": "public"
        },
        "device": {
          "ip": "192.0.2.1"
        },
        "event": {
          "created": "2017-06-22T06:31:14Z",
          "duration": 0,
          "end": "0001-01-01T00:00:00Z",
          "start": "0001-01-01T00:00:00Z",
          "type": "NetFlow V9"
        },
        "flow": {
          "five_tuple": "\u003cnil\u003e:0 - \u003cnil\u003e:0 unknown (0)",
          "id": "APT3L7eoxkg",
          "locality": "public",
          "sequence_num": 78
        },
        "netflow": {
          "applicationId": "DQABxQ==",
          "flowDirection": 1,
          "ipDiffServCodePoint": 0,
          "octetDeltaCount": 1182695,
          "packetDeltaCount": 1379,
          "postIpDiffServCodePoint": 0,
          "staIPv4Address": "192.168.20.121",
          "staMacAddress": "34:02:86:75:c0:51",
          "template_id": 261,
          "wlanSSID": "Test-env\u0000\u0000\u0000\u0000\u0000\u0000\u0000\u0000\u0000\u0000\u0000\u0000\u0000\u0000\u0000\u0000\u0000\u0000\u0000\u0000\u0000\u0000\u0000\u0000\u0000",
          "wtpMacAddress": "00:f6:63:cc:80:60"
        },
        "network": {
          "direction": "outbound",
          "protocol": "unknown (0)",
          "total": {
            "bytes": 1182695,
            "packets": 1379
          }
        },
        "source": {
          "ip": "\u003cnil\u003e",
          "locality": "public"
        }
      },
      "Private": null
    },
    {
      "Timestamp": "2018-08-26T20:30:41.013545202Z",
      "Meta": null,
      "Fields": {
        "destination": {
          "ip": "\u003cnil\u003e",
          "locality": "public"
        },
        "device": {
          "ip": "192.0.2.1"
        },
        "event": {
          "created": "2017-06-22T06:31:14Z",
          "duration": 0,
          "end": "0001-01-01T00:00:00Z",
          "start": "0001-01-01T00:00:00Z",
          "type": "NetFlow V9"
        },
        "flow": {
          "five_tuple": "\u003cnil\u003e:0 - \u003cnil\u003e:0 unknown (0)",
          "id": "APT3L7eoxkg",
          "locality": "public",
          "sequence_num": 78
        },
        "netflow": {
          "applicationId": "DQACCA==",
          "flowDirection": 0,
          "ipDiffServCodePoint": 0,
          "octetDeltaCount": 6777,
          "packetDeltaCount": 26,
          "postIpDiffServCodePoint": 0,
          "staIPv4Address": "192.168.20.121",
          "staMacAddress": "34:02:86:75:c0:51",
          "template_id": 261,
          "wlanSSID": "Test-env\u0000\u0000\u0000\u0000\u0000\u0000\u0000\u0000\u0000\u0000\u0000\u0000\u0000\u0000\u0000\u0000\u0000\u0000\u0000\u0000\u0000\u0000\u0000\u0000\u0000",
          "wtpMacAddress": "00:f6:63:cc:80:60"
        },
        "network": {
          "direction": "inbound",
          "protocol": "unknown (0)",
          "total": {
            "bytes": 6777,
            "packets": 26
          }
        },
        "source": {
          "ip": "\u003cnil\u003e",
          "locality": "public"
        }
      },
      "Private": null
    },
    {
      "Timestamp": "2018-08-26T20:30:41.013545202Z",
      "Meta": null,
      "Fields": {
        "destination": {
          "ip": "\u003cnil\u003e",
          "locality": "public"
        },
        "device": {
          "ip": "192.0.2.1"
        },
        "event": {
          "created": "2017-06-22T06:31:14Z",
          "duration": 0,
          "end": "0001-01-01T00:00:00Z",
          "start": "0001-01-01T00:00:00Z",
          "type": "NetFlow V9"
        },
        "flow": {
          "five_tuple": "\u003cnil\u003e:0 - \u003cnil\u003e:0 unknown (0)",
          "id": "APT3L7eoxkg",
          "locality": "public",
          "sequence_num": 78
        },
        "netflow": {
          "applicationId": "DQACCA==",
          "flowDirection": 1,
          "ipDiffServCodePoint": 0,
          "octetDeltaCount": 8625,
          "packetDeltaCount": 26,
          "postIpDiffServCodePoint": 0,
          "staIPv4Address": "192.168.20.121",
          "staMacAddress": "34:02:86:75:c0:51",
          "template_id": 261,
          "wlanSSID": "Test-env\u0000\u0000\u0000\u0000\u0000\u0000\u0000\u0000\u0000\u0000\u0000\u0000\u0000\u0000\u0000\u0000\u0000\u0000\u0000\u0000\u0000\u0000\u0000\u0000\u0000",
          "wtpMacAddress": "00:f6:63:cc:80:60"
        },
        "network": {
          "direction": "outbound",
          "protocol": "unknown (0)",
          "total": {
            "bytes": 8625,
            "packets": 26
          }
        },
        "source": {
          "ip": "\u003cnil\u003e",
          "locality": "public"
        }
      },
      "Private": null
    },
    {
      "Timestamp": "2018-08-26T20:30:41.013545202Z",
      "Meta": null,
      "Fields": {
        "destination": {
          "ip": "\u003cnil\u003e",
          "locality": "public"
        },
        "device": {
          "ip": "192.0.2.1"
        },
        "event": {
          "created": "2017-06-22T06:31:14Z",
          "duration": 0,
          "end": "0001-01-01T00:00:00Z",
          "start": "0001-01-01T00:00:00Z",
          "type": "NetFlow V9"
        },
        "flow": {
          "five_tuple": "\u003cnil\u003e:0 - \u003cnil\u003e:0 unknown (0)",
          "id": "APT3L7eoxkg",
          "locality": "public",
          "sequence_num": 78
        },
        "netflow": {
          "applicationId": "AwABuw==",
          "flowDirection": 0,
          "ipDiffServCodePoint": 0,
          "octetDeltaCount": 2433001,
          "packetDeltaCount": 20434,
          "postIpDiffServCodePoint": 0,
          "staIPv4Address": "192.168.20.121",
          "staMacAddress": "34:02:86:75:c0:51",
          "template_id": 261,
          "wlanSSID": "Test-env\u0000\u0000\u0000\u0000\u0000\u0000\u0000\u0000\u0000\u0000\u0000\u0000\u0000\u0000\u0000\u0000\u0000\u0000\u0000\u0000\u0000\u0000\u0000\u0000\u0000",
          "wtpMacAddress": "00:f6:63:cc:80:60"
        },
        "network": {
          "direction": "inbound",
          "protocol": "unknown (0)",
          "total": {
            "bytes": 2433001,
            "packets": 20434
          }
        },
        "source": {
          "ip": "\u003cnil\u003e",
          "locality": "public"
        }
      },
      "Private": null
    },
    {
      "Timestamp": "2018-08-26T20:30:41.013545202Z",
      "Meta": null,
      "Fields": {
        "destination": {
          "ip": "\u003cnil\u003e",
          "locality": "public"
        },
        "device": {
          "ip": "192.0.2.1"
        },
        "event": {
          "created": "2017-06-22T06:31:14Z",
          "duration": 0,
          "end": "0001-01-01T00:00:00Z",
          "start": "0001-01-01T00:00:00Z",
          "type": "NetFlow V9"
        },
        "flow": {
          "five_tuple": "\u003cnil\u003e:0 - \u003cnil\u003e:0 unknown (0)",
          "id": "APT3L7eoxkg",
          "locality": "public",
          "sequence_num": 78
        },
        "netflow": {
          "applicationId": "AwABuw==",
          "flowDirection": 1,
          "ipDiffServCodePoint": 0,
          "octetDeltaCount": 56599680,
          "packetDeltaCount": 40726,
          "postIpDiffServCodePoint": 0,
          "staIPv4Address": "192.168.20.121",
          "staMacAddress": "34:02:86:75:c0:51",
          "template_id": 261,
          "wlanSSID": "Test-env\u0000\u0000\u0000\u0000\u0000\u0000\u0000\u0000\u0000\u0000\u0000\u0000\u0000\u0000\u0000\u0000\u0000\u0000\u0000\u0000\u0000\u0000\u0000\u0000\u0000",
          "wtpMacAddress": "00:f6:63:cc:80:60"
        },
        "network": {
          "direction": "outbound",
          "protocol": "unknown (0)",
          "total": {
            "bytes": 56599680,
            "packets": 40726
          }
        },
        "source": {
          "ip": "\u003cnil\u003e",
          "locality": "public"
        }
      },
      "Private": null
    },
    {
      "Timestamp": "2018-08-26T20:30:41.013545202Z",
      "Meta": null,
      "Fields": {
        "destination": {
          "ip": "\u003cnil\u003e",
          "locality": "public"
        },
        "device": {
          "ip": "192.0.2.1"
        },
        "event": {
          "created": "2017-06-22T06:31:14Z",
          "duration": 0,
          "end": "0001-01-01T00:00:00Z",
          "start": "0001-01-01T00:00:00Z",
          "type": "NetFlow V9"
        },
        "flow": {
          "five_tuple": "\u003cnil\u003e:0 - \u003cnil\u003e:0 unknown (0)",
          "id": "APT3L7eoxkg",
          "locality": "public",
          "sequence_num": 78
        },
        "netflow": {
          "applicationId": "AQAAAQ==",
          "flowDirection": 0,
          "ipDiffServCodePoint": 0,
          "octetDeltaCount": 1658,
          "packetDeltaCount": 15,
          "postIpDiffServCodePoint": 0,
          "staIPv4Address": "192.168.20.121",
          "staMacAddress": "34:02:86:75:c0:51",
          "template_id": 261,
          "wlanSSID": "Test-env\u0000\u0000\u0000\u0000\u0000\u0000\u0000\u0000\u0000\u0000\u0000\u0000\u0000\u0000\u0000\u0000\u0000\u0000\u0000\u0000\u0000\u0000\u0000\u0000\u0000",
          "wtpMacAddress": "00:f6:63:cc:80:60"
        },
        "network": {
          "direction": "inbound",
          "protocol": "unknown (0)",
          "total": {
            "bytes": 1658,
            "packets": 15
          }
        },
        "source": {
          "ip": "\u003cnil\u003e",
          "locality": "public"
        }
      },
      "Private": null
    },
    {
      "Timestamp": "2018-08-26T20:30:41.013545202Z",
      "Meta": null,
      "Fields": {
        "destination": {
          "ip": "\u003cnil\u003e",
          "locality": "public"
        },
        "device": {
          "ip": "192.0.2.1"
        },
        "event": {
          "created": "2017-06-22T06:31:14Z",
          "duration": 0,
          "end": "0001-01-01T00:00:00Z",
          "start": "0001-01-01T00:00:00Z",
          "type": "NetFlow V9"
        },
        "flow": {
          "five_tuple": "\u003cnil\u003e:0 - \u003cnil\u003e:0 unknown (0)",
          "id": "APT3L7eoxkg",
          "locality": "public",
          "sequence_num": 78
        },
        "netflow": {
          "applicationId": "AQAAAQ==",
          "flowDirection": 1,
          "ipDiffServCodePoint": 0,
          "octetDeltaCount": 950,
          "packetDeltaCount": 14,
          "postIpDiffServCodePoint": 0,
          "staIPv4Address": "192.168.20.121",
          "staMacAddress": "34:02:86:75:c0:51",
          "template_id": 261,
          "wlanSSID": "Test-env\u0000\u0000\u0000\u0000\u0000\u0000\u0000\u0000\u0000\u0000\u0000\u0000\u0000\u0000\u0000\u0000\u0000\u0000\u0000\u0000\u0000\u0000\u0000\u0000\u0000",
          "wtpMacAddress": "00:f6:63:cc:80:60"
        },
        "network": {
          "direction": "outbound",
          "protocol": "unknown (0)",
          "total": {
            "bytes": 950,
            "packets": 14
          }
        },
        "source": {
          "ip": "\u003cnil\u003e",
          "locality": "public"
        }
      },
      "Private": null
    },
    {
      "Timestamp": "2018-08-26T20:30:41.013545202Z",
      "Meta": null,
      "Fields": {
        "destination": {
          "ip": "\u003cnil\u003e",
          "locality": "public"
        },
        "device": {
          "ip": "192.0.2.1"
        },
        "event": {
          "created": "2017-06-22T06:31:14Z",
          "duration": 0,
          "end": "0001-01-01T00:00:00Z",
          "start": "0001-01-01T00:00:00Z",
          "type": "NetFlow V9"
        },
        "flow": {
          "five_tuple": "\u003cnil\u003e:0 - \u003cnil\u003e:0 unknown (0)",
          "id": "APT3L7eoxkg",
          "locality": "public",
          "sequence_num": 78
        },
        "netflow": {
          "applicationId": "DQABrw==",
          "flowDirection": 0,
          "ipDiffServCodePoint": 0,
          "octetDeltaCount": 1495567,
          "packetDeltaCount": 16145,
          "postIpDiffServCodePoint": 0,
          "staIPv4Address": "192.168.20.121",
          "staMacAddress": "34:02:86:75:c0:51",
          "template_id": 261,
          "wlanSSID": "Test-env\u0000\u0000\u0000\u0000\u0000\u0000\u0000\u0000\u0000\u0000\u0000\u0000\u0000\u0000\u0000\u0000\u0000\u0000\u0000\u0000\u0000\u0000\u0000\u0000\u0000",
          "wtpMacAddress": "00:f6:63:cc:80:60"
        },
        "network": {
          "direction": "inbound",
          "protocol": "unknown (0)",
          "total": {
            "bytes": 1495567,
            "packets": 16145
          }
        },
        "source": {
          "ip": "\u003cnil\u003e",
          "locality": "public"
        }
      },
      "Private": null
    },
    {
      "Timestamp": "2018-08-26T20:30:41.013545202Z",
      "Meta": null,
      "Fields": {
        "destination": {
          "ip": "\u003cnil\u003e",
          "locality": "public"
        },
        "device": {
          "ip": "192.0.2.1"
        },
        "event": {
          "created": "2017-06-22T06:31:14Z",
          "duration": 0,
          "end": "0001-01-01T00:00:00Z",
          "start": "0001-01-01T00:00:00Z",
          "type": "NetFlow V9"
        },
        "flow": {
          "five_tuple": "\u003cnil\u003e:0 - \u003cnil\u003e:0 unknown (0)",
          "id": "APT3L7eoxkg",
          "locality": "public",
          "sequence_num": 78
        },
        "netflow": {
          "applicationId": "DQABrw==",
          "flowDirection": 1,
          "ipDiffServCodePoint": 0,
          "octetDeltaCount": 80973880,
          "packetDeltaCount": 53362,
          "postIpDiffServCodePoint": 0,
          "staIPv4Address": "192.168.20.121",
          "staMacAddress": "34:02:86:75:c0:51",
          "template_id": 261,
          "wlanSSID": "Test-env\u0000\u0000\u0000\u0000\u0000\u0000\u0000\u0000\u0000\u0000\u0000\u0000\u0000\u0000\u0000\u0000\u0000\u0000\u0000\u0000\u0000\u0000\u0000\u0000\u0000",
          "wtpMacAddress": "00:f6:63:cc:80:60"
        },
        "network": {
          "direction": "outbound",
          "protocol": "unknown (0)",
          "total": {
            "bytes": 80973880,
            "packets": 53362
          }
        },
        "source": {
          "ip": "\u003cnil\u003e",
          "locality": "public"
        }
      },
      "Private": null
    }
  ]
}