{
  "test_name": "Netflow 9 Cisco ASR 9000 series options template 256",
  "error": "failed to decode payload: EOF"
}