{
  "test_name": "Netflow 9 Cisco ASA 2",
  "error": "failed to decode payload: EOF"
}