{
  "test_name": "Netflow 9 Ubiquiti Edgerouter with MPLS labels",
  "events": [
    {
      "Timestamp": "2018-08-26T20:30:41.013545202Z",
      "Meta": null,
      "Fields": {
        "destination": {
          "ip": "10.4.0.251",
          "locality": "private",
          "mac": "44:d9:e7:be:ef:89",
          "port": 17232
        },
        "device": {
          "ip": "192.0.2.1"
        },
        "event": {
          "created": "2016-09-10T16:23:30Z",
          "duration": 0,
          "end": "2016-09-10T16:17:25.825Z",
          "start": "2016-09-10T16:17:25.825Z",
          "type": "NetFlow V9"
        },
        "flow": {
          "five_tuple": "10.4.0.251:17232 - 10.1.0.135:53 UDP",
          "id": "KYJ6RiyA5YM",
          "locality": "private",
          "sequence_num": 31826
        },
        "netflow": {
          "deltaFlowCount": 0,
          "destinationIPv4Address": "10.4.0.251",
          "destinationMacAddress": "44:d9:e7:be:ef:89",
          "destinationTransportPort": 17232,
          "egressInterface": 0,
          "flowDirection": 0,
          "flowEndSysUpTime": 408995827,
          "flowStartSysUpTime": 408995827,
          "ingressInterface": 4,
          "ipClassOfService": 0,
          "ipVersion": 4,
          "mplsLabelStackLength": 4,
          "octetDeltaCount": 174,
          "packetDeltaCount": 2,
          "protocolIdentifier": 17,
          "sourceIPv4Address": "10.1.0.135",
          "sourceMacAddress": "06:be:ef:be:ef:4f",
          "sourceTransportPort": 53,
          "tcpControlBits": 0,
          "template_id": 1024,
          "vlanId": 0
        },
        "network": {
          "direction": "inbound",
          "protocol": "UDP",
          "total": {
            "bytes": 174,
            "packets": 2
          }
        },
        "source": {
          "ip": "10.1.0.135",
          "locality": "private",
          "mac": "06:be:ef:be:ef:4f",
          "port": 53
        }
      },
      "Private": null
    },
    {
      "Timestamp": "2018-08-26T20:30:41.013545202Z",
      "Meta": null,
      "Fields": {
        "destination": {
          "ip": "10.4.0.251",
          "locality": "private",
          "mac": "44:d9:e7:be:ef:89",
          "port": 17232
        },
        "device": {
          "ip": "192.0.2.1"
        },
        "event": {
          "created": "2016-09-10T16:23:30Z",
          "duration": 0,
          "end": "2016-09-10T16:17:25.825Z",
          "start": "2016-09-10T16:17:25.825Z",
          "type": "NetFlow V9"
        },
        "flow": {
          "five_tuple": "10.4.0.251:17232 - 10.1.0.136:53 UDP",
          "id": "4GHcyowN7sg",
          "locality": "private",
          "sequence_num": 31826
        },
        "netflow": {
          "deltaFlowCount": 0,
          "destinationIPv4Address": "10.4.0.251",
          "destinationMacAddress": "44:d9:e7:be:ef:89",
          "destinationTransportPort": 17232,
          "egressInterface": 0,
          "flowDirection": 0,
          "flowEndSysUpTime": 408995827,
          "flowStartSysUpTime": 408995827,
          "ingressInterface": 4,
          "ipClassOfService": 0,
          "ipVersion": 4,
          "mplsLabelStackLength": 4,
          "octetDeltaCount": 87,
          "packetDeltaCount": 1,
          "protocolIdentifier": 17,
          "sourceIPv4Address": "10.1.0.136",
          "sourceMacAddress": "06:be:ef:be:ef:4f",
          "sourceTransportPort": 53,
          "tcpControlBits": 0,
          "template_id": 1024,
          "vlanId": 0
        },
        "network": {
          "direction": "inbound",
          "protocol": "UDP",
          "total": {
            "bytes": 87,
            "packets": 1
          }
        },
        "source": {
          "ip": "10.1.0.136",
          "locality": "private",
          "mac": "06:be:ef:be:ef:4f",
          "port": 53
        }
      },
      "Private": null
    },
    {
      "Timestamp": "2018-08-26T20:30:41.013545202Z",
      "Meta": null,
      "Fields": {
        "destination": {
          "ip": "10.4.0.251",
          "locality": "private",
          "mac": "44:d9:e7:be:ef:89",
          "port": 51369
        },
        "device": {
          "ip": "192.0.2.1"
        },
        "event": {
          "created": "2016-09-10T16:23:30Z",
          "duration": 140227000000,
          "end": "2016-09-10T15:22:30.891Z",
          "start": "2016-09-10T15:20:10.664Z",
          "type": "NetFlow V9"
        },
        "flow": {
          "five_tuple": "10.4.0.251:51369 - 10.1.0.232:443 TCP",
          "id": "GRn2z1Rao3c",
          "locality": "private",
          "sequence_num": 31826
        },
        "netflow": {
          "deltaFlowCount": 0,
          "destinationIPv4Address": "10.4.0.251",
          "destinationMacAddress": "44:d9:e7:be:ef:89",
          "destinationTransportPort": 51369,
          "egressInterface": 0,
          "flowDirection": 0,
          "flowEndSysUpTime": 405700893,
          "flowStartSysUpTime": 405560666,
          "ingressInterface": 4,
          "ipClassOfService": 0,
          "ipVersion": 4,
          "mplsLabelStackLength": 4,
          "octetDeltaCount": 1920,
          "packetDeltaCount": 15,
          "protocolIdentifier": 6,
          "sourceIPv4Address": "10.1.0.232",
          "sourceMacAddress": "06:be:ef:be:ef:4f",
          "sourceTransportPort": 443,
          "tcpControlBits": 27,
          "template_id": 1024,
          "vlanId": 0
        },
        "network": {
          "direction": "inbound",
          "protocol": "TCP",
          "tcp": {
            "flags": [
              "FIN",
              "SYN",
              "PSH",
              "ACK"
            ]
          },
          "total": {
            "bytes": 1920,
            "packets": 15
          }
        },
        "source": {
          "ip": "10.1.0.232",
          "locality": "private",
          "mac": "06:be:ef:be:ef:4f",
          "port": 443
        }
      },
      "Private": null
    },
    {
      "Timestamp": "2018-08-26T20:30:41.013545202Z",
      "Meta": null,
      "Fields": {
        "destination": {
          "ip": "10.4.0.251",
          "locality": "private",
          "mac": "44:d9:e7:be:ef:89",
          "port": 51370
        },
        "device": {
          "ip": "192.0.2.1"
        },
        "event": {
          "created": "2016-09-10T16:23:30Z",
          "duration": 140227000000,
          "end": "2016-09-10T15:22:30.891Z",
          "start": "2016-09-10T15:20:10.664Z",
          "type": "NetFlow V9"
        },
        "flow": {
          "five_tuple": "10.4.0.251:51370 - 10.1.0.232:443 TCP",
          "id": "iHA6jdIkqjA",
          "locality": "private",
          "sequence_num": 31826
        },
        "netflow": {
          "deltaFlowCount": 0,
          "destinationIPv4Address": "10.4.0.251",
          "destinationMacAddress": "44:d9:e7:be:ef:89",
          "destinationTransportPort": 51370,
          "egressInterface": 0,
          "flowDirection": 0,
          "flowEndSysUpTime": 405700893,
          "flowStartSysUpTime": 405560666,
          "ingressInterface": 4,
          "ipClassOfService": 0,
          "ipVersion": 4,
          "mplsLabelStackLength": 4,
          "octetDeltaCount": 610,
          "packetDeltaCount": 8,
          "protocolIdentifier": 6,
          "sourceIPv4Address": "10.1.0.232",
          "sourceMacAddress": "06:be:ef:be:ef:4f",
          "sourceTransportPort": 443,
          "tcpControlBits": 27,
          "template_id": 1024,
          "vlanId": 0
        },
        "network": {
          "direction": "inbound",
          "protocol": "TCP",
          "tcp": {
            "flags": [
              "FIN",
              "SYN",
              "PSH",
              "ACK"
            ]
          },
          "total": {
            "bytes": 610,
            "packets": 8
          }
        },
        "source": {
          "ip": "10.1.0.232",
          "locality": "private",
          "mac": "06:be:ef:be:ef:4f",
          "port": 443
        }
      },
      "Private": null
    },
    {
      "Timestamp": "2018-08-26T20:30:41.013545202Z",
      "Meta": null,
      "Fields": {
        "destination": {
          "ip": "10.4.0.251",
          "locality": "private",
          "mac": "44:d9:e7:be:ef:89",
          "port": 44006
        },
        "device": {
          "ip": "192.0.2.1"
        },
        "event": {
          "created": "2016-09-10T16:23:30Z",
          "duration": 177102000000,
          "end": "2016-09-10T16:20:32.763Z",
          "start": "2016-09-10T16:17:35.661Z",
          "type": "NetFlow V9"
        },
        "flow": {
          "five_tuple": "10.4.0.251:44006 - 10.5.0.91:443 TCP",
          "id": "cBjtKefzGos",
          "locality": "private",
          "sequence_num": 31826
        },
        "netflow": {
          "deltaFlowCount": 0,
          "destinationIPv4Address": "10.4.0.251",
          "destinationMacAddress": "44:d9:e7:be:ef:89",
          "destinationTransportPort": 44006,
          "egressInterface": 0,
          "flowDirection": 0,
          "flowEndSysUpTime": 409182765,
          "flowStartSysUpTime": 409005663,
          "ingressInterface": 4,
          "ipClassOfService": 0,
          "ipVersion": 4,
          "mplsLabelStackLength": 4,
          "octetDeltaCount": 2420,
          "packetDeltaCount": 21,
          "protocolIdentifier": 6,
          "sourceIPv4Address": "10.5.0.91",
          "sourceMacAddress": "06:be:ef:be:ef:4f",
          "sourceTransportPort": 443,
          "tcpControlBits": 31,
          "template_id": 1024,
          "vlanId": 0
        },
        "network": {
          "direction": "inbound",
          "protocol": "TCP",
          "tcp": {
            "flags": [
              "FIN",
              "SYN",
              "RST",
              "PSH",
              "ACK"
            ]
          },
          "total": {
            "bytes": 2420,
            "packets": 21
          }
        },
        "source": {
          "ip": "10.5.0.91",
          "locality": "private",
          "mac": "06:be:ef:be:ef:4f",
          "port": 443
        }
      },
      "Private": null
    },
    {
      "Timestamp": "2018-08-26T20:30:41.013545202Z",
      "Meta": null,
      "Fields": {
        "destination": {
          "ip": "10.4.0.251",
          "locality": "private",
          "mac": "44:d9:e7:be:ef:89",
          "port": 33282
        },
        "device": {
          "ip": "192.0.2.1"
        },
        "event": {
          "created": "2016-09-10T16:23:30Z",
          "duration": 176903000000,
          "end": "2016-09-10T16:20:32.666Z",
          "start": "2016-09-10T16:17:35.763Z",
          "type": "NetFlow V9"
        },
        "flow": {
          "five_tuple": "10.4.0.251:33282 - 10.1.0.30:443 TCP",
          "id": "EzT0lQWYBRw",
          "locality": "private",
          "sequence_num": 31826
        },
        "netflow": {
          "deltaFlowCount": 0,
          "destinationIPv4Address": "10.4.0.251",
          "destinationMacAddress": "44:d9:e7:be:ef:89",
          "destinationTransportPort": 33282,
          "egressInterface": 0,
          "flowDirection": 0,
          "flowEndSysUpTime": 409182668,
          "flowStartSysUpTime": 409005765,
          "ingressInterface": 4,
          "ipClassOfService": 0,
          "ipVersion": 4,
          "mplsLabelStackLength": 4,
          "octetDeltaCount": 10204,
          "packetDeltaCount": 30,
          "protocolIdentifier": 6,
          "sourceIPv4Address": "10.1.0.30",
          "sourceMacAddress": "06:be:ef:be:ef:4f",
          "sourceTransportPort": 443,
          "tcpControlBits": 31,
          "template_id": 1024,
          "vlanId": 0
        },
        "network": {
          "direction": "inbound",
          "protocol": "TCP",
          "tcp": {
            "flags": [
              "FIN",
              "SYN",
              "RST",
              "PSH",
              "ACK"
            ]
          },
          "total": {
            "bytes": 10204,
            "packets": 30
          }
        },
        "source": {
          "ip": "10.1.0.30",
          "locality": "private",
          "mac": "06:be:ef:be:ef:4f",
          "port": 443
        }
      },
      "Private": null
    },
    {
      "Timestamp": "2018-08-26T20:30:41.013545202Z",
      "Meta": null,
      "Fields": {
        "destination": {
          "ip": "10.4.0.251",
          "locality": "private",
          "mac": "44:d9:e7:be:ef:89",
          "port": 64642
        },
        "device": {
          "ip": "192.0.2.1"
        },
        "event": {
          "created": "2016-09-10T16:23:30Z",
          "duration": 0,
          "end": "2016-09-10T15:22:36.207Z",
          "start": "2016-09-10T15:22:36.207Z",
          "type": "NetFlow V9"
        },
        "flow": {
          "five_tuple": "10.4.0.251:64642 - 10.3.0.100:443 TCP",
          "id": "TROGwofkmJA",
          "locality": "private",
          "sequence_num": 31826
        },
        "netflow": {
          "deltaFlowCount": 0,
          "destinationIPv4Address": "10.4.0.251",
          "destinationMacAddress": "44:d9:e7:be:ef:89",
          "destinationTransportPort": 64642,
          "egressInterface": 0,
          "flowDirection": 0,
          "flowEndSysUpTime": 405706209,
          "flowStartSysUpTime": 405706209,
          "ingressInterface": 4,
          "ipClassOfService": 0,
          "ipVersion": 4,
          "mplsLabelStackLength": 4,
          "octetDeltaCount": 216,
          "packetDeltaCount": 4,
          "protocolIdentifier": 6,
          "sourceIPv4Address": "10.3.0.100",
          "sourceMacAddress": "06:be:ef:be:ef:4f",
          "sourceTransportPort": 443,
          "tcpControlBits": 27,
          "template_id": 1024,
          "vlanId": 0
        },
        "network": {
          "direction": "inbound",
          "protocol": "TCP",
          "tcp": {
            "flags": [
              "FIN",
              "SYN",
              "PSH",
              "ACK"
            ]
          },
          "total": {
            "bytes": 216,
            "packets": 4
          }
        },
        "source": {
          "ip": "10.3.0.100",
          "locality": "private",
          "mac": "06:be:ef:be:ef:4f",
          "port": 443
        }
      },
      "Private": null
    },
    {
      "Timestamp": "2018-08-26T20:30:41.013545202Z",
      "Meta": null,
      "Fields": {
        "destination": {
          "ip": "10.4.0.251",
          "locality": "private",
          "mac": "44:d9:e7:be:ef:89",
          "port": 9497
        },
        "device": {
          "ip": "192.0.2.1"
        },
        "event": {
          "created": "2016-09-10T16:23:30Z",
          "duration": 0,
          "end": "2016-09-10T16:17:35.661Z",
          "start": "2016-09-10T16:17:35.661Z",
          "type": "NetFlow V9"
        },
        "flow": {
          "five_tuple": "10.4.0.251:9497 - 10.1.0.135:53 UDP",
          "id": "wLclDbADA9s",
          "locality": "private",
          "sequence_num": 31826
        },
        "netflow": {
          "deltaFlowCount": 0,
          "destinationIPv4Address": "10.4.0.251",
          "destinationMacAddress": "44:d9:e7:be:ef:89",
          "destinationTransportPort": 9497,
          "egressInterface": 0,
          "flowDirection": 0,
          "flowEndSysUpTime": 409005663,
          "flowStartSysUpTime": 409005663,
          "ingressInterface": 4,
          "ipClassOfService": 0,
          "ipVersion": 4,
          "mplsLabelStackLength": 4,
          "octetDeltaCount": 152,
          "packetDeltaCount": 1,
          "protocolIdentifier": 17,
          "sourceIPv4Address": "10.1.0.135",
          "sourceMacAddress": "06:be:ef:be:ef:4f",
          "sourceTransportPort": 53,
          "tcpControlBits": 0,
          "template_id": 1024,
          "vlanId": 0
        },
        "network": {
          "direction": "inbound",
          "protocol": "UDP",
          "total": {
            "bytes": 152,
            "packets": 1
          }
        },
        "source": {
          "ip": "10.1.0.135",
          "locality": "private",
          "mac": "06:be:ef:be:ef:4f",
          "port": 53
        }
      },
      "Private": null
    },
    {
      "Timestamp": "2018-08-26T20:30:41.013545202Z",
      "Meta": null,
      "Fields": {
        "destination": {
          "ip": "10.0.0.73",
          "locality": "private",
          "mac": "44:d9:e7:be:ef:8e",
          "port": 443
        },
        "device": {
          "ip": "192.0.2.1"
        },
        "event": {
          "created": "2016-09-10T16:24:08Z",
          "duration": 116000000,
          "end": "2016-09-10T15:23:38.951Z",
          "start": "2016-09-10T15:23:38.835Z",
          "type": "NetFlow V9"
        },
        "flow": {
          "five_tuple": "192.168.1.98:55105 - 10.0.0.73:443 TCP",
          "id": "LpdyE0SSB-o",
          "locality": "private",
          "sequence_num": 31664
        },
        "netflow": {
          "deltaFlowCount": 0,
          "destinationIPv4Address": "10.0.0.73",
          "destinationTransportPort": 443,
          "egressInterface": 4,
          "flowDirection": 1,
          "flowEndSysUpTime": 405769136,
          "flowStartSysUpTime": 405769020,
          "ingressInterface": 2,
          "ipClassOfService": 0,
          "ipVersion": 4,
          "mplsLabelStackLength": 4,
          "octetDeltaCount": 260,
          "packetDeltaCount": 5,
          "postDestinationMacAddress": "44:d9:e7:be:ef:8e",
          "postSourceMacAddress": "44:d9:e7:be:ef:22",
          "postVlanId": 0,
          "protocolIdentifier": 6,
          "sourceIPv4Address": "192.168.1.98",
          "sourceTransportPort": 55105,
          "tcpControlBits": 27,
          "template_id": 1025
        },
        "network": {
          "direction": "outbound",
          "protocol": "TCP",
          "tcp": {
            "flags": [
              "FIN",
              "SYN",
              "PSH",
              "ACK"
            ]
          },
          "total": {
            "bytes": 260,
            "packets": 5
          }
        },
        "source": {
          "ip": "192.168.1.98",
          "locality": "private",
          "mac": "44:d9:e7:be:ef:22",
          "port": 55105
        }
      },
      "Private": null
    },
    {
      "Timestamp": "2018-08-26T20:30:41.013545202Z",
      "Meta": null,
      "Fields": {
        "destination": {
          "ip": "255.255.255.255",
          "locality": "private",
          "mac": "00:00:00:00:00:00",
          "port": 10001
        },
        "device": {
          "ip": "192.0.2.1"
        },
        "event": {
          "created": "2016-09-10T16:24:08Z",
          "duration": 0,
          "end": "2016-09-10T16:18:39.443Z",
          "start": "2016-09-10T16:18:39.443Z",
          "type": "NetFlow V9"
        },
        "flow": {
          "five_tuple": "10.4.0.251:42506 - 255.255.255.255:10001 UDP",
          "id": "32P6av-L8P0",
          "locality": "private",
          "sequence_num": 31664
        },
        "netflow": {
          "deltaFlowCount": 0,
          "destinationIPv4Address": "255.255.255.255",
          "destinationTransportPort": 10001,
          "egressInterface": 4,
          "flowDirection": 1,
          "flowEndSysUpTime": 409069628,
          "flowStartSysUpTime": 409069628,
          "ingressInterface": 0,
          "ipClassOfService": 0,
          "ipVersion": 4,
          "mplsLabelStackLength": 4,
          "octetDeltaCount": 32,
          "packetDeltaCount": 1,
          "postDestinationMacAddress": "00:00:00:00:00:00",
          "postSourceMacAddress": "00:00:00:00:00:00",
          "postVlanId": 0,
          "protocolIdentifier": 17,
          "sourceIPv4Address": "10.4.0.251",
          "sourceTransportPort": 42506,
          "tcpControlBits": 0,
          "template_id": 1025
        },
        "network": {
          "direction": "outbound",
          "protocol": "UDP",
          "total": {
            "bytes": 32,
            "packets": 1
          }
        },
        "source": {
          "ip": "10.4.0.251",
          "locality": "private",
          "mac": "00:00:00:00:00:00",
          "port": 42506
        }
      },
      "Private": null
    },
    {
      "Timestamp": "2018-08-26T20:30:41.013545202Z",
      "Meta": null,
      "Fields": {
        "destination": {
          "ip": "255.255.255.255",
          "locality": "private",
          "mac": "00:00:00:00:00:00",
          "port": 37868
        },
        "device": {
          "ip": "192.0.2.1"
        },
        "event": {
          "created": "2016-09-10T16:24:08Z",
          "duration": 0,
          "end": "2016-09-10T16:18:39.443Z",
          "start": "2016-09-10T16:18:39.443Z",
          "type": "NetFlow V9"
        },
        "flow": {
          "five_tuple": "10.4.0.251:40295 - 255.255.255.255:37868 UDP",
          "id": "ft_m5C7Hgpo",
          "locality": "private",
          "sequence_num": 31664
        },
        "netflow": {
          "deltaFlowCount": 0,
          "destinationIPv4Address": "255.255.255.255",
          "destinationTransportPort": 37868,
          "egressInterface": 4,
          "flowDirection": 1,
          "flowEndSysUpTime": 409069628,
          "flowStartSysUpTime": 409069628,
          "ingressInterface": 0,
          "ipClassOfService": 0,
          "ipVersion": 4,
          "mplsLabelStackLength": 4,
          "octetDeltaCount": 135,
          "packetDeltaCount": 1,
          "postDestinationMacAddress": "00:00:00:00:00:00",
          "postSourceMacAddress": "00:00:00:00:00:00",
          "postVlanId": 0,
          "protocolIdentifier": 17,
          "sourceIPv4Address": "10.4.0.251",
          "sourceTransportPort": 40295,
          "tcpControlBits": 0,
          "template_id": 1025
        },
        "network": {
          "direction": "outbound",
          "protocol": "UDP",
          "total": {
            "bytes": 135,
            "packets": 1
          }
        },
        "source": {
          "ip": "10.4.0.251",
          "locality": "private",
          "mac": "00:00:00:00:00:00",
          "port": 40295
        }
      },
      "Private": null
    },
    {
      "Timestamp": "2018-08-26T20:30:41.013545202Z",
      "Meta": null,
      "Fields": {
        "destination": {
          "ip": "255.255.255.255",
          "locality": "private",
          "mac": "00:00:00:00:00:00",
          "port": 56911
        },
        "device": {
          "ip": "192.0.2.1"
        },
        "event": {
          "created": "2016-09-10T16:24:08Z",
          "duration": 0,
          "end": "2016-09-10T16:18:39.443Z",
          "start": "2016-09-10T16:18:39.443Z",
          "type": "NetFlow V9"
        },
        "flow": {
          "five_tuple": "255.255.255.255:56911 - 10.4.0.251:36071 UDP",
          "id": "bVX88Ii80AQ",
          "locality": "private",
          "sequence_num": 31664
        },
        "netflow": {
          "deltaFlowCount": 0,
          "destinationIPv4Address": "255.255.255.255",
          "destinationTransportPort": 56911,
          "egressInterface": 4,
          "flowDirection": 1,
          "flowEndSysUpTime": 409069628,
          "flowStartSysUpTime": 409069628,
          "ingressInterface": 0,
          "ipClassOfService": 0,
          "ipVersion": 4,
          "mplsLabelStackLength": 4,
          "octetDeltaCount": 135,
          "packetDeltaCount": 1,
          "postDestinationMacAddress": "00:00:00:00:00:00",
          "postSourceMacAddress": "00:00:00:00:00:00",
          "postVlanId": 0,
          "protocolIdentifier": 17,
          "sourceIPv4Address": "10.4.0.251",
          "sourceTransportPort": 36071,
          "tcpControlBits": 0,
          "template_id": 1025
        },
        "network": {
          "direction": "outbound",
          "protocol": "UDP",
          "total": {
            "bytes": 135,
            "packets": 1
          }
        },
        "source": {
          "ip": "10.4.0.251",
          "locality": "private",
          "mac": "00:00:00:00:00:00",
          "port": 36071
        }
      },
      "Private": null
    },
    {
      "Timestamp": "2018-08-26T20:30:41.013545202Z",
      "Meta": null,
      "Fields": {
        "destination": {
          "ip": "255.255.255.255",
          "locality": "private",
          "mac": "00:00:00:00:00:00",
          "port": 56327
        },
        "device": {
          "ip": "192.0.2.1"
        },
        "event": {
          "created": "2016-09-10T16:24:08Z",
          "duration": 0,
          "end": "2016-09-10T16:18:39.443Z",
          "start": "2016-09-10T16:18:39.443Z",
          "type": "NetFlow V9"
        },
        "flow": {
          "five_tuple": "255.255.255.255:56327 - 10.4.0.251:49829 UDP",
          "id": "bA4nBN4veuI",
          "locality": "private",
          "sequence_num": 31664
        },
        "netflow": {
          "deltaFlowCount": 0,
          "destinationIPv4Address": "255.255.255.255",
          "destinationTransportPort": 56327,
          "egressInterface": 4,
          "flowDirection": 1,
          "flowEndSysUpTime": 409069628,
          "flowStartSysUpTime": 409069628,
          "ingressInterface": 0,
          "ipClassOfService": 0,
          "ipVersion": 4,
          "mplsLabelStackLength": 4,
          "octetDeltaCount": 135,
          "packetDeltaCount": 1,
          "postDestinationMacAddress": "00:00:00:00:00:00",
          "postSourceMacAddress": "00:00:00:00:00:00",
          "postVlanId": 0,
          "protocolIdentifier": 17,
          "sourceIPv4Address": "10.4.0.251",
          "sourceTransportPort": 49829,
          "tcpControlBits": 0,
          "template_id": 1025
        },
        "network": {
          "direction": "outbound",
          "protocol": "UDP",
          "total": {
            "bytes": 135,
            "packets": 1
          }
        },
        "source": {
          "ip": "10.4.0.251",
          "locality": "private",
          "mac": "00:00:00:00:00:00",
          "port": 49829
        }
      },
      "Private": null
    },
    {
      "Timestamp": "2018-08-26T20:30:41.013545202Z",
      "Meta": null,
      "Fields": {
        "destination": {
          "ip": "255.255.255.255",
          "locality": "private",
          "mac": "00:00:00:00:00:00",
          "port": 56239
        },
        "device": {
          "ip": "192.0.2.1"
        },
        "event": {
          "created": "2016-09-10T16:24:08Z",
          "duration": 0,
          "end": "2016-09-10T16:18:39.443Z",
          "start": "2016-09-10T16:18:39.443Z",
          "type": "NetFlow V9"
        },
        "flow": {
          "five_tuple": "255.255.255.255:56239 - 10.4.0.251:35059 UDP",
          "id": "lY5yfRKXE3s",
          "locality": "private",
          "sequence_num": 31664
        },
        "netflow": {
          "deltaFlowCount": 0,
          "destinationIPv4Address": "255.255.255.255",
          "destinationTransportPort": 56239,
          "egressInterface": 4,
          "flowDirection": 1,
          "flowEndSysUpTime": 409069628,
          "flowStartSysUpTime": 409069628,
          "ingressInterface": 0,
          "ipClassOfService": 0,
          "ipVersion": 4,
          "mplsLabelStackLength": 4,
          "octetDeltaCount": 135,
          "packetDeltaCount": 1,
          "postDestinationMacAddress": "00:00:00:00:00:00",
          "postSourceMacAddress": "00:00:00:00:00:00",
          "postVlanId": 0,
          "protocolIdentifier": 17,
          "sourceIPv4Address": "10.4.0.251",
          "sourceTransportPort": 35059,
          "tcpControlBits": 0,
          "template_id": 1025
        },
        "network": {
          "direction": "outbound",
          "protocol": "UDP",
          "total": {
            "bytes": 135,
            "packets": 1
          }
        },
        "source": {
          "ip": "10.4.0.251",
          "locality": "private",
          "mac": "00:00:00:00:00:00",
          "port": 35059
        }
      },
      "Private": null
    },
    {
      "Timestamp": "2018-08-26T20:30:41.013545202Z",
      "Meta": null,
      "Fields": {
        "destination": {
          "ip": "255.255.255.255",
          "locality": "private",
          "mac": "00:00:00:00:00:00",
          "port": 39832
        },
        "device": {
          "ip": "192.0.2.1"
        },
        "event": {
          "created": "2016-09-10T16:24:08Z",
          "duration": 0,
          "end": "2016-09-10T16:18:39.443Z",
          "start": "2016-09-10T16:18:39.443Z",
          "type": "NetFlow V9"
        },
        "flow": {
          "five_tuple": "255.255.255.255:39832 - 10.4.0.251:38231 UDP",
          "id": "x3GfEtY3zCQ",
          "locality": "private",
          "sequence_num": 31664
        },
        "netflow": {
          "deltaFlowCount": 0,
          "destinationIPv4Address": "255.255.255.255",
          "destinationTransportPort": 39832,
          "egressInterface": 4,
          "flowDirection": 1,
          "flowEndSysUpTime": 409069628,
          "flowStartSysUpTime": 409069628,
          "ingressInterface": 0,
          "ipClassOfService": 0,
          "ipVersion": 4,
          "mplsLabelStackLength": 4,
          "octetDeltaCount": 135,
          "packetDeltaCount": 1,
          "postDestinationMacAddress": "00:00:00:00:00:00",
          "postSourceMacAddress": "00:00:00:00:00:00",
          "postVlanId": 0,
          "protocolIdentifier": 17,
          "sourceIPv4Address": "10.4.0.251",
          "sourceTransportPort": 38231,
          "tcpControlBits": 0,
          "template_id": 1025
        },
        "network": {
          "direction": "outbound",
          "protocol": "UDP",
          "total": {
            "bytes": 135,
            "packets": 1
          }
        },
        "source": {
          "ip": "10.4.0.251",
          "locality": "private",
          "mac": "00:00:00:00:00:00",
          "port": 38231
        }
      },
      "Private": null
    },
    {
      "Timestamp": "2018-08-26T20:30:41.013545202Z",
      "Meta": null,
      "Fields": {
        "destination": {
          "ip": "10.2.0.95",
          "locality": "private",
          "mac": "44:d9:e7:be:ef:8e",
          "port": 443
        },
        "device": {
          "ip": "192.0.2.1"
        },
        "event": {
          "created": "2016-09-10T16:24:08Z",
          "duration": 1250988000000,
          "end": "2016-09-10T15:23:44.363Z",
          "start": "2016-09-10T15:02:53.375Z",
          "type": "NetFlow V9"
        },
        "flow": {
          "five_tuple": "192.168.1.102:47690 - 10.2.0.95:443 TCP",
          "id": "bfT831bq5AI",
          "locality": "private",
          "sequence_num": 31664
        },
        "netflow": {
          "deltaFlowCount": 0,
          "destinationIPv4Address": "10.2.0.95",
          "destinationTransportPort": 443,
          "egressInterface": 4,
          "flowDirection": 1,
          "flowEndSysUpTime": 405774548,
          "flowStartSysUpTime": 404523560,
          "ingressInterface": 2,
          "ipClassOfService": 0,
          "ipVersion": 4,
          "mplsLabelStackLength": 4,
          "octetDeltaCount": 3668,
          "packetDeltaCount": 21,
          "postDestinationMacAddress": "44:d9:e7:be:ef:8e",
          "postSourceMacAddress": "06:be:ef:be:ef:b9",
          "postVlanId": 0,
          "protocolIdentifier": 6,
          "sourceIPv4Address": "192.168.1.102",
          "sourceTransportPort": 47690,
          "tcpControlBits": 27,
          "template_id": 1025
        },
        "network": {
          "direction": "outbound",
          "protocol": "TCP",
          "tcp": {
            "flags": [
              "FIN",
              "SYN",
              "PSH",
              "ACK"
            ]
          },
          "total": {
            "bytes": 3668,
            "packets": 21
          }
        },
        "source": {
          "ip": "192.168.1.102",
          "locality": "private",
          "mac": "06:be:ef:be:ef:b9",
          "port": 47690
        }
      },
      "Private": null
    }
  ]
}