{
  "test_name": "Netflow 9 Cisco NBAR flowset 262",
  "events": [
    {
      "Timestamp": "2018-08-26T20:30:41.013545202Z",
      "Meta": null,
      "Fields": {
        "destination": {
          "ip": "10.30.19.180",
          "locality": "private",
          "mac": "1c:df:0f:7e:c3:58",
          "port": 2048
        },
        "device": {
          "ip": "192.0.2.1"
        },
        "event": {
          "created": "2017-02-14T11:10:36Z",
          "duration": 0,
          "end": "2017-02-14T11:10:19.368Z",
          "start": "2017-02-14T11:10:19.368Z",
          "type": "NetFlow V9"
        },
        "flow": {
          "five_tuple": "10.30.19.180:2048 - 10.30.18.62:0 ICMP",
          "id": "Bk-2FcuOyCU",
          "locality": "private",
          "sequence_num": 1509134
        },
        "netflow": {
          "applicationId": "AQAAAQ==",
          "bgpDestinationAsNumber": 0,
          "bgpSourceAsNumber": 0,
          "destinationIPv4Address": "10.30.19.180",
          "destinationMacAddress": "1c:df:0f:7e:c3:58",
          "destinationTransportPort": 2048,
          "egressInterface": 0,
          "flowDirection": 0,
          "flowEndSysUpTime": 4095633944,
          "flowStartSysUpTime": 4095633944,
          "fragmentIdentification": 0,
          "ingressInterface": 1,
          "ipClassOfService": 0,
          "ipDiffServCodePoint": 0,
          "ipNextHopIPv4Address": "0.0.0.0",
          "octetDeltaCount": 44,
          "packetDeltaCount": 1,
          "protocolIdentifier": 1,
          "samplerId": 0,
          "sourceIPv4Address": "10.30.18.62",
          "sourceIPv4Prefix": "10.30.18.0",
          "sourceIPv4PrefixLength": 23,
          "sourceMacAddress": "00:50:56:91:56:86",
          "sourceTransportPort": 0,
          "tcpSourcePort": 0,
          "template_id": 262,
          "udpDestinationPort": 0
        },
        "network": {
          "direction": "inbound",
          "protocol": "ICMP",
          "total": {
            "bytes": 44,
            "packets": 1
          }
        },
        "source": {
          "ip": "10.30.18.62",
          "locality": "private",
          "mac": "00:50:56:91:56:86"
        }
      },
      "Private": null
    },
    {
      "Timestamp": "2018-08-26T20:30:41.013545202Z",
      "Meta": null,
      "Fields": {
        "destination": {
          "ip": "10.30.19.180",
          "locality": "private",
          "mac": "1c:df:0f:7e:c3:58",
          "port": 161
        },
        "device": {
          "ip": "192.0.2.1"
        },
        "event": {
          "created": "2017-02-14T11:10:36Z",
          "duration": 0,
          "end": "2017-02-14T11:10:19.368Z",
          "start": "2017-02-14T11:10:19.368Z",
          "type": "NetFlow V9"
        },
        "flow": {
          "five_tuple": "10.30.18.62:34220 - 10.30.19.180:161 UDP",
          "id": "4Xk8GtQfUAo",
          "locality": "private",
          "sequence_num": 1509134
        },
        "netflow": {
          "applicationId": "BQAAJg==",
          "bgpDestinationAsNumber": 0,
          "bgpSourceAsNumber": 0,
          "destinationIPv4Address": "10.30.19.180",
          "destinationMacAddress": "1c:df:0f:7e:c3:58",
          "destinationTransportPort": 161,
          "egressInterface": 0,
          "flowDirection": 0,
          "flowEndSysUpTime": 4095633944,
          "flowStartSysUpTime": 4095633944,
          "fragmentIdentification": 0,
          "ingressInterface": 1,
          "ipClassOfService": 0,
          "ipDiffServCodePoint": 0,
          "ipNextHopIPv4Address": "0.0.0.0",
          "octetDeltaCount": 106,
          "packetDeltaCount": 1,
          "protocolIdentifier": 17,
          "samplerId": 0,
          "sourceIPv4Address": "10.30.18.62",
          "sourceIPv4Prefix": "10.30.18.0",
          "sourceIPv4PrefixLength": 23,
          "sourceMacAddress": "00:50:56:91:56:86",
          "sourceTransportPort": 34220,
          "tcpSourcePort": 0,
          "template_id": 262,
          "udpDestinationPort": 161
        },
        "network": {
          "direction": "inbound",
          "protocol": "UDP",
          "total": {
            "bytes": 106,
            "packets": 1
          }
        },
        "source": {
          "ip": "10.30.18.62",
          "locality": "private",
          "mac": "00:50:56:91:56:86",
          "port": 34220
        }
      },
      "Private": null
    },
    {
      "Timestamp": "2018-08-26T20:30:41.013545202Z",
      "Meta": null,
      "Fields": {
        "destination": {
          "ip": "10.30.19.180",
          "locality": "private",
          "mac": "1c:df:0f:7e:c3:58",
          "port": 2048
        },
        "device": {
          "ip": "192.0.2.1"
        },
        "event": {
          "created": "2017-02-14T11:10:36Z",
          "duration": 0,
          "end": "2017-02-14T11:10:19.924Z",
          "start": "2017-02-14T11:10:19.924Z",
          "type": "NetFlow V9"
        },
        "flow": {
          "five_tuple": "10.30.19.180:2048 - 10.10.172.60:0 ICMP",
          "id": "tfLRXnB6AOA",
          "locality": "private",
          "sequence_num": 1509134
        },
        "netflow": {
          "applicationId": "AQAAAQ==",
          "bgpDestinationAsNumber": 0,
          "bgpSourceAsNumber": 0,
          "destinationIPv4Address": "10.30.19.180",
          "destinationMacAddress": "1c:df:0f:7e:c3:58",
          "destinationTransportPort": 2048,
          "egressInterface": 0,
          "flowDirection": 0,
          "flowEndSysUpTime": 4095634500,
          "flowStartSysUpTime": 4095634500,
          "fragmentIdentification": 0,
          "ingressInterface": 1,
          "ipClassOfService": 0,
          "ipDiffServCodePoint": 0,
          "ipNextHopIPv4Address": "0.0.0.0",
          "octetDeltaCount": 44,
          "packetDeltaCount": 1,
          "protocolIdentifier": 1,
          "samplerId": 0,
          "sourceIPv4Address": "10.10.172.60",
          "sourceIPv4Prefix": "0.0.0.0",
          "sourceIPv4PrefixLength": 0,
          "sourceMacAddress": "00:18:19:9e:6c:01",
          "sourceTransportPort": 0,
          "tcpSourcePort": 0,
          "template_id": 262,
          "udpDestinationPort": 0
        },
        "network": {
          "direction": "inbound",
          "protocol": "ICMP",
          "total": {
            "bytes": 44,
            "packets": 1
          }
        },
        "source": {
          "ip": "10.10.172.60",
          "locality": "private",
          "mac": "00:18:19:9e:6c:01"
        }
      },
      "Private": null
    },
    {
      "Timestamp": "2018-08-26T20:30:41.013545202Z",
      "Meta": null,
      "Fields": {
        "destination": {
          "ip": "10.30.19.180",
          "locality": "private",
          "mac": "1c:df:0f:7e:c3:58",
          "port": 123
        },
        "device": {
          "ip": "192.0.2.1"
        },
        "event": {
          "created": "2017-02-14T11:10:36Z",
          "duration": 0,
          "end": "2017-02-14T11:10:19.996Z",
          "start": "2017-02-14T11:10:19.996Z",
          "type": "NetFlow V9"
        },
        "flow": {
          "five_tuple": "10.10.172.60:123 - 10.30.19.180:123 UDP",
          "id": "1mfP23NPuB8",
          "locality": "private",
          "sequence_num": 1509134
        },
        "netflow": {
          "applicationId": "AwAAew==",
          "bgpDestinationAsNumber": 0,
          "bgpSourceAsNumber": 0,
          "destinationIPv4Address": "10.30.19.180",
          "destinationMacAddress": "1c:df:0f:7e:c3:58",
          "destinationTransportPort": 123,
          "egressInterface": 0,
          "flowDirection": 0,
          "flowEndSysUpTime": 4095634572,
          "flowStartSysUpTime": 4095634572,
          "fragmentIdentification": 0,
          "ingressInterface": 1,
          "ipClassOfService": 192,
          "ipDiffServCodePoint": 48,
          "ipNextHopIPv4Address": "0.0.0.0",
          "octetDeltaCount": 76,
          "packetDeltaCount": 1,
          "protocolIdentifier": 17,
          "samplerId": 0,
          "sourceIPv4Address": "10.10.172.60",
          "sourceIPv4Prefix": "0.0.0.0",
          "sourceIPv4PrefixLength": 0,
          "sourceMacAddress": "00:18:19:9e:6c:01",
          "sourceTransportPort": 123,
          "tcpSourcePort": 0,
          "template_id": 262,
          "udpDestinationPort": 123
        },
        "network": {
          "direction": "inbound",
          "protocol": "UDP",
          "total": {
            "bytes": 76,
            "packets": 1
          }
        },
        "source": {
          "ip": "10.10.172.60",
          "locality": "private",
          "mac": "00:18:19:9e:6c:01",
          "port": 123
        }
      },
      "Private": null
    },
    {
      "Timestamp": "2018-08-26T20:30:41.013545202Z",
      "Meta": null,
      "Fields": {
        "destination": {
          "ip": "10.30.19.180",
          "locality": "private",
          "mac": "1c:df:0f:7e:c3:58",
          "port": 161
        },
        "device": {
          "ip": "192.0.2.1"
        },
        "event": {
          "created": "2017-02-14T11:10:36Z",
          "duration": 72000000,
          "end": "2017-02-14T11:10:20.008Z",
          "start": "2017-02-14T11:10:19.936Z",
          "type": "NetFlow V9"
        },
        "flow": {
          "five_tuple": "10.10.172.60:45269 - 10.30.19.180:161 UDP",
          "id": "g6a7KlISbtM",
          "locality": "private",
          "sequence_num": 1509134
        },
        "netflow": {
          "applicationId": "BQAAJg==",
          "bgpDestinationAsNumber": 0,
          "bgpSourceAsNumber": 0,
          "destinationIPv4Address": "10.30.19.180",
          "destinationMacAddress": "1c:df:0f:7e:c3:58",
          "destinationTransportPort": 161,
          "egressInterface": 0,
          "flowDirection": 0,
          "flowEndSysUpTime": 4095634584,
          "flowStartSysUpTime": 4095634512,
          "fragmentIdentification": 0,
          "ingressInterface": 1,
          "ipClassOfService": 0,
          "ipDiffServCodePoint": 0,
          "ipNextHopIPv4Address": "0.0.0.0",
          "octetDeltaCount": 2794,
          "packetDeltaCount": 36,
          "protocolIdentifier": 17,
          "samplerId": 0,
          "sourceIPv4Address": "10.10.172.60",
          "sourceIPv4Prefix": "0.0.0.0",
          "sourceIPv4PrefixLength": 0,
          "sourceMacAddress": "00:18:19:9e:6c:01",
          "sourceTransportPort": 45269,
          "tcpSourcePort": 0,
          "template_id": 262,
          "udpDestinationPort": 161
        },
        "network": {
          "direction": "inbound",
          "protocol": "UDP",
          "total": {
            "bytes": 2794,
            "packets": 36
          }
        },
        "source": {
          "ip": "10.10.172.60",
          "locality": "private",
          "mac": "00:18:19:9e:6c:01",
          "port": 45269
        }
      },
      "Private": null
    }
  ]
}