{
  "test_name": "Netflow 9 Cisco ASA",
  "error": "failed to decode payload: EOF"
}