{
  "test_name": "Netflow 9 Palo Alto 1 flowset in large zero filled packet",
  "error": "failed to decode payload: EOF"
}