{
  "test_name": "Netflow 9 Fortigate FortiOS 5.2.1",
  "events": [
    {
      "Timestamp": "2018-08-26T20:30:41.013545202Z",
      "Meta": null,
      "Fields": {
        "destination": {
          "ip": "31.13.87.36",
          "locality": "public",
          "port": 443
        },
        "device": {
          "ip": "192.0.2.1"
        },
        "event": {
          "created": "2017-07-18T05:41:59Z",
          "duration": 0,
          "end": "2017-07-18T05:41:59Z",
          "start": "2017-07-18T05:41:59Z",
          "type": "NetFlow V9"
        },
        "flow": {
          "five_tuple": "192.168.99.7:61910 - 31.13.87.36:443 TCP",
          "id": "SKsZNpZob60",
          "locality": "public",
          "sequence_num": 13635
        },
        "netflow": {
          "destinationIPv4Address": "31.13.87.36",
          "destinationTransportPort": 443,
          "egressInterface": 3,
          "flowEndSysUpTime": 621770700,
          "flowStartSysUpTime": 621761700,
          "ingressInterface": 9,
          "octetDeltaCount": 152,
          "packetDeltaCount": 3,
          "postOctetDeltaCount": 0,
          "postPacketDeltaCount": 0,
          "protocolIdentifier": 6,
          "sourceIPv4Address": "192.168.99.7",
          "sourceTransportPort": 61910,
          "template_id": 257
        },
        "network": {
          "protocol": "TCP",
          "total": {
            "bytes": 152,
            "packets": 3
          }
        },
        "source": {
          "ip": "192.168.99.7",
          "locality": "private",
          "port": 61910
        }
      },
      "Private": null
    }
  ]
}