{
  "test_name": "Netflow 9 Cisco NBAR options template 260",
  "error": "failed to decode payload: EOF"
}