{
  "test_name": "Netflow 9 Fortigate FortiOS 54x appid",
  "events": [
    {
      "Timestamp": "2018-08-26T20:30:41.013545202Z",
      "Meta": null,
      "Fields": {
        "destination": {
          "ip": "182.50.136.239",
          "locality": "public",
          "port": 80
        },
        "device": {
          "ip": "192.0.2.1"
        },
        "event": {
          "created": "2018-05-11T00:54:11Z",
          "duration": 410000000,
          "end": "2018-05-11T00:54:09.99Z",
          "start": "2018-05-11T00:54:09.58Z",
          "type": "NetFlow V9"
        },
        "flow": {
          "five_tuple": "192.168.100.151:45380 - 182.50.136.239:80 TCP",
          "id": "FfT-8jRRvok",
          "locality": "public",
          "sequence_num": 350
        },
        "netflow": {
          "applicationId": "FAAAMEQAAI80",
          "destinationIPv4Address": "182.50.136.239",
          "destinationTransportPort": 80,
          "egressInterface": 2,
          "flowEndReason": 3,
          "flowEndSysUpTime": 2431090,
          "flowStartSysUpTime": 2430680,
          "forwardingStatus": 64,
          "ingressInterface": 8,
          "octetDeltaCount": 748,
          "packetDeltaCount": 6,
          "postNAPTDestinationTransportPort": 0,
          "postNAPTSourceTransportPort": 45380,
          "postNATDestinationIPv4Address": "0.0.0.0",
          "postNATSourceIPv4Address": "10.0.0.250",
          "postOctetDeltaCount": 748,
          "postPacketDeltaCount": 6,
          "protocolIdentifier": 6,
          "sourceIPv4Address": "192.168.100.151",
          "sourceTransportPort": 45380,
          "template_id": 262
        },
        "network": {
          "protocol": "TCP",
          "total": {
            "bytes": 748,
            "packets": 6
          }
        },
        "source": {
          "ip": "192.168.100.151",
          "locality": "private",
          "port": 45380
        }
      },
      "Private": null
    },
    {
      "Timestamp": "2018-08-26T20:30:41.013545202Z",
      "Meta": null,
      "Fields": {
        "destination": {
          "ip": "192.168.100.151",
          "locality": "private",
          "port": 44778
        },
        "device": {
          "ip": "192.0.2.1"
        },
        "event": {
          "created": "2018-05-11T00:54:11Z",
          "duration": 1130000000,
          "end": "2018-05-11T00:54:09.74Z",
          "start": "2018-05-11T00:54:08.61Z",
          "type": "NetFlow V9"
        },
        "flow": {
          "five_tuple": "192.168.100.151:44778 - 208.100.17.187:443 TCP",
          "id": "bZjTG4EkhLs",
          "locality": "public",
          "sequence_num": 350
        },
        "netflow": {
          "applicationId": "FAAAMEQAAJ54",
          "destinationIPv4Address": "192.168.100.151",
          "destinationTransportPort": 44778,
          "egressInterface": 8,
          "flowEndReason": 3,
          "flowEndSysUpTime": 2430840,
          "flowStartSysUpTime": 2429710,
          "forwardingStatus": 64,
          "ingressInterface": 2,
          "octetDeltaCount": 6948,
          "packetDeltaCount": 10,
          "postNAPTDestinationTransportPort": 44778,
          "postNAPTSourceTransportPort": 0,
          "postNATDestinationIPv4Address": "10.0.0.250",
          "postNATSourceIPv4Address": "0.0.0.0",
          "postOctetDeltaCount": 6948,
          "postPacketDeltaCount": 10,
          "protocolIdentifier": 6,
          "sourceIPv4Address": "208.100.17.187",
          "sourceTransportPort": 443,
          "template_id": 262
        },
        "network": {
          "protocol": "TCP",
          "total": {
            "bytes": 6948,
            "packets": 10
          }
        },
        "source": {
          "ip": "208.100.17.187",
          "locality": "public",
          "port": 443
        }
      },
      "Private": null
    },
    {
      "Timestamp": "2018-08-26T20:30:41.013545202Z",
      "Meta": null,
      "Fields": {
        "destination": {
          "ip": "208.100.17.187",
          "locality": "public",
          "port": 443
        },
        "device": {
          "ip": "192.0.2.1"
        },
        "event": {
          "created": "2018-05-11T00:54:11Z",
          "duration": 1130000000,
          "end": "2018-05-11T00:54:09.74Z",
          "start": "2018-05-11T00:54:08.61Z",
          "type": "NetFlow V9"
        },
        "flow": {
          "five_tuple": "192.168.100.151:44778 - 208.100.17.187:443 TCP",
          "id": "bZjTG4EkhLs",
          "locality": "public",
          "sequence_num": 350
        },
        "netflow": {
          "applicationId": "FAAAMEQAAJ54",
          "destinationIPv4Address": "208.100.17.187",
          "destinationTransportPort": 443,
          "egressInterface": 2,
          "flowEndReason": 3,
          "flowEndSysUpTime": 2430840,
          "flowStartSysUpTime": 2429710,
          "forwardingStatus": 64,
          "ingressInterface": 8,
          "octetDeltaCount": 1584,
          "packetDeltaCount": 14,
          "postNAPTDestinationTransportPort": 0,
          "postNAPTSourceTransportPort": 44778,
          "postNATDestinationIPv4Address": "0.0.0.0",
          "postNATSourceIPv4Address": "10.0.0.250",
          "postOctetDeltaCount": 1584,
          "postPacketDeltaCount": 14,
          "protocolIdentifier": 6,
          "sourceIPv4Address": "192.168.100.151",
          "sourceTransportPort": 44778,
          "template_id": 262
        },
        "network": {
          "protocol": "TCP",
          "total": {
            "bytes": 1584,
            "packets": 14
          }
        },
        "source": {
          "ip": "192.168.100.151",
          "locality": "private",
          "port": 44778
        }
      },
      "Private": null
    },
    {
      "Timestamp": "2018-08-26T20:30:41.013545202Z",
      "Meta": null,
      "Fields": {
        "destination": {
          "ip": "192.168.100.151",
          "locality": "private",
          "port": 50618
        },
        "device": {
          "ip": "192.0.2.1"
        },
        "event": {
          "created": "2018-05-11T00:54:11Z",
          "duration": 1040000000,
          "end": "2018-05-11T00:54:09.74Z",
          "start": "2018-05-11T00:54:08.7Z",
          "type": "NetFlow V9"
        },
        "flow": {
          "five_tuple": "192.168.100.151:50618 - 208.100.17.189:443 TCP",
          "id": "kZjCeMUhjqE",
          "locality": "public",
          "sequence_num": 350
        },
        "netflow": {
          "applicationId": "FAAAMEQAAJ54",
          "destinationIPv4Address": "192.168.100.151",
          "destinationTransportPort": 50618,
          "egressInterface": 8,
          "flowEndReason": 3,
          "flowEndSysUpTime": 2430840,
          "flowStartSysUpTime": 2429800,
          "forwardingStatus": 64,
          "ingressInterface": 2,
          "octetDeltaCount": 8201,
          "packetDeltaCount": 11,
          "postNAPTDestinationTransportPort": 50618,
          "postNAPTSourceTransportPort": 0,
          "postNATDestinationIPv4Address": "10.0.0.250",
          "postNATSourceIPv4Address": "0.0.0.0",
          "postOctetDeltaCount": 8201,
          "postPacketDeltaCount": 11,
          "protocolIdentifier": 6,
          "sourceIPv4Address": "208.100.17.189",
          "sourceTransportPort": 443,
          "template_id": 262
        },
        "network": {
          "protocol": "TCP",
          "total": {
            "bytes": 8201,
            "packets": 11
          }
        },
        "source": {
          "ip": "208.100.17.189",
          "locality": "public",
          "port": 443
        }
      },
      "Private": null
    },
    {
      "Timestamp": "2018-08-26T20:30:41.013545202Z",
      "Meta": null,
      "Fields": {
        "destination": {
          "ip": "208.100.17.189",
          "locality": "public",
          "port": 443
        },
        "device": {
          "ip": "192.0.2.1"
        },
        "event": {
          "created": "2018-05-11T00:54:11Z",
          "duration": 1040000000,
          "end": "2018-05-11T00:54:09.74Z",
          "start": "2018-05-11T00:54:08.7Z",
          "type": "NetFlow V9"
        },
        "flow": {
          "five_tuple": "192.168.100.151:50618 - 208.100.17.189:443 TCP",
          "id": "kZjCeMUhjqE",
          "locality": "public",
          "sequence_num": 350
        },
        "netflow": {
          "applicationId": "FAAAMEQAAJ54",
          "destinationIPv4Address": "208.100.17.189",
          "destinationTransportPort": 443,
          "egressInterface": 2,
          "flowEndReason": 3,
          "flowEndSysUpTime": 2430840,
          "flowStartSysUpTime": 2429800,
          "forwardingStatus": 64,
          "ingressInterface": 8,
          "octetDeltaCount": 1729,
          "packetDeltaCount": 15,
          "postNAPTDestinationTransportPort": 0,
          "postNAPTSourceTransportPort": 50618,
          "postNATDestinationIPv4Address": "0.0.0.0",
          "postNATSourceIPv4Address": "10.0.0.250",
          "postOctetDeltaCount": 1729,
          "postPacketDeltaCount": 15,
          "protocolIdentifier": 6,
          "sourceIPv4Address": "192.168.100.151",
          "sourceTransportPort": 50618,
          "template_id": 262
        },
        "network": {
          "protocol": "TCP",
          "total": {
            "bytes": 1729,
            "packets": 15
          }
        },
        "source": {
          "ip": "192.168.100.151",
          "locality": "private",
          "port": 50618
        }
      },
      "Private": null
    },
    {
      "Timestamp": "2018-08-26T20:30:41.013545202Z",
      "Meta": null,
      "Fields": {
        "destination": {
          "ip": "192.168.100.151",
          "locality": "private",
          "port": 33660
        },
        "device": {
          "ip": "192.0.2.1"
        },
        "event": {
          "created": "2018-05-11T00:54:11Z",
          "duration": 410000000,
          "end": "2018-05-11T00:54:09.11Z",
          "start": "2018-05-11T00:54:08.7Z",
          "type": "NetFlow V9"
        },
        "flow": {
          "five_tuple": "192.168.100.151:33660 - 178.255.83.1:80 TCP",
          "id": "8PR91KFjFKw",
          "locality": "public",
          "sequence_num": 350
        },
        "netflow": {
          "applicationId": "FAAAMEQAAGTz",
          "destinationIPv4Address": "192.168.100.151",
          "destinationTransportPort": 33660,
          "egressInterface": 8,
          "flowEndReason": 3,
          "flowEndSysUpTime": 2430210,
          "flowStartSysUpTime": 2429800,
          "forwardingStatus": 64,
          "ingressInterface": 2,
          "octetDeltaCount": 1122,
          "packetDeltaCount": 5,
          "postNAPTDestinationTransportPort": 33660,
          "postNAPTSourceTransportPort": 0,
          "postNATDestinationIPv4Address": "10.0.0.250",
          "postNATSourceIPv4Address": "0.0.0.0",
          "postOctetDeltaCount": 1122,
          "postPacketDeltaCount": 5,
          "protocolIdentifier": 6,
          "sourceIPv4Address": "178.255.83.1",
          "sourceTransportPort": 80,
          "template_id": 262
        },
        "network": {
          "protocol": "TCP",
          "total": {
            "bytes": 1122,
            "packets": 5
          }
        },
        "source": {
          "ip": "178.255.83.1",
          "locality": "public",
          "port": 80
        }
      },
      "Private": null
    },
    {
      "Timestamp": "2018-08-26T20:30:41.013545202Z",
      "Meta": null,
      "Fields": {
        "destination": {
          "ip": "178.255.83.1",
          "locality": "public",
          "port": 80
        },
        "device": {
          "ip": "192.0.2.1"
        },
        "event": {
          "created": "2018-05-11T00:54:11Z",
          "duration": 410000000,
          "end": "2018-05-11T00:54:09.11Z",
          "start": "2018-05-11T00:54:08.7Z",
          "type": "NetFlow V9"
        },
        "flow": {
          "five_tuple": "192.168.100.151:33660 - 178.255.83.1:80 TCP",
          "id": "8PR91KFjFKw",
          "locality": "public",
          "sequence_num": 350
        },
        "netflow": {
          "applicationId": "FAAAMEQAAGTz",
          "destinationIPv4Address": "178.255.83.1",
          "destinationTransportPort": 80,
          "egressInterface": 2,
          "flowEndReason": 3,
          "flowEndSysUpTime": 2430210,
          "flowStartSysUpTime": 2429800,
          "forwardingStatus": 64,
          "ingressInterface": 8,
          "octetDeltaCount": 705,
          "packetDeltaCount": 5,
          "postNAPTDestinationTransportPort": 0,
          "postNAPTSourceTransportPort": 33660,
          "postNATDestinationIPv4Address": "0.0.0.0",
          "postNATSourceIPv4Address": "10.0.0.250",
          "postOctetDeltaCount": 705,
          "postPacketDeltaCount": 5,
          "protocolIdentifier": 6,
          "sourceIPv4Address": "192.168.100.151",
          "sourceTransportPort": 33660,
          "template_id": 262
        },
        "network": {
          "protocol": "TCP",
          "total": {
            "bytes": 705,
            "packets": 5
          }
        },
        "source": {
          "ip": "192.168.100.151",
          "locality": "private",
          "port": 33660
        }
      },
      "Private": null
    },
    {
      "Timestamp": "2018-08-26T20:30:41.013545202Z",
      "Meta": null,
      "Fields": {
        "destination": {
          "ip": "192.168.100.151",
          "locality": "private",
          "port": 33646
        },
        "device": {
          "ip": "192.0.2.1"
        },
        "event": {
          "created": "2018-05-11T00:54:11Z",
          "duration": 370000000,
          "end": "2018-05-11T00:54:08.53Z",
          "start": "2018-05-11T00:54:08.16Z",
          "type": "NetFlow V9"
        },
        "flow": {
          "five_tuple": "192.168.100.151:33646 - 178.255.83.1:80 TCP",
          "id": "O5vacJG8mLQ",
          "locality": "public",
          "sequence_num": 350
        },
        "netflow": {
          "applicationId": "FAAAMEQAAGTz",
          "destinationIPv4Address": "192.168.100.151",
          "destinationTransportPort": 33646,
          "egressInterface": 8,
          "flowEndReason": 3,
          "flowEndSysUpTime": 2429630,
          "flowStartSysUpTime": 2429260,
          "forwardingStatus": 64,
          "ingressInterface": 2,
          "octetDeltaCount": 1123,
          "packetDeltaCount": 5,
          "postNAPTDestinationTransportPort": 33646,
          "postNAPTSourceTransportPort": 0,
          "postNATDestinationIPv4Address": "10.0.0.250",
          "postNATSourceIPv4Address": "0.0.0.0",
          "postOctetDeltaCount": 1123,
          "postPacketDeltaCount": 5,
          "protocolIdentifier": 6,
          "sourceIPv4Address": "178.255.83.1",
          "sourceTransportPort": 80,
          "template_id": 262
        },
        "network": {
          "protocol": "TCP",
          "total": {
            "bytes": 1123,
            "packets": 5
          }
        },
        "source": {
          "ip": "178.255.83.1",
          "locality": "public",
          "port": 80
        }
      },
      "Private": null
    },
    {
      "Timestamp": "2018-08-26T20:30:41.013545202Z",
      "Meta": null,
      "Fields": {
        "destination": {
          "ip": "178.255.83.1",
          "locality": "public",
          "port": 80
        },
        "device": {
          "ip": "192.0.2.1"
        },
        "event": {
          "created": "2018-05-11T00:54:11Z",
          "duration": 370000000,
          "end": "2018-05-11T00:54:08.53Z",
          "start": "2018-05-11T00:54:08.16Z",
          "type": "NetFlow V9"
        },
        "flow": {
          "five_tuple": "192.168.100.151:33646 - 178.255.83.1:80 TCP",
          "id": "O5vacJG8mLQ",
          "locality": "public",
          "sequence_num": 350
        },
        "netflow": {
          "applicationId": "FAAAMEQAAGTz",
          "destinationIPv4Address": "178.255.83.1",
          "destinationTransportPort": 80,
          "egressInterface": 2,
          "flowEndReason": 3,
          "flowEndSysUpTime": 2429630,
          "flowStartSysUpTime": 2429260,
          "forwardingStatus": 64,
          "ingressInterface": 8,
          "octetDeltaCount": 706,
          "packetDeltaCount": 5,
          "postNAPTDestinationTransportPort": 0,
          "postNAPTSourceTransportPort": 33646,
          "postNATDestinationIPv4Address": "0.0.0.0",
          "postNATSourceIPv4Address": "10.0.0.250",
          "postOctetDeltaCount": 706,
          "postPacketDeltaCount": 5,
          "protocolIdentifier": 6,
          "sourceIPv4Address": "192.168.100.151",
          "sourceTransportPort": 33646,
          "template_id": 262
        },
        "network": {
          "protocol": "TCP",
          "total": {
            "bytes": 706,
            "packets": 5
          }
        },
        "source": {
          "ip": "192.168.100.151",
          "locality": "private",
          "port": 33646
        }
      },
      "Private": null
    },
    {
      "Timestamp": "2018-08-26T20:30:41.013545202Z",
      "Meta": null,
      "Fields": {
        "destination": {
          "ip": "192.168.100.150",
          "locality": "private",
          "port": 52970
        },
        "device": {
          "ip": "192.0.2.1"
        },
        "event": {
          "created": "2018-05-11T00:54:11Z",
          "duration": 80000000,
          "end": "2018-05-11T00:51:08.63Z",
          "start": "2018-05-11T00:51:08.55Z",
          "type": "NetFlow V9"
        },
        "flow": {
          "five_tuple": "192.168.100.150:52970 - 192.168.100.111:53 UDP",
          "id": "wdz94oax40U",
          "locality": "private",
          "sequence_num": 350
        },
        "netflow": {
          "applicationId": "FAAAMEQAAAAA",
          "destinationIPv4Address": "192.168.100.150",
          "destinationTransportPort": 52970,
          "egressInterface": 0,
          "flowEndReason": 0,
          "flowEndSysUpTime": 2249730,
          "flowStartSysUpTime": 2249650,
          "forwardingStatus": 195,
          "ingressInterface": 0,
          "octetDeltaCount": 74,
          "packetDeltaCount": 1,
          "postOctetDeltaCount": 74,
          "postPacketDeltaCount": 1,
          "protocolIdentifier": 17,
          "sourceIPv4Address": "192.168.100.111",
          "sourceTransportPort": 53,
          "template_id": 258
        },
        "network": {
          "protocol": "UDP",
          "total": {
            "bytes": 74,
            "packets": 1
          }
        },
        "source": {
          "ip": "192.168.100.111",
          "locality": "private",
          "port": 53
        }
      },
      "Private": null
    },
    {
      "Timestamp": "2018-08-26T20:30:41.013545202Z",
      "Meta": null,
      "Fields": {
        "destination": {
          "ip": "192.168.100.111",
          "locality": "private",
          "port": 53
        },
        "device": {
          "ip": "192.0.2.1"
        },
        "event": {
          "created": "2018-05-11T00:54:11Z",
          "duration": 80000000,
          "end": "2018-05-11T00:51:08.63Z",
          "start": "2018-05-11T00:51:08.55Z",
          "type": "NetFlow V9"
        },
        "flow": {
          "five_tuple": "192.168.100.150:52970 - 192.168.100.111:53 UDP",
          "id": "wdz94oax40U",
          "locality": "private",
          "sequence_num": 350
        },
        "netflow": {
          "applicationId": "FAAAMEQAAAAA",
          "destinationIPv4Address": "192.168.100.111",
          "destinationTransportPort": 53,
          "egressInterface": 0,
          "flowEndReason": 0,
          "flowEndSysUpTime": 2249730,
          "flowStartSysUpTime": 2249650,
          "forwardingStatus": 195,
          "ingressInterface": 0,
          "octetDeltaCount": 58,
          "packetDeltaCount": 1,
          "postOctetDeltaCount": 58,
          "postPacketDeltaCount": 1,
          "protocolIdentifier": 17,
          "sourceIPv4Address": "192.168.100.150",
          "sourceTransportPort": 52970,
          "template_id": 258
        },
        "network": {
          "protocol": "UDP",
          "total": {
            "bytes": 58,
            "packets": 1
          }
        },
        "source": {
          "ip": "192.168.100.150",
          "locality": "private",
          "port": 52970
        }
      },
      "Private": null
    },
    {
      "Timestamp": "2018-08-26T20:30:41.013545202Z",
      "Meta": null,
      "Fields": {
        "destination": {
          "ip": "192.168.100.150",
          "locality": "private",
          "port": 49311
        },
        "device": {
          "ip": "192.0.2.1"
        },
        "event": {
          "created": "2018-05-11T00:54:11Z",
          "duration": 80000000,
          "end": "2018-05-11T00:51:08.63Z",
          "start": "2018-05-11T00:51:08.55Z",
          "type": "NetFlow V9"
        },
        "flow": {
          "five_tuple": "192.168.100.150:49311 - 192.168.100.111:53 UDP",
          "id": "KvZZ7LW-Qdc",
          "locality": "private",
          "sequence_num": 350
        },
        "netflow": {
          "applicationId": "FAAAMEQAAAAA",
          "destinationIPv4Address": "192.168.100.150",
          "destinationTransportPort": 49311,
          "egressInterface": 0,
          "flowEndReason": 0,
          "flowEndSysUpTime": 2249730,
          "flowStartSysUpTime": 2249650,
          "forwardingStatus": 195,
          "ingressInterface": 0,
          "octetDeltaCount": 74,
          "packetDeltaCount": 1,
          "postOctetDeltaCount": 74,
          "postPacketDeltaCount": 1,
          "protocolIdentifier": 17,
          "sourceIPv4Address": "192.168.100.111",
          "sourceTransportPort": 53,
          "template_id": 258
        },
        "network": {
          "protocol": "UDP",
          "total": {
            "bytes": 74,
            "packets": 1
          }
        },
        "source": {
          "ip": "192.168.100.111",
          "locality": "private",
          "port": 53
        }
      },
      "Private": null
    },
    {
      "Timestamp": "2018-08-26T20:30:41.013545202Z",
      "Meta": null,
      "Fields": {
        "destination": {
          "ip": "192.168.100.111",
          "locality": "private",
          "port": 53
        },
        "device": {
          "ip": "192.0.2.1"
        },
        "event": {
          "created": "2018-05-11T00:54:11Z",
          "duration": 80000000,
          "end": "2018-05-11T00:51:08.63Z",
          "start": "2018-05-11T00:51:08.55Z",
          "type": "NetFlow V9"
        },
        "flow": {
          "five_tuple": "192.168.100.150:49311 - 192.168.100.111:53 UDP",
          "id": "KvZZ7LW-Qdc",
          "locality": "private",
          "sequence_num": 350
        },
        "netflow": {
          "applicationId": "FAAAMEQAAAAA",
          "destinationIPv4Address": "192.168.100.111",
          "destinationTransportPort": 53,
          "egressInterface": 0,
          "flowEndReason": 0,
          "flowEndSysUpTime": 2249730,
          "flowStartSysUpTime": 2249650,
          "forwardingStatus": 195,
          "ingressInterface": 0,
          "octetDeltaCount": 58,
          "packetDeltaCount": 1,
          "postOctetDeltaCount": 58,
          "postPacketDeltaCount": 1,
          "protocolIdentifier": 17,
          "sourceIPv4Address": "192.168.100.150",
          "sourceTransportPort": 49311,
          "template_id": 258
        },
        "network": {
          "protocol": "UDP",
          "total": {
            "bytes": 58,
            "packets": 1
          }
        },
        "source": {
          "ip": "192.168.100.150",
          "locality": "private",
          "port": 49311
        }
      },
      "Private": null
    },
    {
      "Timestamp": "2018-08-26T20:30:41.013545202Z",
      "Meta": null,
      "Fields": {
        "destination": {
          "ip": "192.168.100.150",
          "locality": "private",
          "port": 51746
        },
        "device": {
          "ip": "192.0.2.1"
        },
        "event": {
          "created": "2018-05-11T00:54:11Z",
          "duration": 2020000000,
          "end": "2018-05-11T00:54:06.21Z",
          "start": "2018-05-11T00:54:04.19Z",
          "type": "NetFlow V9"
        },
        "flow": {
          "five_tuple": "192.168.100.150:51746 - 192.168.100.111:80 TCP",
          "id": "PC3a5T13Dpw",
          "locality": "private",
          "sequence_num": 350
        },
        "netflow": {
          "applicationId": "FAAAMEQAAAAA",
          "destinationIPv4Address": "192.168.100.150",
          "destinationTransportPort": 51746,
          "egressInterface": 8,
          "flowEndReason": 3,
          "flowEndSysUpTime": 2427310,
          "flowStartSysUpTime": 2425290,
          "forwardingStatus": 195,
          "ingressInterface": 0,
          "octetDeltaCount": 1071,
          "packetDeltaCount": 5,
          "postOctetDeltaCount": 1071,
          "postPacketDeltaCount": 5,
          "protocolIdentifier": 6,
          "sourceIPv4Address": "192.168.100.111",
          "sourceTransportPort": 80,
          "template_id": 258
        },
        "network": {
          "protocol": "TCP",
          "total": {
            "bytes": 1071,
            "packets": 5
          }
        },
        "source": {
          "ip": "192.168.100.111",
          "locality": "private",
          "port": 80
        }
      },
      "Private": null
    },
    {
      "Timestamp": "2018-08-26T20:30:41.013545202Z",
      "Meta": null,
      "Fields": {
        "destination": {
          "ip": "192.168.100.111",
          "locality": "private",
          "port": 80
        },
        "device": {
          "ip": "192.0.2.1"
        },
        "event": {
          "created": "2018-05-11T00:54:11Z",
          "duration": 2020000000,
          "end": "2018-05-11T00:54:06.21Z",
          "start": "2018-05-11T00:54:04.19Z",
          "type": "NetFlow V9"
        },
        "flow": {
          "five_tuple": "192.168.100.150:51746 - 192.168.100.111:80 TCP",
          "id": "PC3a5T13Dpw",
          "locality": "private",
          "sequence_num": 350
        },
        "netflow": {
          "applicationId": "FAAAMEQAAAAA",
          "destinationIPv4Address": "192.168.100.111",
          "destinationTransportPort": 80,
          "egressInterface": 0,
          "flowEndReason": 3,
          "flowEndSysUpTime": 2427310,
          "flowStartSysUpTime": 2425290,
          "forwardingStatus": 195,
          "ingressInterface": 8,
          "octetDeltaCount": 1147,
          "packetDeltaCount": 6,
          "postOctetDeltaCount": 1147,
          "postPacketDeltaCount": 6,
          "protocolIdentifier": 6,
          "sourceIPv4Address": "192.168.100.150",
          "sourceTransportPort": 51746,
          "template_id": 258
        },
        "network": {
          "protocol": "TCP",
          "total": {
            "bytes": 1147,
            "packets": 6
          }
        },
        "source": {
          "ip": "192.168.100.150",
          "locality": "private",
          "port": 51746
        }
      },
      "Private": null
    },
    {
      "Timestamp": "2018-08-26T20:30:41.013545202Z",
      "Meta": null,
      "Fields": {
        "destination": {
          "ip": "192.168.100.150",
          "locality": "private",
          "port": 51745
        },
        "device": {
          "ip": "192.0.2.1"
        },
        "event": {
          "created": "2018-05-11T00:54:11Z",
          "duration": 4000000000,
          "end": "2018-05-11T00:54:00.19Z",
          "start": "2018-05-11T00:53:56.19Z",
          "type": "NetFlow V9"
        },
        "flow": {
          "five_tuple": "192.168.100.150:51745 - 192.168.100.111:80 TCP",
          "id": "zdGWMwGlfsg",
          "locality": "private",
          "sequence_num": 350
        },
        "netflow": {
          "applicationId": "FAAAMEQAAAAA",
          "destinationIPv4Address": "192.168.100.150",
          "destinationTransportPort": 51745,
          "egressInterface": 8,
          "flowEndReason": 3,
          "flowEndSysUpTime": 2421290,
          "flowStartSysUpTime": 2417290,
          "forwardingStatus": 195,
          "ingressInterface": 0,
          "octetDeltaCount": 1980,
          "packetDeltaCount": 6,
          "postOctetDeltaCount": 1980,
          "postPacketDeltaCount": 6,
          "protocolIdentifier": 6,
          "sourceIPv4Address": "192.168.100.111",
          "sourceTransportPort": 80,
          "template_id": 258
        },
        "network": {
          "protocol": "TCP",
          "total": {
            "bytes": 1980,
            "packets": 6
          }
        },
        "source": {
          "ip": "192.168.100.111",
          "locality": "private",
          "port": 80
        }
      },
      "Private": null
    },
    {
      "Timestamp": "2018-08-26T20:30:41.013545202Z",
      "Meta": null,
      "Fields": {
        "destination": {
          "ip": "192.168.100.111",
          "locality": "private",
          "port": 80
        },
        "device": {
          "ip": "192.0.2.1"
        },
        "event": {
          "created": "2018-05-11T00:54:11Z",
          "duration": 4000000000,
          "end": "2018-05-11T00:54:00.19Z",
          "start": "2018-05-11T00:53:56.19Z",
          "type": "NetFlow V9"
        },
        "flow": {
          "five_tuple": "192.168.100.150:51745 - 192.168.100.111:80 TCP",
          "id": "zdGWMwGlfsg",
          "locality": "private",
          "sequence_num": 350
        },
        "netflow": {
          "applicationId": "FAAAMEQAAAAA",
          "destinationIPv4Address": "192.168.100.111",
          "destinationTransportPort": 80,
          "egressInterface": 0,
          "flowEndReason": 3,
          "flowEndSysUpTime": 2421290,
          "flowStartSysUpTime": 2417290,
          "forwardingStatus": 195,
          "ingressInterface": 8,
          "octetDeltaCount": 2164,
          "packetDeltaCount": 8,
          "postOctetDeltaCount": 2164,
          "postPacketDeltaCount": 8,
          "protocolIdentifier": 6,
          "sourceIPv4Address": "192.168.100.150",
          "sourceTransportPort": 51745,
          "template_id": 258
        },
        "network": {
          "protocol": "TCP",
          "total": {
            "bytes": 2164,
            "packets": 8
          }
        },
        "source": {
          "ip": "192.168.100.150",
          "locality": "private",
          "port": 51745
        }
      },
      "Private": null
    }
  ]
}