{
  "test_name": "Netflow9 Juniper SRX options template with 0 scope field length"
}