{
  "test_name": "Netflow 9 field layer2segmentid",
  "events": [
    {
      "Timestamp": "2018-08-26T20:30:41.013545202Z",
      "Meta": null,
      "Fields": {
        "destination": {
          "ip": "80.82.237.40",
          "locality": "public",
          "port": 445
        },
        "device": {
          "ip": "192.0.2.1"
        },
        "event": {
          "created": "2018-01-16T09:45:02Z",
          "duration": 0,
          "end": "2018-01-16T09:44:47Z",
          "start": "2018-01-16T09:44:47Z",
          "type": "NetFlow V9"
        },
        "flow": {
          "five_tuple": "192.168.200.136:61926 - 80.82.237.40:445 TCP",
          "id": "tS3zN7t_rFg",
          "locality": "public",
          "sequence_num": 4773
        },
        "netflow": {
          "destinationIPv4Address": "80.82.237.40",
          "destinationTransportPort": 445,
          "flowDirection": 0,
          "flowEndSysUpTime": 5569000,
          "flowStartSysUpTime": 5569000,
          "ingressInterface": 7,
          "ingressVRFID": 0,
          "ipClassOfService": 0,
          "layer2SegmentId": 0,
          "octetDeltaCount": 52,
          "packetDeltaCount": 1,
          "paddingOctets": "AAA=",
          "protocolIdentifier": 6,
          "samplerId": 98,
          "sourceIPv4Address": "192.168.200.136",
          "sourceTransportPort": 61926,
          "template_id": 266,
          "vlanId": 3174
        },
        "network": {
          "direction": "inbound",
          "protocol": "TCP",
          "total": {
            "bytes": 52,
            "packets": 1
          }
        },
        "source": {
          "ip": "192.168.200.136",
          "locality": "private",
          "port": 61926,
          "vlan": 3174
        }
      },
      "Private": null
    }
  ]
}