{
  "test_name": "Netflow 9 H3C",
  "events": [
    {
      "Timestamp": "2018-08-26T20:30:41.013545202Z",
      "Meta": null,
      "Fields": {
        "destination": {
          "ip": "10.22.163.21",
          "locality": "private"
        },
        "device": {
          "ip": "192.0.2.1"
        },
        "event": {
          "created": "2018-05-21T09:25:04Z",
          "duration": 89519000000,
          "end": "2018-05-21T09:25:03.677Z",
          "start": "2018-05-21T09:23:34.158Z",
          "type": "NetFlow V9"
        },
        "flow": {
          "five_tuple": "10.22.166.30:0 - 10.22.163.21:0 TCP",
          "id": "6gDDasxO-4o",
          "locality": "private",
          "sequence_num": 60342277
        },
        "netflow": {
          "bgpDestinationAsNumber": 0,
          "bgpSourceAsNumber": 0,
          "destinationIPv4Address": "10.22.163.21",
          "destinationIPv4PrefixLength": 24,
          "destinationTransportPort": 0,
          "dstTrafficIndex": 4294967295,
          "egressInterface": 1590,
          "flowDirection": 0,
          "flowEndSysUpTime": 3958284082,
          "flowStartSysUpTime": 3958194563,
          "forwardingStatus": 0,
          "ingressInterface": 2662,
          "ipClassOfService": 0,
          "ipNextHopIPv4Address": "10.21.25.142",
          "ipVersion": 4,
          "ipv4RouterSc": "AAA=",
          "octetDeltaCount": 1027087,
          "packetDeltaCount": 697,
          "protocolIdentifier": 6,
          "samplingAlgorithm": 0,
          "samplingInterval": 0,
          "sourceIPv4Address": "10.22.166.30",
          "sourceIPv4PrefixLength": 24,
          "sourceTransportPort": 0,
          "srcTrafficIndex": 0,
          "tcpControlBits": 0,
          "template_id": 3281
        },
        "network": {
          "direction": "inbound",
          "protocol": "TCP",
          "total": {
            "bytes": 1027087,
            "packets": 697
          }
        },
        "source": {
          "ip": "10.22.166.30",
          "locality": "private"
        }
      },
      "Private": null
    },
    {
      "Timestamp": "2018-08-26T20:30:41.013545202Z",
      "Meta": null,
      "Fields": {
        "destination": {
          "ip": "10.21.3.172",
          "locality": "private"
        },
        "device": {
          "ip": "192.0.2.1"
        },
        "event": {
          "created": "2018-05-21T09:25:04Z",
          "duration": 60005000000,
          "end": "2018-05-21T09:25:03.662Z",
          "start": "2018-05-21T09:24:03.657Z",
          "type": "NetFlow V9"
        },
        "flow": {
          "five_tuple": "10.22.166.12:0 - 10.21.3.172:0 TCP",
          "id": "RJbWY0zxttI",
          "locality": "private",
          "sequence_num": 60342277
        },
        "netflow": {
          "bgpDestinationAsNumber": 0,
          "bgpSourceAsNumber": 0,
          "destinationIPv4Address": "10.21.3.172",
          "destinationIPv4PrefixLength": 24,
          "destinationTransportPort": 0,
          "dstTrafficIndex": 4294967295,
          "egressInterface": 494,
          "flowDirection": 0,
          "flowEndSysUpTime": 3958284067,
          "flowStartSysUpTime": 3958224062,
          "forwardingStatus": 0,
          "ingressInterface": 2662,
          "ipClassOfService": 0,
          "ipNextHopIPv4Address": "10.21.7.6",
          "ipVersion": 4,
          "ipv4RouterSc": "AAA=",
          "octetDeltaCount": 6200,
          "packetDeltaCount": 6,
          "protocolIdentifier": 6,
          "samplingAlgorithm": 0,
          "samplingInterval": 0,
          "sourceIPv4Address": "10.22.166.12",
          "sourceIPv4PrefixLength": 24,
          "sourceTransportPort": 0,
          "srcTrafficIndex": 0,
          "tcpControlBits": 0,
          "template_id": 3281
        },
        "network": {
          "direction": "inbound",
          "protocol": "TCP",
          "total": {
            "bytes": 6200,
            "packets": 6
          }
        },
        "source": {
          "ip": "10.22.166.12",
          "locality": "private"
        }
      },
      "Private": null
    },
    {
      "Timestamp": "2018-08-26T20:30:41.013545202Z",
      "Meta": null,
      "Fields": {
        "destination": {
          "ip": "10.22.178.37",
          "locality": "private"
        },
        "device": {
          "ip": "192.0.2.1"
        },
        "event": {
          "created": "2018-05-21T09:25:04Z",
          "duration": 60016000000,
          "end": "2018-05-21T09:25:03.656Z",
          "start": "2018-05-21T09:24:03.64Z",
          "type": "NetFlow V9"
        },
        "flow": {
          "five_tuple": "10.22.166.33:0 - 10.22.178.37:0 TCP",
          "id": "MfdYhUDA3Y4",
          "locality": "private",
          "sequence_num": 60342277
        },
        "netflow": {
          "bgpDestinationAsNumber": 0,
          "bgpSourceAsNumber": 0,
          "destinationIPv4Address": "10.22.178.37",
          "destinationIPv4PrefixLength": 24,
          "destinationTransportPort": 0,
          "dstTrafficIndex": 4294967295,
          "egressInterface": 2908,
          "flowDirection": 0,
          "flowEndSysUpTime": 3958284061,
          "flowStartSysUpTime": 3958224045,
          "forwardingStatus": 0,
          "ingressInterface": 2662,
          "ipClassOfService": 0,
          "ipNextHopIPv4Address": "10.21.25.202",
          "ipVersion": 4,
          "ipv4RouterSc": "AAA=",
          "octetDeltaCount": 11896,
          "packetDeltaCount": 21,
          "protocolIdentifier": 6,
          "samplingAlgorithm": 0,
          "samplingInterval": 0,
          "sourceIPv4Address": "10.22.166.33",
          "sourceIPv4PrefixLength": 24,
          "sourceTransportPort": 0,
          "srcTrafficIndex": 0,
          "tcpControlBits": 0,
          "template_id": 3281
        },
        "network": {
          "direction": "inbound",
          "protocol": "TCP",
          "total": {
            "bytes": 11896,
            "packets": 21
          }
        },
        "source": {
          "ip": "10.22.166.33",
          "locality": "private"
        }
      },
      "Private": null
    },
    {
      "Timestamp": "2018-08-26T20:30:41.013545202Z",
      "Meta": null,
      "Fields": {
        "destination": {
          "ip": "10.20.100.253",
          "locality": "private"
        },
        "device": {
          "ip": "192.0.2.1"
        },
        "event": {
          "created": "2018-05-21T09:25:04Z",
          "duration": 90011000000,
          "end": "2018-05-21T09:25:03.643Z",
          "start": "2018-05-21T09:23:33.632Z",
          "type": "NetFlow V9"
        },
        "flow": {
          "five_tuple": "10.22.166.35:0 - 10.20.100.253:0 TCP",
          "id": "_QFogYw9xiY",
          "locality": "private",
          "sequence_num": 60342277
        },
        "netflow": {
          "bgpDestinationAsNumber": 0,
          "bgpSourceAsNumber": 0,
          "destinationIPv4Address": "10.20.100.253",
          "destinationIPv4PrefixLength": 24,
          "destinationTransportPort": 0,
          "dstTrafficIndex": 4294967295,
          "egressInterface": 789,
          "flowDirection": 0,
          "flowEndSysUpTime": 3958284048,
          "flowStartSysUpTime": 3958194037,
          "forwardingStatus": 0,
          "ingressInterface": 2662,
          "ipClassOfService": 0,
          "ipNextHopIPv4Address": "10.20.17.70",
          "ipVersion": 4,
          "ipv4RouterSc": "AAA=",
          "octetDeltaCount": 1041,
          "packetDeltaCount": 3,
          "protocolIdentifier": 6,
          "samplingAlgorithm": 0,
          "samplingInterval": 0,
          "sourceIPv4Address": "10.22.166.35",
          "sourceIPv4PrefixLength": 24,
          "sourceTransportPort": 0,
          "srcTrafficIndex": 0,
          "tcpControlBits": 0,
          "template_id": 3281
        },
        "network": {
          "direction": "inbound",
          "protocol": "TCP",
          "total": {
            "bytes": 1041,
            "packets": 3
          }
        },
        "source": {
          "ip": "10.22.166.35",
          "locality": "private"
        }
      },
      "Private": null
    },
    {
      "Timestamp": "2018-08-26T20:30:41.013545202Z",
      "Meta": null,
      "Fields": {
        "destination": {
          "ip": "10.20.136.36",
          "locality": "private"
        },
        "device": {
          "ip": "192.0.2.1"
        },
        "event": {
          "created": "2018-05-21T09:25:04Z",
          "duration": 30000000000,
          "end": "2018-05-21T09:24:03.629Z",
          "start": "2018-05-21T09:23:33.629Z",
          "type": "NetFlow V9"
        },
        "flow": {
          "five_tuple": "10.22.166.36:0 - 10.20.136.36:0 TCP",
          "id": "-O7eEnuq5LI",
          "locality": "private",
          "sequence_num": 60342277
        },
        "netflow": {
          "bgpDestinationAsNumber": 0,
          "bgpSourceAsNumber": 0,
          "destinationIPv4Address": "10.20.136.36",
          "destinationIPv4PrefixLength": 24,
          "destinationTransportPort": 0,
          "dstTrafficIndex": 4294967295,
          "egressInterface": 1246,
          "flowDirection": 0,
          "flowEndSysUpTime": 3958224034,
          "flowStartSysUpTime": 3958194034,
          "forwardingStatus": 0,
          "ingressInterface": 2662,
          "ipClassOfService": 0,
          "ipNextHopIPv4Address": "10.20.17.162",
          "ipVersion": 4,
          "ipv4RouterSc": "AAA=",
          "octetDeltaCount": 1740,
          "packetDeltaCount": 20,
          "protocolIdentifier": 6,
          "samplingAlgorithm": 0,
          "samplingInterval": 0,
          "sourceIPv4Address": "10.22.166.36",
          "sourceIPv4PrefixLength": 24,
          "sourceTransportPort": 0,
          "srcTrafficIndex": 0,
          "tcpControlBits": 0,
          "template_id": 3281
        },
        "network": {
          "direction": "inbound",
          "protocol": "TCP",
          "total": {
            "bytes": 1740,
            "packets": 20
          }
        },
        "source": {
          "ip": "10.22.166.36",
          "locality": "private"
        }
      },
      "Private": null
    },
    {
      "Timestamp": "2018-08-26T20:30:41.013545202Z",
      "Meta": null,
      "Fields": {
        "destination": {
          "ip": "10.20.147.28",
          "locality": "private"
        },
        "device": {
          "ip": "192.0.2.1"
        },
        "event": {
          "created": "2018-05-21T09:25:04Z",
          "duration": 29467000000,
          "end": "2018-05-21T09:24:03.669Z",
          "start": "2018-05-21T09:23:34.202Z",
          "type": "NetFlow V9"
        },
        "flow": {
          "five_tuple": "10.22.166.36:0 - 10.20.147.28:0 TCP",
          "id": "pcgnaJ3iCvI",
          "locality": "private",
          "sequence_num": 60342277
        },
        "netflow": {
          "bgpDestinationAsNumber": 0,
          "bgpSourceAsNumber": 0,
          "destinationIPv4Address": "10.20.147.28",
          "destinationIPv4PrefixLength": 24,
          "destinationTransportPort": 0,
          "dstTrafficIndex": 4294967295,
          "egressInterface": 1285,
          "flowDirection": 0,
          "flowEndSysUpTime": 3958224074,
          "flowStartSysUpTime": 3958194607,
          "forwardingStatus": 0,
          "ingressInterface": 2662,
          "ipClassOfService": 0,
          "ipNextHopIPv4Address": "10.20.17.206",
          "ipVersion": 4,
          "ipv4RouterSc": "AAA=",
          "octetDeltaCount": 2998,
          "packetDeltaCount": 16,
          "protocolIdentifier": 6,
          "samplingAlgorithm": 0,
          "samplingInterval": 0,
          "sourceIPv4Address": "10.22.166.36",
          "sourceIPv4PrefixLength": 24,
          "sourceTransportPort": 0,
          "srcTrafficIndex": 0,
          "tcpControlBits": 0,
          "template_id": 3281
        },
        "network": {
          "direction": "inbound",
          "protocol": "TCP",
          "total": {
            "bytes": 2998,
            "packets": 16
          }
        },
        "source": {
          "ip": "10.22.166.36",
          "locality": "private"
        }
      },
      "Private": null
    },
    {
      "Timestamp": "2018-08-26T20:30:41.013545202Z",
      "Meta": null,
      "Fields": {
        "destination": {
          "ip": "10.20.141.16",
          "locality": "private"
        },
        "device": {
          "ip": "192.0.2.1"
        },
        "event": {
          "created": "2018-05-21T09:25:04Z",
          "duration": 29452000000,
          "end": "2018-05-21T09:24:03.67Z",
          "start": "2018-05-21T09:23:34.218Z",
          "type": "NetFlow V9"
        },
        "flow": {
          "five_tuple": "10.22.166.28:0 - 10.20.141.16:0 TCP",
          "id": "_gbuwRW4AVE",
          "locality": "private",
          "sequence_num": 60342277
        },
        "netflow": {
          "bgpDestinationAsNumber": 0,
          "bgpSourceAsNumber": 0,
          "destinationIPv4Address": "10.20.141.16",
          "destinationIPv4PrefixLength": 24,
          "destinationTransportPort": 0,
          "dstTrafficIndex": 4294967295,
          "egressInterface": 1271,
          "flowDirection": 0,
          "flowEndSysUpTime": 3958224075,
          "flowStartSysUpTime": 3958194623,
          "forwardingStatus": 0,
          "ingressInterface": 2662,
          "ipClassOfService": 0,
          "ipNextHopIPv4Address": "10.20.17.182",
          "ipVersion": 4,
          "ipv4RouterSc": "AAA=",
          "octetDeltaCount": 55773,
          "packetDeltaCount": 37,
          "protocolIdentifier": 6,
          "samplingAlgorithm": 0,
          "samplingInterval": 0,
          "sourceIPv4Address": "10.22.166.28",
          "sourceIPv4PrefixLength": 24,
          "sourceTransportPort": 0,
          "srcTrafficIndex": 0,
          "tcpControlBits": 0,
          "template_id": 3281
        },
        "network": {
          "direction": "inbound",
          "protocol": "TCP",
          "total": {
            "bytes": 55773,
            "packets": 37
          }
        },
        "source": {
          "ip": "10.22.166.28",
          "locality": "private"
        }
      },
      "Private": null
    },
    {
      "Timestamp": "2018-08-26T20:30:41.013545202Z",
      "Meta": null,
      "Fields": {
        "destination": {
          "ip": "10.20.162.17",
          "locality": "private"
        },
        "device": {
          "ip": "192.0.2.1"
        },
        "event": {
          "created": "2018-05-21T09:25:04Z",
          "duration": 29449000000,
          "end": "2018-05-21T09:24:03.684Z",
          "start": "2018-05-21T09:23:34.235Z",
          "type": "NetFlow V9"
        },
        "flow": {
          "five_tuple": "10.22.166.35:0 - 10.20.162.17:0 TCP",
          "id": "VOe0rUor-cg",
          "locality": "private",
          "sequence_num": 60342277
        },
        "netflow": {
          "bgpDestinationAsNumber": 0,
          "bgpSourceAsNumber": 0,
          "destinationIPv4Address": "10.20.162.17",
          "destinationIPv4PrefixLength": 24,
          "destinationTransportPort": 0,
          "dstTrafficIndex": 4294967295,
          "egressInterface": 1472,
          "flowDirection": 0,
          "flowEndSysUpTime": 3958224089,
          "flowStartSysUpTime": 3958194640,
          "forwardingStatus": 0,
          "ingressInterface": 2662,
          "ipClassOfService": 0,
          "ipNextHopIPv4Address": "10.20.19.138",
          "ipVersion": 4,
          "ipv4RouterSc": "AAA=",
          "octetDeltaCount": 3239438,
          "packetDeltaCount": 2135,
          "protocolIdentifier": 6,
          "samplingAlgorithm": 0,
          "samplingInterval": 0,
          "sourceIPv4Address": "10.22.166.35",
          "sourceIPv4PrefixLength": 24,
          "sourceTransportPort": 0,
          "srcTrafficIndex": 0,
          "tcpControlBits": 0,
          "template_id": 3281
        },
        "network": {
          "direction": "inbound",
          "protocol": "TCP",
          "total": {
            "bytes": 3239438,
            "packets": 2135
          }
        },
        "source": {
          "ip": "10.22.166.35",
          "locality": "private"
        }
      },
      "Private": null
    },
    {
      "Timestamp": "2018-08-26T20:30:41.013545202Z",
      "Meta": null,
      "Fields": {
        "destination": {
          "ip": "10.20.171.36",
          "locality": "private"
        },
        "device": {
          "ip": "192.0.2.1"
        },
        "event": {
          "created": "2018-05-21T09:25:04Z",
          "duration": 30000000000,
          "end": "2018-05-21T09:24:03.685Z",
          "start": "2018-05-21T09:23:33.685Z",
          "type": "NetFlow V9"
        },
        "flow": {
          "five_tuple": "10.22.166.15:0 - 10.20.171.36:0 TCP",
          "id": "nkp7tr2MVcs",
          "locality": "private",
          "sequence_num": 60342277
        },
        "netflow": {
          "bgpDestinationAsNumber": 0,
          "bgpSourceAsNumber": 0,
          "destinationIPv4Address": "10.20.171.36",
          "destinationIPv4PrefixLength": 24,
          "destinationTransportPort": 0,
          "dstTrafficIndex": 4294967295,
          "egressInterface": 1513,
          "flowDirection": 0,
          "flowEndSysUpTime": 3958224090,
          "flowStartSysUpTime": 3958194090,
          "forwardingStatus": 0,
          "ingressInterface": 2662,
          "ipClassOfService": 0,
          "ipNextHopIPv4Address": "10.20.19.174",
          "ipVersion": 4,
          "ipv4RouterSc": "AAA=",
          "octetDeltaCount": 5701,
          "packetDeltaCount": 20,
          "protocolIdentifier": 6,
          "samplingAlgorithm": 0,
          "samplingInterval": 0,
          "sourceIPv4Address": "10.22.166.15",
          "sourceIPv4PrefixLength": 24,
          "sourceTransportPort": 0,
          "srcTrafficIndex": 0,
          "tcpControlBits": 0,
          "template_id": 3281
        },
        "network": {
          "direction": "inbound",
          "protocol": "TCP",
          "total": {
            "bytes": 5701,
            "packets": 20
          }
        },
        "source": {
          "ip": "10.22.166.15",
          "locality": "private"
        }
      },
      "Private": null
    },
    {
      "Timestamp": "2018-08-26T20:30:41.013545202Z",
      "Meta": null,
      "Fields": {
        "destination": {
          "ip": "10.22.208.12",
          "locality": "private"
        },
        "device": {
          "ip": "192.0.2.1"
        },
        "event": {
          "created": "2018-05-21T09:25:04Z",
          "duration": 29391000000,
          "end": "2018-05-21T09:24:03.691Z",
          "start": "2018-05-21T09:23:34.3Z",
          "type": "NetFlow V9"
        },
        "flow": {
          "five_tuple": "10.22.166.2:0 - 10.22.208.12:0 TCP",
          "id": "WxCFEmsTIh0",
          "locality": "private",
          "sequence_num": 60342277
        },
        "netflow": {
          "bgpDestinationAsNumber": 0,
          "bgpSourceAsNumber": 0,
          "destinationIPv4Address": "10.22.208.12",
          "destinationIPv4PrefixLength": 24,
          "destinationTransportPort": 0,
          "dstTrafficIndex": 4294967295,
          "egressInterface": 2967,
          "flowDirection": 0,
          "flowEndSysUpTime": 3958224096,
          "flowStartSysUpTime": 3958194705,
          "forwardingStatus": 0,
          "ingressInterface": 2662,
          "ipClassOfService": 0,
          "ipNextHopIPv4Address": "10.21.29.66",
          "ipVersion": 4,
          "ipv4RouterSc": "AAA=",
          "octetDeltaCount": 4255012,
          "packetDeltaCount": 2804,
          "protocolIdentifier": 6,
          "samplingAlgorithm": 0,
          "samplingInterval": 0,
          "sourceIPv4Address": "10.22.166.2",
          "sourceIPv4PrefixLength": 24,
          "sourceTransportPort": 0,
          "srcTrafficIndex": 0,
          "tcpControlBits": 0,
          "template_id": 3281
        },
        "network": {
          "direction": "inbound",
          "protocol": "TCP",
          "total": {
            "bytes": 4255012,
            "packets": 2804
          }
        },
        "source": {
          "ip": "10.22.166.2",
          "locality": "private"
        }
      },
      "Private": null
    },
    {
      "Timestamp": "2018-08-26T20:30:41.013545202Z",
      "Meta": null,
      "Fields": {
        "destination": {
          "ip": "10.22.196.21",
          "locality": "private"
        },
        "device": {
          "ip": "192.0.2.1"
        },
        "event": {
          "created": "2018-05-21T09:25:04Z",
          "duration": 29196000000,
          "end": "2018-05-21T09:24:03.699Z",
          "start": "2018-05-21T09:23:34.503Z",
          "type": "NetFlow V9"
        },
        "flow": {
          "five_tuple": "10.22.166.28:0 - 10.22.196.21:0 TCP",
          "id": "rAIv2psXy74",
          "locality": "private",
          "sequence_num": 60342277
        },
        "netflow": {
          "bgpDestinationAsNumber": 0,
          "bgpSourceAsNumber": 0,
          "destinationIPv4Address": "10.22.196.21",
          "destinationIPv4PrefixLength": 24,
          "destinationTransportPort": 0,
          "dstTrafficIndex": 4294967295,
          "egressInterface": 2719,
          "flowDirection": 0,
          "flowEndSysUpTime": 3958224104,
          "flowStartSysUpTime": 3958194908,
          "forwardingStatus": 0,
          "ingressInterface": 2662,
          "ipClassOfService": 0,
          "ipNextHopIPv4Address": "10.21.29.18",
          "ipVersion": 4,
          "ipv4RouterSc": "AAA=",
          "octetDeltaCount": 37557,
          "packetDeltaCount": 25,
          "protocolIdentifier": 6,
          "samplingAlgorithm": 0,
          "samplingInterval": 0,
          "sourceIPv4Address": "10.22.166.28",
          "sourceIPv4PrefixLength": 24,
          "sourceTransportPort": 0,
          "srcTrafficIndex": 0,
          "tcpControlBits": 0,
          "template_id": 3281
        },
        "network": {
          "direction": "inbound",
          "protocol": "TCP",
          "total": {
            "bytes": 37557,
            "packets": 25
          }
        },
        "source": {
          "ip": "10.22.166.28",
          "locality": "private"
        }
      },
      "Private": null
    },
    {
      "Timestamp": "2018-08-26T20:30:41.013545202Z",
      "Meta": null,
      "Fields": {
        "destination": {
          "ip": "10.22.202.15",
          "locality": "private"
        },
        "device": {
          "ip": "192.0.2.1"
        },
        "event": {
          "created": "2018-05-21T09:25:04Z",
          "duration": 30000000000,
          "end": "2018-05-21T09:24:03.753Z",
          "start": "2018-05-21T09:23:33.753Z",
          "type": "NetFlow V9"
        },
        "flow": {
          "five_tuple": "10.22.166.25:0 - 10.22.202.15:0 TCP",
          "id": "lR18K-eSVNM",
          "locality": "private",
          "sequence_num": 60342277
        },
        "netflow": {
          "bgpDestinationAsNumber": 0,
          "bgpSourceAsNumber": 0,
          "destinationIPv4Address": "10.22.202.15",
          "destinationIPv4PrefixLength": 24,
          "destinationTransportPort": 0,
          "dstTrafficIndex": 4294967295,
          "egressInterface": 2953,
          "flowDirection": 0,
          "flowEndSysUpTime": 3958224158,
          "flowStartSysUpTime": 3958194158,
          "forwardingStatus": 0,
          "ingressInterface": 2662,
          "ipClassOfService": 0,
          "ipNextHopIPv4Address": "10.21.29.42",
          "ipVersion": 4,
          "ipv4RouterSc": "AAA=",
          "octetDeltaCount": 23676,
          "packetDeltaCount": 68,
          "protocolIdentifier": 6,
          "samplingAlgorithm": 0,
          "samplingInterval": 0,
          "sourceIPv4Address": "10.22.166.25",
          "sourceIPv4PrefixLength": 24,
          "sourceTransportPort": 0,
          "srcTrafficIndex": 0,
          "tcpControlBits": 0,
          "template_id": 3281
        },
        "network": {
          "direction": "inbound",
          "protocol": "TCP",
          "total": {
            "bytes": 23676,
            "packets": 68
          }
        },
        "source": {
          "ip": "10.22.166.25",
          "locality": "private"
        }
      },
      "Private": null
    },
    {
      "Timestamp": "2018-08-26T20:30:41.013545202Z",
      "Meta": null,
      "Fields": {
        "destination": {
          "ip": "10.20.166.26",
          "locality": "private"
        },
        "device": {
          "ip": "192.0.2.1"
        },
        "event": {
          "created": "2018-05-21T09:25:04Z",
          "duration": 89282000000,
          "end": "2018-05-21T09:25:03.971Z",
          "start": "2018-05-21T09:23:34.689Z",
          "type": "NetFlow V9"
        },
        "flow": {
          "five_tuple": "10.22.166.25:0 - 10.20.166.26:0 TCP",
          "id": "1XCFo-Jv19g",
          "locality": "private",
          "sequence_num": 60342277
        },
        "netflow": {
          "bgpDestinationAsNumber": 0,
          "bgpSourceAsNumber": 0,
          "destinationIPv4Address": "10.20.166.26",
          "destinationIPv4PrefixLength": 24,
          "destinationTransportPort": 0,
          "dstTrafficIndex": 4294967295,
          "egressInterface": 1492,
          "flowDirection": 0,
          "flowEndSysUpTime": 3958284376,
          "flowStartSysUpTime": 3958195094,
          "forwardingStatus": 0,
          "ingressInterface": 2662,
          "ipClassOfService": 0,
          "ipNextHopIPv4Address": "10.20.19.154",
          "ipVersion": 4,
          "ipv4RouterSc": "AAA=",
          "octetDeltaCount": 22821,
          "packetDeltaCount": 30,
          "protocolIdentifier": 6,
          "samplingAlgorithm": 0,
          "samplingInterval": 0,
          "sourceIPv4Address": "10.22.166.25",
          "sourceIPv4PrefixLength": 24,
          "sourceTransportPort": 0,
          "srcTrafficIndex": 0,
          "tcpControlBits": 0,
          "template_id": 3281
        },
        "network": {
          "direction": "inbound",
          "protocol": "TCP",
          "total": {
            "bytes": 22821,
            "packets": 30
          }
        },
        "source": {
          "ip": "10.22.166.25",
          "locality": "private"
        }
      },
      "Private": null
    },
    {
      "Timestamp": "2018-08-26T20:30:41.013545202Z",
      "Meta": null,
      "Fields": {
        "destination": {
          "ip": "10.21.3.117",
          "locality": "private"
        },
        "device": {
          "ip": "192.0.2.1"
        },
        "event": {
          "created": "2018-05-21T09:25:04Z",
          "duration": 90012000000,
          "end": "2018-05-21T09:25:03.95Z",
          "start": "2018-05-21T09:23:33.938Z",
          "type": "NetFlow V9"
        },
        "flow": {
          "five_tuple": "10.22.166.12:0 - 10.21.3.117:0 TCP",
          "id": "DkV-9Meb8W8",
          "locality": "private",
          "sequence_num": 60342277
        },
        "netflow": {
          "bgpDestinationAsNumber": 0,
          "bgpSourceAsNumber": 0,
          "destinationIPv4Address": "10.21.3.117",
          "destinationIPv4PrefixLength": 24,
          "destinationTransportPort": 0,
          "dstTrafficIndex": 4294967295,
          "egressInterface": 494,
          "flowDirection": 0,
          "flowEndSysUpTime": 3958284355,
          "flowStartSysUpTime": 3958194343,
          "forwardingStatus": 0,
          "ingressInterface": 2662,
          "ipClassOfService": 0,
          "ipNextHopIPv4Address": "10.21.7.6",
          "ipVersion": 4,
          "ipv4RouterSc": "AAA=",
          "octetDeltaCount": 526,
          "packetDeltaCount": 2,
          "protocolIdentifier": 6,
          "samplingAlgorithm": 0,
          "samplingInterval": 0,
          "sourceIPv4Address": "10.22.166.12",
          "sourceIPv4PrefixLength": 24,
          "sourceTransportPort": 0,
          "srcTrafficIndex": 0,
          "tcpControlBits": 0,
          "template_id": 3281
        },
        "network": {
          "direction": "inbound",
          "protocol": "TCP",
          "total": {
            "bytes": 526,
            "packets": 2
          }
        },
        "source": {
          "ip": "10.22.166.12",
          "locality": "private"
        }
      },
      "Private": null
    },
    {
      "Timestamp": "2018-08-26T20:30:41.013545202Z",
      "Meta": null,
      "Fields": {
        "destination": {
          "ip": "10.22.145.26",
          "locality": "private"
        },
        "device": {
          "ip": "192.0.2.1"
        },
        "event": {
          "created": "2018-05-21T09:25:04Z",
          "duration": 60005000000,
          "end": "2018-05-21T09:25:03.938Z",
          "start": "2018-05-21T09:24:03.933Z",
          "type": "NetFlow V9"
        },
        "flow": {
          "five_tuple": "10.22.166.17:0 - 10.22.145.26:0 TCP",
          "id": "v1m_MeAqdL4",
          "locality": "private",
          "sequence_num": 60342277
        },
        "netflow": {
          "bgpDestinationAsNumber": 0,
          "bgpSourceAsNumber": 0,
          "destinationIPv4Address": "10.22.145.26",
          "destinationIPv4PrefixLength": 24,
          "destinationTransportPort": 0,
          "dstTrafficIndex": 4294967295,
          "egressInterface": 1349,
          "flowDirection": 0,
          "flowEndSysUpTime": 3958284343,
          "flowStartSysUpTime": 3958224338,
          "forwardingStatus": 0,
          "ingressInterface": 2662,
          "ipClassOfService": 0,
          "ipNextHopIPv4Address": "10.21.25.70",
          "ipVersion": 4,
          "ipv4RouterSc": "AAA=",
          "octetDeltaCount": 33129,
          "packetDeltaCount": 220,
          "protocolIdentifier": 6,
          "samplingAlgorithm": 0,
          "samplingInterval": 0,
          "sourceIPv4Address": "10.22.166.17",
          "sourceIPv4PrefixLength": 24,
          "sourceTransportPort": 0,
          "srcTrafficIndex": 0,
          "tcpControlBits": 0,
          "template_id": 3281
        },
        "network": {
          "direction": "inbound",
          "protocol": "TCP",
          "total": {
            "bytes": 33129,
            "packets": 220
          }
        },
        "source": {
          "ip": "10.22.166.17",
          "locality": "private"
        }
      },
      "Private": null
    },
    {
      "Timestamp": "2018-08-26T20:30:41.013545202Z",
      "Meta": null,
      "Fields": {
        "destination": {
          "ip": "10.21.75.38",
          "locality": "private"
        },
        "device": {
          "ip": "192.0.2.1"
        },
        "event": {
          "created": "2018-05-21T09:25:04Z",
          "duration": 60006000000,
          "end": "2018-05-21T09:25:03.928Z",
          "start": "2018-05-21T09:24:03.922Z",
          "type": "NetFlow V9"
        },
        "flow": {
          "five_tuple": "10.22.166.36:0 - 10.21.75.38:0 TCP",
          "id": "ru0mPvG-tKw",
          "locality": "private",
          "sequence_num": 60342277
        },
        "netflow": {
          "bgpDestinationAsNumber": 0,
          "bgpSourceAsNumber": 0,
          "destinationIPv4Address": "10.21.75.38",
          "destinationIPv4PrefixLength": 24,
          "destinationTransportPort": 0,
          "dstTrafficIndex": 4294967295,
          "egressInterface": 1743,
          "flowDirection": 0,
          "flowEndSysUpTime": 3958284333,
          "flowStartSysUpTime": 3958224327,
          "forwardingStatus": 0,
          "ingressInterface": 2662,
          "ipClassOfService": 0,
          "ipNextHopIPv4Address": "10.21.17.78",
          "ipVersion": 4,
          "ipv4RouterSc": "AAA=",
          "octetDeltaCount": 5092,
          "packetDeltaCount": 9,
          "protocolIdentifier": 6,
          "samplingAlgorithm": 0,
          "samplingInterval": 0,
          "sourceIPv4Address": "10.22.166.36",
          "sourceIPv4PrefixLength": 24,
          "sourceTransportPort": 0,
          "srcTrafficIndex": 0,
          "tcpControlBits": 0,
          "template_id": 3281
        },
        "network": {
          "direction": "inbound",
          "protocol": "TCP",
          "total": {
            "bytes": 5092,
            "packets": 9
          }
        },
        "source": {
          "ip": "10.22.166.36",
          "locality": "private"
        }
      },
      "Private": null
    }
  ]
}