{
  "test_name": "Netflow 9 template with 0 length fields",
  "events": [
    {
      "Timestamp": "2018-08-26T20:30:41.013545202Z",
      "Meta": null,
      "Fields": {
        "destination": {
          "ip": "192.168.1.80",
          "locality": "private"
        },
        "device": {
          "ip": "192.0.2.1"
        },
        "event": {
          "created": "2016-12-23T01:35:31Z",
          "duration": 0,
          "end": "2016-12-23T01:34:48.299Z",
          "start": "2016-12-23T01:34:48.299Z",
          "type": "NetFlow V9"
        },
        "flow": {
          "five_tuple": "239.255.255.250:0 - 192.168.1.80:0 unknown (2)",
          "id": "BSsjrf_TZnk",
          "locality": "public",
          "sequence_num": 100728833
        },
        "netflow": {
          "destinationIPv4Address": "192.168.1.80",
          "destinationIPv4PrefixLength": 32,
          "destinationTransportPort": 0,
          "egressInterface": 2,
          "engineId": 2,
          "flowDirection": 1,
          "flowEndSysUpTime": 4132540,
          "flowStartSysUpTime": 4132540,
          "ingressInterface": 3,
          "octetDeltaCount": 0,
          "packetDeltaCount": 0,
          "postOctetDeltaCount": 0,
          "postPacketDeltaCount": 0,
          "protocolIdentifier": 2,
          "sourceIPv4Address": "239.255.255.250",
          "sourceIPv4PrefixLength": 32,
          "sourceTransportPort": 0,
          "tcpControlBits": 0,
          "template_id": 256
        },
        "network": {
          "direction": "outbound",
          "protocol": "unknown (2)",
          "total": {
            "bytes": 0,
            "packets": 0
          }
        },
        "source": {
          "ip": "239.255.255.250",
          "locality": "public"
        }
      },
      "Private": null
    },
    {
      "Timestamp": "2018-08-26T20:30:41.013545202Z",
      "Meta": null,
      "Fields": {
        "destination": {
          "ip": "239.255.255.250",
          "locality": "public"
        },
        "device": {
          "ip": "192.0.2.1"
        },
        "event": {
          "created": "2016-12-23T01:35:31Z",
          "duration": 0,
          "end": "2016-12-23T01:34:48.299Z",
          "start": "2016-12-23T01:34:48.299Z",
          "type": "NetFlow V9"
        },
        "flow": {
          "five_tuple": "192.168.1.80:0 - 239.255.255.250:0 unknown (2)",
          "id": "R1Sjz_ITbgo",
          "locality": "public",
          "sequence_num": 100728833
        },
        "netflow": {
          "destinationIPv4Address": "239.255.255.250",
          "destinationIPv4PrefixLength": 32,
          "destinationTransportPort": 0,
          "egressInterface": 3,
          "engineId": 1,
          "flowDirection": 1,
          "flowEndSysUpTime": 4132540,
          "flowStartSysUpTime": 4132540,
          "ingressInterface": 2,
          "octetDeltaCount": 0,
          "packetDeltaCount": 0,
          "postOctetDeltaCount": 32,
          "postPacketDeltaCount": 1,
          "protocolIdentifier": 2,
          "sourceIPv4Address": "192.168.1.80",
          "sourceIPv4PrefixLength": 32,
          "sourceTransportPort": 0,
          "tcpControlBits": 0,
          "template_id": 256
        },
        "network": {
          "direction": "outbound",
          "protocol": "unknown (2)",
          "total": {
            "bytes": 0,
            "packets": 0
          }
        },
        "source": {
          "ip": "192.168.1.80",
          "locality": "private"
        }
      },
      "Private": null
    },
    {
      "Timestamp": "2018-08-26T20:30:41.013545202Z",
      "Meta": null,
      "Fields": {
        "destination": {
          "ip": "192.168.1.95",
          "locality": "private"
        },
        "device": {
          "ip": "192.0.2.1"
        },
        "event": {
          "created": "2016-12-23T01:35:31Z",
          "duration": 0,
          "end": "2016-12-23T01:34:51.469Z",
          "start": "2016-12-23T01:34:51.469Z",
          "type": "NetFlow V9"
        },
        "flow": {
          "five_tuple": "239.255.255.250:0 - 192.168.1.95:0 unknown (2)",
          "id": "FpUgB2PIhjQ",
          "locality": "public",
          "sequence_num": 100728833
        },
        "netflow": {
          "destinationIPv4Address": "192.168.1.95",
          "destinationIPv4PrefixLength": 32,
          "destinationTransportPort": 0,
          "egressInterface": 2,
          "engineId": 2,
          "flowDirection": 0,
          "flowEndSysUpTime": 4135710,
          "flowStartSysUpTime": 4135710,
          "ingressInterface": 3,
          "octetDeltaCount": 0,
          "packetDeltaCount": 0,
          "postOctetDeltaCount": 0,
          "postPacketDeltaCount": 0,
          "protocolIdentifier": 2,
          "sourceIPv4Address": "239.255.255.250",
          "sourceIPv4PrefixLength": 32,
          "sourceTransportPort": 0,
          "tcpControlBits": 0,
          "template_id": 256
        },
        "network": {
          "direction": "inbound",
          "protocol": "unknown (2)",
          "total": {
            "bytes": 0,
            "packets": 0
          }
        },
        "source": {
          "ip": "239.255.255.250",
          "locality": "public"
        }
      },
      "Private": null
    },
    {
      "Timestamp": "2018-08-26T20:30:41.013545202Z",
      "Meta": null,
      "Fields": {
        "destination": {
          "ip": "239.255.255.250",
          "locality": "public"
        },
        "device": {
          "ip": "192.0.2.1"
        },
        "event": {
          "created": "2016-12-23T01:35:31Z",
          "duration": 0,
          "end": "2016-12-23T01:34:51.469Z",
          "start": "2016-12-23T01:34:51.469Z",
          "type": "NetFlow V9"
        },
        "flow": {
          "five_tuple": "192.168.1.95:0 - 239.255.255.250:0 unknown (2)",
          "id": "qN8iQExOvkc",
          "locality": "public",
          "sequence_num": 100728833
        },
        "netflow": {
          "destinationIPv4Address": "239.255.255.250",
          "destinationIPv4PrefixLength": 32,
          "destinationTransportPort": 0,
          "egressInterface": 3,
          "engineId": 1,
          "flowDirection": 0,
          "flowEndSysUpTime": 4135710,
          "flowStartSysUpTime": 4135710,
          "ingressInterface": 2,
          "octetDeltaCount": 32,
          "packetDeltaCount": 1,
          "postOctetDeltaCount": 0,
          "postPacketDeltaCount": 0,
          "protocolIdentifier": 2,
          "sourceIPv4Address": "192.168.1.95",
          "sourceIPv4PrefixLength": 32,
          "sourceTransportPort": 0,
          "tcpControlBits": 0,
          "template_id": 256
        },
        "network": {
          "direction": "inbound",
          "protocol": "unknown (2)",
          "total": {
            "bytes": 32,
            "packets": 1
          }
        },
        "source": {
          "ip": "192.168.1.95",
          "locality": "private"
        }
      },
      "Private": null
    },
    {
      "Timestamp": "2018-08-26T20:30:41.013545202Z",
      "Meta": null,
      "Fields": {
        "destination": {
          "ip": "192.168.1.95",
          "locality": "private"
        },
        "device": {
          "ip": "192.0.2.1"
        },
        "event": {
          "created": "2016-12-23T01:35:31Z",
          "duration": 0,
          "end": "2016-12-23T01:34:51.469Z",
          "start": "2016-12-23T01:34:51.469Z",
          "type": "NetFlow V9"
        },
        "flow": {
          "five_tuple": "239.255.255.250:0 - 192.168.1.95:0 unknown (2)",
          "id": "FpUgB2PIhjQ",
          "locality": "public",
          "sequence_num": 100728833
        },
        "netflow": {
          "destinationIPv4Address": "192.168.1.95",
          "destinationIPv4PrefixLength": 32,
          "destinationTransportPort": 0,
          "egressInterface": 2,
          "engineId": 2,
          "flowDirection": 1,
          "flowEndSysUpTime": 4135710,
          "flowStartSysUpTime": 4135710,
          "ingressInterface": 3,
          "octetDeltaCount": 0,
          "packetDeltaCount": 0,
          "postOctetDeltaCount": 0,
          "postPacketDeltaCount": 0,
          "protocolIdentifier": 2,
          "sourceIPv4Address": "239.255.255.250",
          "sourceIPv4PrefixLength": 32,
          "sourceTransportPort": 0,
          "tcpControlBits": 0,
          "template_id": 256
        },
        "network": {
          "direction": "outbound",
          "protocol": "unknown (2)",
          "total": {
            "bytes": 0,
            "packets": 0
          }
        },
        "source": {
          "ip": "239.255.255.250",
          "locality": "public"
        }
      },
      "Private": null
    },
    {
      "Timestamp": "2018-08-26T20:30:41.013545202Z",
      "Meta": null,
      "Fields": {
        "destination": {
          "ip": "239.255.255.250",
          "locality": "public"
        },
        "device": {
          "ip": "192.0.2.1"
        },
        "event": {
          "created": "2016-12-23T01:35:31Z",
          "duration": 0,
          "end": "2016-12-23T01:34:51.469Z",
          "start": "2016-12-23T01:34:51.469Z",
          "type": "NetFlow V9"
        },
        "flow": {
          "five_tuple": "192.168.1.95:0 - 239.255.255.250:0 unknown (2)",
          "id": "qN8iQExOvkc",
          "locality": "public",
          "sequence_num": 100728833
        },
        "netflow": {
          "destinationIPv4Address": "239.255.255.250",
          "destinationIPv4PrefixLength": 32,
          "destinationTransportPort": 0,
          "egressInterface": 3,
          "engineId": 1,
          "flowDirection": 1,
          "flowEndSysUpTime": 4135710,
          "flowStartSysUpTime": 4135710,
          "ingressInterface": 2,
          "octetDeltaCount": 0,
          "packetDeltaCount": 0,
          "postOctetDeltaCount": 32,
          "postPacketDeltaCount": 1,
          "protocolIdentifier": 2,
          "sourceIPv4Address": "192.168.1.95",
          "sourceIPv4PrefixLength": 32,
          "sourceTransportPort": 0,
          "tcpControlBits": 0,
          "template_id": 256
        },
        "network": {
          "direction": "outbound",
          "protocol": "unknown (2)",
          "total": {
            "bytes": 0,
            "packets": 0
          }
        },
        "source": {
          "ip": "192.168.1.95",
          "locality": "private"
        }
      },
      "Private": null
    },
    {
      "Timestamp": "2018-08-26T20:30:41.013545202Z",
      "Meta": null,
      "Fields": {
        "destination": {
          "ip": "192.168.1.33",
          "locality": "private"
        },
        "device": {
          "ip": "192.0.2.1"
        },
        "event": {
          "created": "2016-12-23T01:35:31Z",
          "duration": 0,
          "end": "2016-12-23T01:34:51.569Z",
          "start": "2016-12-23T01:34:51.569Z",
          "type": "NetFlow V9"
        },
        "flow": {
          "five_tuple": "239.255.255.250:0 - 192.168.1.33:0 unknown (2)",
          "id": "WuFpyBG1Gt0",
          "locality": "public",
          "sequence_num": 100728833
        },
        "netflow": {
          "destinationIPv4Address": "192.168.1.33",
          "destinationIPv4PrefixLength": 32,
          "destinationTransportPort": 0,
          "egressInterface": 2,
          "engineId": 2,
          "flowDirection": 0,
          "flowEndSysUpTime": 4135810,
          "flowStartSysUpTime": 4135810,
          "ingressInterface": 3,
          "octetDeltaCount": 0,
          "packetDeltaCount": 0,
          "postOctetDeltaCount": 0,
          "postPacketDeltaCount": 0,
          "protocolIdentifier": 2,
          "sourceIPv4Address": "239.255.255.250",
          "sourceIPv4PrefixLength": 32,
          "sourceTransportPort": 0,
          "tcpControlBits": 0,
          "template_id": 256
        },
        "network": {
          "direction": "inbound",
          "protocol": "unknown (2)",
          "total": {
            "bytes": 0,
            "packets": 0
          }
        },
        "source": {
          "ip": "239.255.255.250",
          "locality": "public"
        }
      },
      "Private": null
    },
    {
      "Timestamp": "2018-08-26T20:30:41.013545202Z",
      "Meta": null,
      "Fields": {
        "destination": {
          "ip": "239.255.255.250",
          "locality": "public"
        },
        "device": {
          "ip": "192.0.2.1"
        },
        "event": {
          "created": "2016-12-23T01:35:31Z",
          "duration": 0,
          "end": "2016-12-23T01:34:51.569Z",
          "start": "2016-12-23T01:34:51.569Z",
          "type": "NetFlow V9"
        },
        "flow": {
          "five_tuple": "192.168.1.33:0 - 239.255.255.250:0 unknown (2)",
          "id": "1aysHUs7BpA",
          "locality": "public",
          "sequence_num": 100728833
        },
        "netflow": {
          "destinationIPv4Address": "239.255.255.250",
          "destinationIPv4PrefixLength": 32,
          "destinationTransportPort": 0,
          "egressInterface": 3,
          "engineId": 1,
          "flowDirection": 0,
          "flowEndSysUpTime": 4135810,
          "flowStartSysUpTime": 4135810,
          "ingressInterface": 2,
          "octetDeltaCount": 32,
          "packetDeltaCount": 1,
          "postOctetDeltaCount": 0,
          "postPacketDeltaCount": 0,
          "protocolIdentifier": 2,
          "sourceIPv4Address": "192.168.1.33",
          "sourceIPv4PrefixLength": 32,
          "sourceTransportPort": 0,
          "tcpControlBits": 0,
          "template_id": 256
        },
        "network": {
          "direction": "inbound",
          "protocol": "unknown (2)",
          "total": {
            "bytes": 32,
            "packets": 1
          }
        },
        "source": {
          "ip": "192.168.1.33",
          "locality": "private"
        }
      },
      "Private": null
    },
    {
      "Timestamp": "2018-08-26T20:30:41.013545202Z",
      "Meta": null,
      "Fields": {
        "destination": {
          "ip": "192.168.1.33",
          "locality": "private"
        },
        "device": {
          "ip": "192.0.2.1"
        },
        "event": {
          "created": "2016-12-23T01:35:31Z",
          "duration": 0,
          "end": "2016-12-23T01:34:51.569Z",
          "start": "2016-12-23T01:34:51.569Z",
          "type": "NetFlow V9"
        },
        "flow": {
          "five_tuple": "239.255.255.250:0 - 192.168.1.33:0 unknown (2)",
          "id": "WuFpyBG1Gt0",
          "locality": "public",
          "sequence_num": 100728833
        },
        "netflow": {
          "destinationIPv4Address": "192.168.1.33",
          "destinationIPv4PrefixLength": 32,
          "destinationTransportPort": 0,
          "egressInterface": 2,
          "engineId": 2,
          "flowDirection": 1,
          "flowEndSysUpTime": 4135810,
          "flowStartSysUpTime": 4135810,
          "ingressInterface": 3,
          "octetDeltaCount": 0,
          "packetDeltaCount": 0,
          "postOctetDeltaCount": 0,
          "postPacketDeltaCount": 0,
          "protocolIdentifier": 2,
          "sourceIPv4Address": "239.255.255.250",
          "sourceIPv4PrefixLength": 32,
          "sourceTransportPort": 0,
          "tcpControlBits": 0,
          "template_id": 256
        },
        "network": {
          "direction": "outbound",
          "protocol": "unknown (2)",
          "total": {
            "bytes": 0,
            "packets": 0
          }
        },
        "source": {
          "ip": "239.255.255.250",
          "locality": "public"
        }
      },
      "Private": null
    },
    {
      "Timestamp": "2018-08-26T20:30:41.013545202Z",
      "Meta": null,
      "Fields": {
        "destination": {
          "ip": "239.255.255.250",
          "locality": "public"
        },
        "device": {
          "ip": "192.0.2.1"
        },
        "event": {
          "created": "2016-12-23T01:35:31Z",
          "duration": 0,
          "end": "2016-12-23T01:34:51.569Z",
          "start": "2016-12-23T01:34:51.569Z",
          "type": "NetFlow V9"
        },
        "flow": {
          "five_tuple": "192.168.1.33:0 - 239.255.255.250:0 unknown (2)",
          "id": "1aysHUs7BpA",
          "locality": "public",
          "sequence_num": 100728833
        },
        "netflow": {
          "destinationIPv4Address": "239.255.255.250",
          "destinationIPv4PrefixLength": 32,
          "destinationTransportPort": 0,
          "egressInterface": 3,
          "engineId": 1,
          "flowDirection": 1,
          "flowEndSysUpTime": 4135810,
          "flowStartSysUpTime": 4135810,
          "ingressInterface": 2,
          "octetDeltaCount": 0,
          "packetDeltaCount": 0,
          "postOctetDeltaCount": 32,
          "postPacketDeltaCount": 1,
          "protocolIdentifier": 2,
          "sourceIPv4Address": "192.168.1.33",
          "sourceIPv4PrefixLength": 32,
          "sourceTransportPort": 0,
          "tcpControlBits": 0,
          "template_id": 256
        },
        "network": {
          "direction": "outbound",
          "protocol": "unknown (2)",
          "total": {
            "bytes": 0,
            "packets": 0
          }
        },
        "source": {
          "ip": "192.168.1.33",
          "locality": "private"
        }
      },
      "Private": null
    }
  ]
}